// Vitest Snapshot v1, https://vitest.dev/guide/snapshot.html

exports[`should return all modules > should return all modules 1`] = `
Set {
  Dependency {
    "id": "7cc131b2-7dcd-478d-8e97-a5b719ebb1c2",
    "name": "cac",
    "pid": [
      "64e7e6bd-da16-4464-8611-232588310345",
      "a32b94c7-11a5-4a35-93b4-66afe4a568a4",
      "412a6e8c-197a-4209-b8e6-c6ead155de16",
      "911d3fd2-b0a3-4129-a406-5d7e3276f14a",
      "6f379e94-1b2b-40ad-a3ae-3c4bd091793a",
      "08731ef2-8a17-4540-a6c3-1fd0a21ad133",
      "c0ac33df-4007-4877-8cd6-231f627e26f7",
      "6bab13b0-6632-46e2-a37b-4fa21cc4bed0",
      "fa997f97-1f2b-4eb8-b0b4-722a1c20e2a3",
      "7ceac34a-d826-4aeb-855e-bf2f9499ecf7",
      "1949a1b4-42a9-4518-929c-ec29615e86cf",
      "6dc112f8-e772-46d3-be47-45e1ddc9f750",
      "a321e30a-b512-46ae-b73a-7e05ca38f57a",
      "af2de6d8-7b8e-4db8-bc57-84960dd59e7c",
      "41818fbc-49b5-4e1c-99d8-27f9170d09aa",
      "a9b51d29-c053-44e6-baab-137a6c56c7d0",
      "284cc93b-31b0-45c4-a744-78b7217cd968",
      "444f0ef0-2d9f-4164-91df-9109ab2048dc",
      "3b7259ba-3b7b-4b5d-876e-c53c335601d1",
      "65b541c7-6b7c-4079-a693-fc84ba2ba89f",
      "d1c766c5-2d90-472e-9f61-bbb18a70dc49",
      "c8c52249-957e-4005-90dc-1fe562c86216",
      "09d22998-a7a3-4de4-aa54-535499db1fb2",
      "aa78b393-4114-4c97-877c-42e20f3a86f6",
      "8937cd97-2081-4ef9-8b7f-38eced9d9024",
    ],
    "version": "^6.7.14",
  },
  Dependency {
    "id": "dff9fafd-4537-4ad0-9644-2a4f1273ff4e",
    "name": "fs-extra",
    "pid": [
      "68d62548-3f34-402b-b6b9-29c568f4dd64",
      "119d4d1d-8db3-4f39-ba46-7442d4989572",
      "37b798ac-ffa2-4e3b-b27a-07678ef0d256",
      "6c2c56fa-6273-4e42-b5a8-165f0780a3e2",
      "e03b1b5c-b1a0-4b9a-9e3e-9fb3daea2a09",
      "f28cc624-2572-4d8a-a5c1-112c9ac02392",
      "0d1f2f5e-d96d-49b2-b70f-752b8f769fc3",
      "801f21b4-0408-4bde-bcca-6c2066ccf1e9",
      "bf12ed14-5baf-4d45-be7e-085d821b858b",
      "1e539a72-2e40-4c53-8599-1e74abed6a08",
      "cb809a85-4963-45ec-ad30-cfb65c299de7",
    ],
    "version": "^11.1.1",
  },
  Dependency {
    "id": "82915c02-1f07-4684-9de5-d7d5f0eb6e2e",
    "name": "react",
    "pid": [
      "978ec28e-2e04-4d9d-8760-d2034bf9025c",
    ],
    "version": "^18.2.0",
  },
  Dependency {
    "id": "54ab2778-f63d-4813-b73a-c0d79cff81ee",
    "name": "react-dom",
    "pid": [
      "35d58917-2386-4230-a4c2-c893b1ed0d2b",
    ],
    "version": "^18.2.0",
  },
  Dependency {
    "id": "af010d6d-433b-4a01-ba78-c2f39f84d5ff",
    "name": "uuid",
    "pid": [
      "70fc93b0-23a9-4868-8b31-c99d77ffd3a9",
      "4ef07ce3-1470-4782-a121-98779de3f569",
      "b5cb52c4-3352-45c0-9ea0-a5089d4cef5e",
      "d8e01376-cf69-4b62-a8f8-1e65ad4dc22d",
      "379c49eb-4ab9-4ed6-a035-8668f0957cdd",
      "d74450e5-b7e6-4edf-bbb5-63c127c94a46",
      "04054fec-1abc-489a-a409-86b7451b1018",
      "e40807e7-7dfa-4271-b80e-569290010115",
      "6f7b0f5c-6dbc-4a5e-94bc-76f02287b310",
      "705e8616-9913-4880-9097-23b53b70f8b7",
      "07af0fa1-c6d4-4372-9c3e-200458dcfa4c",
      "01eb95cb-ed6b-478d-82e5-52bb3a65cbfe",
      "eb9df234-7cd9-486c-b5c6-de4781ae8472",
      "7f262768-e631-42f6-ba13-a61f88b8badd",
      "056abfb7-37d7-4a6a-8a2f-b9bab80f9e00",
      "7fb7648a-20fb-4a47-a6f3-628f507fb1a2",
      "ae2fdc43-a201-4f6a-a668-994d0169f552",
      "2b2ca23e-2c65-4eec-83d3-0526c0c0b43e",
      "6ea51d4c-01ec-4192-b297-2e2539a4e352",
      "68f7552a-1de1-4425-90a6-4b657b69786d",
      "52a0f2f1-0e3c-4755-9141-f8700ac7e8bc",
      "cf66d25d-f8f5-4594-bdd1-ab9c9861c222",
      "06ce3e04-9965-4e88-89d9-495cd1bc093d",
    ],
    "version": "^9.0.0",
  },
  Dependency {
    "id": "98c524cb-6b65-46b2-af4d-c7a935d00e2b",
    "name": "@typescript-eslint/eslint-plugin",
    "pid": [
      "46a92dff-5d05-4333-a2b5-175a56d90e9a",
      "d418c234-f8b4-4de1-94b6-7bb1699349c7",
      "0cafd2ea-6dca-42de-bf66-32019470e298",
      "61b9b16c-96bb-4918-99c0-199ed765365f",
      "05d8fa29-b57f-4826-9b95-f1f500676bd9",
      "21c6142d-9c47-4133-933a-4f3ccf55b85a",
      "36cb4559-5c3f-48f2-b558-595df132a978",
      "c9ce3bb8-405e-432f-9c62-f18a045eeb80",
      "73d3dc23-349e-465d-884d-aa7d7dbe28b9",
      "f4d1cf73-d35d-4dc6-887c-6e3fc3269c59",
      "8d313a1e-e593-40c3-8407-1a189de11fcc",
      "4cb2c86f-61d8-4178-8646-93a37aff494e",
      "b6946b3c-79ad-4721-b4dc-7c70c45131a5",
      "a0d6c9dd-d87b-4efc-b6eb-f27a5fcc785b",
      "d392515e-ee48-467b-8e7c-223cf86407b7",
      "443d294c-1b1b-42da-aef1-3a47645afa0b",
      "dfe1fcab-3fef-4dfe-aefb-77f927a46f61",
      "c95a7fe0-3133-4490-9eaa-9c75289ec869",
      "a39ec094-19df-458c-b543-f735f68bc611",
      "d7b3f995-2429-4d75-9ecb-e8648af7a0e8",
      "e6c7632e-1efd-4057-96a1-c15d2d94ccfd",
      "e1069677-fe07-4a6c-a5a8-95c66298af55",
      "0a69a076-11df-4b93-8ea2-97c7e86933de",
      "342aab71-8f07-4553-8014-6810b08e90ae",
    ],
    "version": "^6.0.0",
  },
  Dependency {
    "id": "ceb59806-9c4a-47aa-9d96-d9324c384500",
    "name": "@typescript-eslint/parser",
    "pid": [
      "5d36ba8b-6521-4ae8-8caa-9512125d4005",
      "2cef02b4-1de6-44ca-aab2-892d0d57afbd",
      "3f012d22-aeca-4765-8deb-2f1d80cb920b",
    ],
    "version": "^6.0.0",
  },
  Dependency {
    "id": "db010758-5537-4ed0-a6b6-1f26ea35e843",
    "name": "@vitejs/plugin-react",
    "pid": [
      "d782e514-ad8f-4c01-944c-cca73d73a6c0",
      "afa77c87-3200-4902-b0f6-7922724ad346",
      "aed77a03-ff29-4075-b635-1474f3907d14",
      "f8f53f2d-a580-4ca2-a8c7-409ddc6778a5",
    ],
    "version": "^4.0.3",
  },
  Dependency {
    "id": "130c63f7-f71c-4336-9a10-feff00a71b9c",
    "name": "eslint",
    "pid": [
      "66c1637f-9e34-41b4-832c-f6a1119006ed",
      "1edc3e60-cbb2-4ba5-80c4-55598ed0a0be",
      "7f501e00-ff1b-4d4d-832b-cbdde89253ea",
      "d55c5f0c-fad5-4ef5-b487-1b257dded527",
      "f6a81c00-bccc-4657-9afb-6d856f140d3f",
      "8f445f53-da6f-4f71-b977-af0d79b1baa7",
      "9fc95535-2535-428c-a07d-7a3f8085aa3d",
      "eccab869-9db7-4cc0-98cc-219dc9cc20b9",
      "d0bfafe3-f508-4a4c-930d-4bb04a641faa",
      "4ad01951-f309-414e-b7f8-05b3027880ef",
      "ae49c15f-312c-4395-8e00-8297dd9b59cf",
      "cdfdc12e-25f1-49ba-8f9e-8c3885442257",
      "81d04c0d-8e66-4c97-92ae-e80e7eaa6b46",
      "620d8a83-1a20-4994-9b10-fa82aea3cca4",
      "3d57b610-8a64-4c3c-8422-e00accf23284",
      "92e47a66-a8be-4288-a392-54408778681c",
      "4b8df53f-61c9-40bd-9c49-6ed50be81975",
      "77b93340-4ee5-4516-879a-0c7f88b16a05",
      "c371569c-f9af-4e1e-a1a6-c8e82395e388",
      "785f8ea7-e0cb-4397-92bc-68d61be5863e",
      "39727d35-8202-4d01-bb2c-af78624ec27c",
      "9859a729-3e6c-46be-bb62-7ee1fae5e474",
      "83e526e8-dc48-4d6a-92f4-8af64024efbc",
      "e7f5b747-ca5a-47db-8ac5-65bc06578b9f",
      "a1b152b3-3ea2-47c9-ab35-08352745e3d7",
      "779da7ee-3b9a-4651-8466-a35ab916d5e5",
      "a5bc3cc1-cf08-4701-903c-1fbf87edc899",
      "f17663b3-fcc2-4c4c-b22a-46c075988f6b",
      "73767da8-d03d-4e03-ae4f-b81d675dc6f2",
      "2f08d860-4c7d-41e2-9d7d-202952d9575b",
      "6741c53b-a2fe-4261-aca3-2c1fedf757da",
      "946b19a1-2d45-4361-825b-353bbd700d1d",
      "0e158d5b-60c7-4201-a128-97e7e105a8c1",
      "5f342dcc-24a5-47bf-b99c-107905be033f",
      "6a46e846-199b-4859-b8ed-347b3b4ca068",
      "a36192c2-a255-4640-a1cf-80ed25d2ed1c",
      "5657a9c0-174a-4b9d-a9d8-b287a4d37e9b",
      "aa4fef25-c389-46a8-9ead-123ec0f060e4",
      "01c31329-0671-4028-89cc-1b27d987a8db",
      "11795e5a-0a32-477b-a8f5-a1526fea77fd",
      "bb55a3d3-bcc7-4a7b-b40e-2b9046542b00",
      "c504d688-e906-4a78-b7c9-19131d10fa1a",
      "b06d1d88-d75e-4a13-8e00-3d75beb78f6a",
      "b9726050-c047-426b-81a4-c27fa29d02b7",
      "269ea744-752f-4027-9f5a-ba866f09f11a",
      "8b5b5347-cbd7-45cf-a1ff-8fcf129f5187",
      "e540fdde-d0d5-4eec-abf1-1c3190b20048",
      "7d3c874d-7de1-4801-b266-b3dfaf308403",
      "0256c2d6-7976-4e34-86a6-f291b0bd787c",
      "90ab1523-d443-42de-9519-8c01551a44aa",
      "b2da98ab-49ce-461e-a985-3b00e0408712",
      "6d5aee47-1436-42ef-92ff-dd18dcc68d6d",
      "19fbd29d-d472-410a-9c06-07c6fc799f48",
      "5d4acded-e619-40f1-82ee-28382ec7c156",
      "d7dd6ae0-da8f-4aa3-bfae-20290e7370fa",
      "135e1393-70a9-4e15-8ae9-ebad736645dc",
      "70ac5c3b-8217-4efd-8d08-240e5c27a3e0",
      "f27fb149-8d93-4b1b-920e-506fa21525ce",
      "b359493d-9288-4b35-9911-927063fcbe85",
      "5e5c6775-432f-438b-be66-74bcce33ea37",
      "d98b3cf0-9e9c-4aa2-bec1-50caa84e9c92",
      "a752f0f3-723f-44f5-a767-9d2d9bd4ac18",
      "2f92bbb7-e196-4f54-b108-3fe49e4f8b9e",
      "2792da6d-c32c-4d69-b927-f9b3d8f710f5",
      "affaf7d6-a807-4a0e-9317-908561f599f1",
      "0eff8c50-8c04-4668-9555-d2e89bcbe573",
      "e59f0f1b-8488-4f91-b87e-1cbbae275619",
      "3352a344-7dee-4af4-91e6-ee8be3fd0b19",
      "950f6a22-0e3a-47d3-868e-82c803f6c626",
      "ce867b0b-69b8-4ae7-a932-18d8007b5810",
      "268c6151-c8ab-4e82-87a3-987fa8e50902",
      "eeff2130-1a17-4980-8b31-1787d25b732c",
      "146e8dd1-301e-45aa-a099-5c84c448037d",
      "eafa8a85-6188-4f38-b884-be06537a42f8",
      "e380c887-7689-4340-9787-c6fdf00aff73",
      "0968f285-bd59-48d9-bc13-9e57a4fda004",
      "95d9e16a-35dd-4352-a4f4-8964cc4595d9",
      "625f0247-1b10-4ec6-a9dc-df7d1f06f5cb",
      "4bfcc812-e5bf-4334-8597-c3b9b6347704",
      "259a7a1c-4486-4722-93b6-5b215572f30d",
      "7905c261-d668-4065-bdc6-92cc6abab3b8",
      "c788255d-9b03-4e2a-bba9-df8c87aa32af",
      "6fdf37a7-25ab-4ea2-a4a4-bb15561d387a",
      "93c87daa-3121-4053-93eb-fae0c415a9c7",
      "486c046c-5af1-4ff9-89c8-1be5ec757dfe",
      "2f7ba0b7-60a8-402a-b60e-56e2812accf1",
      "25c7365f-83d5-4355-baf0-179f9ab7bf1f",
      "48e9aed2-374a-4cc6-8ab5-50f6ba042850",
      "515ce5fe-96f3-48f4-9112-14036b03b047",
      "52a663eb-397c-4843-9aa8-c7ce12921e8f",
      "c637ea22-c966-4f85-a5ee-801963d63944",
      "261a51df-2303-4193-b3d9-d4cf833ddc6a",
    ],
    "version": "^8.45.0",
  },
  Dependency {
    "id": "dd42c5d2-a4a5-483c-b676-87ffa2325f74",
    "name": "eslint-plugin-react-hooks",
    "pid": [
      "dc6dc55d-3ec9-4721-9f0a-fe44279531e1",
      "edc16a42-d2ab-42bf-bbca-4fd2d629beb0",
      "87f93369-a354-45d8-81ff-98d5292bfc8a",
      "0c5308e4-1664-42b4-9f8c-81ea6964b777",
    ],
    "version": "^4.6.0",
  },
  Dependency {
    "id": "a037cb78-46f5-492e-9470-e1237f31fd51",
    "name": "eslint-plugin-react-refresh",
    "pid": [],
    "version": "^0.4.3",
  },
  Dependency {
    "id": "ed86f292-e0ea-4acf-bde9-1a74e42d1277",
    "name": "husky",
    "pid": [
      "95eb7ab5-7212-4b86-a672-130c8a1d54d9",
      "7207a08c-3f7d-429c-bb8d-f5e3c9f316a8",
      "b5b3c362-335b-4690-a4a7-31abd9e3aed9",
      "370215d6-0c57-405b-80d6-6771669b2776",
      "dd852a2d-7c7f-458c-b66a-a006a4c105ea",
      "f4fd0091-9f02-47cc-8569-fff379860c2e",
    ],
    "version": "^8.0.3",
  },
  Dependency {
    "id": "ae9f2572-cd9e-4b33-8e9e-8a235fd2fe7a",
    "name": "jsdom",
    "pid": [
      "b211468a-821f-4d9c-87b6-e53443286028",
      "1f1cb016-1a74-4b0c-a8e1-86f943698f6a",
      "b917480e-7f8a-487b-ac98-3fdf97e65afb",
      "ccbf929b-0f3d-4148-8c60-37131c7d2610",
      "1928f4ae-bcc8-465e-8986-06cad11c6f5e",
      "ea7418fb-86a9-49a1-9030-ec37ed1e3c74",
      "723f5218-d704-449b-a54b-9d122697e204",
      "a57f7943-1e8b-4c2b-83d6-c50f6f2145b1",
      "89e8079f-cef0-4bdd-9796-b76a769657db",
      "ba6692c2-a274-4ae8-9f2e-271e1e96c41f",
      "fb0e582f-821a-424a-9c4a-a13d4c239707",
      "ff8f4e4b-fdd8-4a50-881f-fc605d2336a9",
      "4b0d518a-6dc2-466e-b89a-4cbd3a7f83e8",
      "8af513b7-1d5e-4b71-be58-c159d4f85512",
      "ca85fb65-bfd3-4875-b545-8376e90050c8",
      "7c0d6944-9cc3-458f-b39a-8e99c4f667e3",
      "578d0350-e951-47a6-ba06-3aca56332d43",
      "4c83af3e-9ac0-4e13-898f-0b980682aacb",
      "1e978aaa-5698-4778-a25d-9d033941a212",
      "145400b4-c445-4383-b27e-b7ee3b034c08",
      "12b345e7-b0d1-4810-b21a-da4ab7a04318",
      "26bc6948-2a0a-48c2-bd1e-cd40068521cd",
      "11498526-451d-4ce4-9649-5d7025c25526",
      "b20a080e-2805-4a91-8e34-5e91add5afd5",
      "40af4a18-fe38-4012-bbaf-c9c78d40570c",
      "f4e6c5a5-018b-4835-a946-43e1bbe05c3c",
      "e6b118bc-4ba7-410e-ac6f-b9d79a354943",
      "df140d09-27c7-4959-a511-45dc73454733",
      "120b7189-a806-4ef0-9587-aaeaf3ea4508",
      "b888236c-b1d5-4ade-bee1-f8c221ef4e19",
      "b9ee4368-946a-4870-ad02-8202d6f51917",
      "4c90362a-ffe9-406f-ba8a-730fb295933c",
      "91678817-a8da-4a5e-b2b7-5adb62aae4ae",
      "db77a62b-d5da-4606-a73c-9b02473f5cf3",
      "6471d2ea-30fd-4e9e-9be2-c10225a6beec",
      "2ad0d7fe-6ee1-48a1-8eb7-c1062a39b7e2",
    ],
    "version": "^22.1.0",
  },
  Dependency {
    "id": "c3023ea2-3cb2-455c-b064-083a5946ce0b",
    "name": "opn",
    "pid": [
      "fca97dd3-9fd4-489e-acca-2b9e4f644fa5",
      "3d29eaf0-876a-4663-a62a-d8500e8e3789",
      "ce4b7062-840c-456c-8402-9d54190c7cf8",
    ],
    "version": "^6.0.0",
  },
  Dependency {
    "id": "e7a07d4b-b588-41c4-b6f7-d3a25e979d51",
    "name": "path",
    "pid": [
      "92ce98d0-dea0-4fef-9c9c-191e905f2b19",
      "06507e1a-9b7f-4b2e-840e-54f61e60a5a1",
    ],
    "version": "^0.12.7",
  },
  Dependency {
    "id": "2aaf9234-3e1a-40ac-8ed0-9bc6b02f5050",
    "name": "typescript",
    "pid": [
      "a154ef82-1c39-4784-9ec9-27aa1c8b7566",
      "6341068f-4d50-443d-af4e-b784ef1d89f3",
      "b14bf576-5582-4242-852e-42019ac68441",
      "f3fda3d0-121c-45f8-8d0c-d451b9e02b5e",
      "c942bb71-9751-4278-82c9-5e36ed076cd7",
      "90ff9796-f92c-4c9d-9a5a-ce53c44e24a2",
      "9a299b94-73f6-4661-9a76-ecc539e14656",
      "6036210a-13e1-4020-98ec-2cce2bbb3273",
      "bbc12839-5282-431a-9834-8e3e8e2dd443",
      "27538b15-6cbc-490b-b572-17a5b05e8c04",
      "e233dda5-706a-42b1-b715-89c205cfa89f",
      "95b0e320-6c12-4991-804c-b55a5e4a5917",
      "c0a31a9b-72b2-43ba-b783-3d2546c96171",
      "9f3fd791-67ab-4487-9b08-84dc31750cd5",
      "ca616323-a2fd-4b24-94ed-ec7e26386fbe",
      "e62a2eaa-2dc7-4716-b22e-c0159bfd8f03",
      "0b61f5fe-33ca-41ac-a40f-557fe41af194",
      "6ce778f6-1880-49c1-b62c-bb744e4170b0",
      "6222a899-5609-4e2c-a229-4be0e04023aa",
      "f5b916ca-163e-476c-9a46-b40ca6919dbd",
      "6ffd3245-4a25-4f41-a11a-b6f30e870e38",
      "044dbc6f-25d7-42c1-b22c-3cb4a393fb5e",
      "1a3433f8-21aa-4d51-9dab-ebe83d11f694",
      "17d77279-2599-496e-83df-efc92e7df354",
      "ed15cfba-8e32-468f-885b-49c3f55132dc",
      "1bacb618-d325-400d-867d-561e5c6642d7",
      "0a1e3ea1-5c4c-44dd-baa7-3f0a3c091985",
      "f8acd5dc-fb86-4975-872b-fe5d9ff47822",
      "0a2b643e-3d23-46de-b19b-02cb91d5e081",
    ],
    "version": "^5.0.2",
  },
  Dependency {
    "id": "44621cab-8228-4895-a3a8-b229985c789f",
    "name": "vite",
    "pid": [
      "e13b3ba3-d828-4d1b-907e-fc45a2083de9",
      "d80de4a8-dbb1-4283-b3e6-89d8c225d8ab",
      "51678dc6-08ed-4cea-ba51-86dd410a4581",
      "60d98eef-cf74-4836-a5e1-aa3e7eef7d38",
      "325817dc-fbbe-40d9-bb1a-04593db19b3d",
      "b6584535-68e7-4edd-ae86-1d31f22b7e64",
      "73f4b068-3594-4029-a822-86fcfa1765a3",
      "ab28af0c-cfc3-4276-997f-f30aad3a8891",
      "59a07881-fbf2-4253-9952-2432adaeaf4f",
      "4f27556a-38a1-4e34-a763-ae7f37f4a285",
      "0712945a-5e1c-4b08-9cb3-3edec9d876cd",
      "08d46c08-2af9-4ed2-b87f-4028696b0b43",
      "76a52ed6-fa05-45e3-9b9b-b9ddaa32af6d",
      "1d2acaad-5c26-40c7-84a0-8036a68af8d3",
      "635ed7d9-7160-41c1-a3a0-b2b0399ad573",
      "ec709f1d-68e4-428a-ad5e-c4ded49bf9c7",
      "35649494-09fa-451e-b86e-256ce6c44b3c",
      "8359014d-dd0a-4979-968b-1f94e2a6330b",
      "3ec5ce4e-0b58-4b84-85a1-1c5ea68031c3",
      "5fccfe9b-0a1a-4667-b8cf-52553f0a8b45",
      "5989fc84-b9c6-4ba3-be8f-d8fedffbe5da",
      "de52c44a-bbb7-403e-aab8-0bd109e74e41",
      "4b486eea-97e3-4b4b-9cf2-2772d3486731",
      "1e860e53-3dab-485d-973f-9ab19a66668e",
      "bdde669a-de3f-483a-87ff-bc3f14a07eb3",
      "bfc66086-a93e-4ad0-90f2-6c53c358ce72",
      "39789e99-3bb6-4bb6-a54c-c638c4f43366",
      "ee073c83-53bb-4ba4-a1d3-d14fea509e00",
      "ecbcec39-7391-47f1-8e94-d26ae4201f75",
      "c87527aa-003d-4c5d-929b-cebbff7aad2f",
      "69d40260-b3d3-4719-88f5-0921b0a4bf6e",
      "48097089-4962-43dd-93f8-35750379e778",
      "b499e01d-a6c9-4cc2-8c34-b90b1653074a",
      "b889a2ce-4703-4d43-bf67-0726bfe092de",
      "36543dbe-ebe1-4907-b67f-896f0904ecf6",
      "8231d780-a954-4db6-bac8-3b6bd3bf293f",
      "dc146510-f6c8-4ce5-803e-ad4dde86602e",
      "9ef9b6b6-f573-4f2d-8dd1-5608f0e754dc",
      "8cab1628-7a2e-4137-8630-14ac4adc66de",
      "3ae2d6a7-4c58-4672-b281-4d69a9227aaf",
      "5249e621-63d1-45a8-82b8-df85d6a835d5",
      "ce7278d9-3753-475e-9f8d-5bd5b96a2a69",
      "2a679d19-4328-45bc-88f1-af0aecdebde0",
      "7ac92880-cae4-4dc3-8be7-6c44c5816636",
      "84188d95-75f9-488b-839d-7413f250c715",
      "ec58c6df-1eb7-498a-80cc-57403e4d1f51",
      "b7f90c20-617a-45db-a4f2-e8223b08d45c",
      "39bf15fa-b6b4-4564-848c-d045f44fbcd7",
      "3fac5335-3954-4911-bbc3-07cf550fb933",
      "c7aa3d24-8708-43b8-a2f9-6930fd21270d",
      "8d4c2b4f-11b2-42d1-870e-0ce5262007ba",
      "cab395d2-69cd-4512-8d4f-8db2860a9fdc",
      "89eb6471-4458-4cef-a656-777454fd57eb",
      "10705e6f-4268-4575-8e59-2071d7358583",
      "e6620d39-f311-464c-98fa-9adb7a24825f",
    ],
    "version": "^4.4.5",
  },
  Dependency {
    "id": "a9683d89-17e9-4b86-a120-9e071d7ab56c",
    "name": "vitest",
    "pid": [
      "68a717ee-d52d-43cb-a809-176cc6e1428d",
      "e5cc3093-c5ad-4c68-a4ed-54f058ea1dfc",
      "2edb4479-c2e1-42ab-950f-0299ff21379c",
      "0834df79-43c4-44e7-8a35-5914e3952bc7",
      "c8dcf8fc-7c0c-4f62-bdd9-8775d67df20f",
      "a81416e8-efbe-48a3-894b-b461bf857687",
      "256fe5b0-c735-473a-a7f4-ee2529ecd620",
      "d8a0abbc-5f2a-4cad-8fe0-ae9e7f46cd23",
      "d96f4295-55e3-4067-b020-c646e550a4cb",
      "16fdd420-c1e8-44e7-b073-3345b5f7fc19",
      "3477b779-3502-40b9-bdd6-d8cbba43e9ff",
      "291f512f-ad78-4ae4-8039-788fab926227",
      "a02d7f6f-e907-4051-b73c-af4bc6afc0a4",
      "3be21cb6-2642-4579-9bfb-56e72d3a428e",
      "f82e5f8a-44bb-44b3-92b1-347e779cc46e",
      "e6e735fa-8ec6-482a-9b55-353f852298cb",
      "d2f62624-893d-4c32-bbdb-1d6ac2cb2c33",
      "f7ae8e3d-2682-487d-9f2c-ec1bb1d7cd15",
      "45bd6235-51f3-4004-be4d-5bc2659dc2be",
      "4467ad30-5532-4f0d-8c9b-bd495aee3056",
      "664f162a-3756-46b2-a628-1c108b344cd5",
      "fd4342ef-e05f-4ed1-b986-1cb1d2858683",
      "cf92f2c7-b7cf-4f94-a1f7-1fcdeb669691",
      "a4dc6742-27e7-4a1f-ba59-48f3b6be55d6",
      "0e91f57e-2a57-4baa-818a-75548aecaff6",
      "2fdcad19-5769-431a-bb11-2a421a1a256b",
      "7328e557-dead-47bb-ad02-3e9dab3e58f7",
      "02efec86-8561-4c07-9c40-c22d8f68dbce",
      "02971fb7-3ad1-4283-ad4f-f2ad21230c13",
      "5a9948fb-8d02-4bd2-bb4b-7f3cca8adf42",
      "abef77ba-0d8d-4a48-82ae-936920936dac",
      "0cc1bb4f-e490-48a6-92dd-8452750bd7cc",
      "4d071137-793e-48b1-a4f1-4477d61e74dd",
      "5f1bfe91-a16a-4ad8-ba4d-51b0e5265f80",
      "bcece3ae-4141-4e10-abbb-a41befcb7722",
      "3a85d25a-0548-47a1-adc4-f031abf59ad7",
    ],
    "version": "^0.34.1",
  },
  Dependency {
    "id": "64e7e6bd-da16-4464-8611-232588310345",
    "name": "@babel/core",
    "pid": [],
    "version": "^7.12.10",
  },
  Dependency {
    "id": "a32b94c7-11a5-4a35-93b4-66afe4a568a4",
    "name": "@babel/plugin-syntax-typescript",
    "pid": [],
    "version": "^7.12.1",
  },
  Dependency {
    "id": "412a6e8c-197a-4209-b8e6-c6ead155de16",
    "name": "@rollup/plugin-commonjs",
    "pid": [],
    "version": "^17.0.0",
  },
  Dependency {
    "id": "911d3fd2-b0a3-4129-a406-5d7e3276f14a",
    "name": "@rollup/plugin-node-resolve",
    "pid": [],
    "version": "^11.0.0",
  },
  Dependency {
    "id": "6f379e94-1b2b-40ad-a3ae-3c4bd091793a",
    "name": "cz-conventional-changelog",
    "pid": [],
    "version": "^2.1.0",
  },
  Dependency {
    "id": "08731ef2-8a17-4540-a6c3-1fd0a21ad133",
    "name": "esbuild",
    "pid": [],
    "version": "^0.8.21",
  },
  Dependency {
    "id": "c0ac33df-4007-4877-8cd6-231f627e26f7",
    "name": "eslint-config-rem",
    "pid": [],
    "version": "^3.0.0",
  },
  Dependency {
    "id": "6bab13b0-6632-46e2-a37b-4fa21cc4bed0",
    "name": "execa",
    "pid": [],
    "version": "^5.0.0",
  },
  Dependency {
    "id": "fa997f97-1f2b-4eb8-b0b4-722a1c20e2a3",
    "name": "fs-extra",
    "pid": [],
    "version": "^9.0.1",
  },
  Dependency {
    "id": "7ceac34a-d826-4aeb-855e-bf2f9499ecf7",
    "name": "globby",
    "pid": [],
    "version": "^11.0.1",
  },
  Dependency {
    "id": "1949a1b4-42a9-4518-929c-ec29615e86cf",
    "name": "husky",
    "pid": [],
    "version": "^1.2.0",
  },
  Dependency {
    "id": "6dc112f8-e772-46d3-be47-45e1ddc9f750",
    "name": "jest",
    "pid": [],
    "version": "^24.9.0",
  },
  Dependency {
    "id": "a321e30a-b512-46ae-b73a-7e05ca38f57a",
    "name": "lint-staged",
    "pid": [],
    "version": "^8.1.0",
  },
  Dependency {
    "id": "af2de6d8-7b8e-4db8-bc57-84960dd59e7c",
    "name": "markdown-toc",
    "pid": [],
    "version": "^1.2.0",
  },
  Dependency {
    "id": "41818fbc-49b5-4e1c-99d8-27f9170d09aa",
    "name": "mri",
    "pid": [],
    "version": "^1.1.6",
  },
  Dependency {
    "id": "a9b51d29-c053-44e6-baab-137a6c56c7d0",
    "name": "prettier",
    "pid": [],
    "version": "^2.2.1",
  },
  Dependency {
    "id": "284cc93b-31b0-45c4-a744-78b7217cd968",
    "name": "rollup",
    "pid": [],
    "version": "^2.34.2",
  },
  Dependency {
    "id": "444f0ef0-2d9f-4164-91df-9109ab2048dc",
    "name": "rollup-plugin-dts",
    "pid": [],
    "version": "^2.0.1",
  },
  Dependency {
    "id": "3b7259ba-3b7b-4b5d-876e-c53c335601d1",
    "name": "rollup-plugin-esbuild",
    "pid": [],
    "version": "^2.6.1",
  },
  Dependency {
    "id": "65b541c7-6b7c-4079-a693-fc84ba2ba89f",
    "name": "semantic-release",
    "pid": [],
    "version": "^17.3.0",
  },
  Dependency {
    "id": "d1c766c5-2d90-472e-9f61-bbb18a70dc49",
    "name": "sucrase",
    "pid": [],
    "version": "^3.16.0",
  },
  Dependency {
    "id": "c8c52249-957e-4005-90dc-1fe562c86216",
    "name": "ts-jest",
    "pid": [],
    "version": "^26.4.4",
  },
  Dependency {
    "id": "09d22998-a7a3-4de4-aa54-535499db1fb2",
    "name": "ts-node",
    "pid": [],
    "version": "^9.1.1",
  },
  Dependency {
    "id": "aa78b393-4114-4c97-877c-42e20f3a86f6",
    "name": "typedoc",
    "pid": [],
    "version": "^0.19.2",
  },
  Dependency {
    "id": "8937cd97-2081-4ef9-8b7f-38eced9d9024",
    "name": "typescript",
    "pid": [],
    "version": "^4.1.2",
  },
  Dependency {
    "id": "68d62548-3f34-402b-b6b9-29c568f4dd64",
    "name": "graceful-fs",
    "pid": [],
    "version": "^4.2.0",
  },
  Dependency {
    "id": "119d4d1d-8db3-4f39-ba46-7442d4989572",
    "name": "jsonfile",
    "pid": [],
    "version": "^6.0.1",
  },
  Dependency {
    "id": "37b798ac-ffa2-4e3b-b27a-07678ef0d256",
    "name": "universalify",
    "pid": [],
    "version": "^2.0.0",
  },
  Dependency {
    "id": "6c2c56fa-6273-4e42-b5a8-165f0780a3e2",
    "name": "klaw",
    "pid": [],
    "version": "^2.1.1",
  },
  Dependency {
    "id": "e03b1b5c-b1a0-4b9a-9e3e-9fb3daea2a09",
    "name": "klaw-sync",
    "pid": [],
    "version": "^3.0.2",
  },
  Dependency {
    "id": "f28cc624-2572-4d8a-a5c1-112c9ac02392",
    "name": "minimist",
    "pid": [],
    "version": "^1.1.1",
  },
  Dependency {
    "id": "0d1f2f5e-d96d-49b2-b70f-752b8f769fc3",
    "name": "mocha",
    "pid": [],
    "version": "^10.1.0",
  },
  Dependency {
    "id": "801f21b4-0408-4bde-bcca-6c2066ccf1e9",
    "name": "nyc",
    "pid": [],
    "version": "^15.0.0",
  },
  Dependency {
    "id": "bf12ed14-5baf-4d45-be7e-085d821b858b",
    "name": "proxyquire",
    "pid": [],
    "version": "^2.0.1",
  },
  Dependency {
    "id": "1e539a72-2e40-4c53-8599-1e74abed6a08",
    "name": "read-dir-files",
    "pid": [],
    "version": "^0.1.1",
  },
  Dependency {
    "id": "cb809a85-4963-45ec-ad30-cfb65c299de7",
    "name": "standard",
    "pid": [],
    "version": "^17.0.0",
  },
  Dependency {
    "id": "978ec28e-2e04-4d9d-8760-d2034bf9025c",
    "name": "loose-envify",
    "pid": [],
    "version": "^1.1.0",
  },
  Dependency {
    "id": "2e41a546-4b3a-4012-8a70-fd9e0e1b52c0",
    "name": "loose-envify",
    "pid": [],
    "version": "^1.1.0",
  },
  Dependency {
    "id": "35d58917-2386-4230-a4c2-c893b1ed0d2b",
    "name": "scheduler",
    "pid": [],
    "version": "^0.23.0",
  },
  Dependency {
    "id": "70fc93b0-23a9-4868-8b31-c99d77ffd3a9",
    "name": "@babel/cli",
    "pid": [],
    "version": "7.18.10",
  },
  Dependency {
    "id": "4ef07ce3-1470-4782-a121-98779de3f569",
    "name": "@babel/core",
    "pid": [],
    "version": "7.18.10",
  },
  Dependency {
    "id": "b5cb52c4-3352-45c0-9ea0-a5089d4cef5e",
    "name": "@babel/eslint-parser",
    "pid": [],
    "version": "7.18.9",
  },
  Dependency {
    "id": "d8e01376-cf69-4b62-a8f8-1e65ad4dc22d",
    "name": "@babel/preset-env",
    "pid": [],
    "version": "7.18.10",
  },
  Dependency {
    "id": "379c49eb-4ab9-4ed6-a035-8668f0957cdd",
    "name": "@commitlint/cli",
    "pid": [],
    "version": "17.0.3",
  },
  Dependency {
    "id": "d74450e5-b7e6-4edf-bbb5-63c127c94a46",
    "name": "@commitlint/config-conventional",
    "pid": [],
    "version": "17.0.3",
  },
  Dependency {
    "id": "04054fec-1abc-489a-a409-86b7451b1018",
    "name": "bundlewatch",
    "pid": [],
    "version": "0.3.3",
  },
  Dependency {
    "id": "e40807e7-7dfa-4271-b80e-569290010115",
    "name": "eslint",
    "pid": [],
    "version": "8.21.0",
  },
  Dependency {
    "id": "6f7b0f5c-6dbc-4a5e-94bc-76f02287b310",
    "name": "eslint-config-prettier",
    "pid": [],
    "version": "8.5.0",
  },
  Dependency {
    "id": "705e8616-9913-4880-9097-23b53b70f8b7",
    "name": "eslint-config-standard",
    "pid": [],
    "version": "17.0.0",
  },
  Dependency {
    "id": "07af0fa1-c6d4-4372-9c3e-200458dcfa4c",
    "name": "eslint-plugin-import",
    "pid": [],
    "version": "2.26.0",
  },
  Dependency {
    "id": "01eb95cb-ed6b-478d-82e5-52bb3a65cbfe",
    "name": "eslint-plugin-node",
    "pid": [],
    "version": "11.1.0",
  },
  Dependency {
    "id": "eb9df234-7cd9-486c-b5c6-de4781ae8472",
    "name": "eslint-plugin-prettier",
    "pid": [],
    "version": "4.2.1",
  },
  Dependency {
    "id": "7f262768-e631-42f6-ba13-a61f88b8badd",
    "name": "eslint-plugin-promise",
    "pid": [],
    "version": "6.0.0",
  },
  Dependency {
    "id": "056abfb7-37d7-4a6a-8a2f-b9bab80f9e00",
    "name": "husky",
    "pid": [],
    "version": "8.0.1",
  },
  Dependency {
    "id": "7fb7648a-20fb-4a47-a6f3-628f507fb1a2",
    "name": "jest",
    "pid": [],
    "version": "28.1.3",
  },
  Dependency {
    "id": "ae2fdc43-a201-4f6a-a668-994d0169f552",
    "name": "lint-staged",
    "pid": [],
    "version": "13.0.3",
  },
  Dependency {
    "id": "2b2ca23e-2c65-4eec-83d3-0526c0c0b43e",
    "name": "npm-run-all",
    "pid": [],
    "version": "4.1.5",
  },
  Dependency {
    "id": "6ea51d4c-01ec-4192-b297-2e2539a4e352",
    "name": "optional-dev-dependency",
    "pid": [],
    "version": "2.0.1",
  },
  Dependency {
    "id": "68f7552a-1de1-4425-90a6-4b657b69786d",
    "name": "prettier",
    "pid": [],
    "version": "2.7.1",
  },
  Dependency {
    "id": "52a0f2f1-0e3c-4755-9141-f8700ac7e8bc",
    "name": "random-seed",
    "pid": [],
    "version": "0.3.0",
  },
  Dependency {
    "id": "cf66d25d-f8f5-4594-bdd1-ab9c9861c222",
    "name": "runmd",
    "pid": [],
    "version": "1.3.6",
  },
  Dependency {
    "id": "06ce3e04-9965-4e88-89d9-495cd1bc093d",
    "name": "standard-version",
    "pid": [],
    "version": "9.5.0",
  },
  Dependency {
    "id": "46a92dff-5d05-4333-a2b5-175a56d90e9a",
    "name": "@eslint-community/regexpp",
    "pid": [],
    "version": "^4.5.0",
  },
  Dependency {
    "id": "d418c234-f8b4-4de1-94b6-7bb1699349c7",
    "name": "@typescript-eslint/scope-manager",
    "pid": [],
    "version": "6.0.0",
  },
  Dependency {
    "id": "0cafd2ea-6dca-42de-bf66-32019470e298",
    "name": "@typescript-eslint/type-utils",
    "pid": [],
    "version": "6.0.0",
  },
  Dependency {
    "id": "61b9b16c-96bb-4918-99c0-199ed765365f",
    "name": "@typescript-eslint/utils",
    "pid": [],
    "version": "6.0.0",
  },
  Dependency {
    "id": "05d8fa29-b57f-4826-9b95-f1f500676bd9",
    "name": "@typescript-eslint/visitor-keys",
    "pid": [],
    "version": "6.0.0",
  },
  Dependency {
    "id": "21c6142d-9c47-4133-933a-4f3ccf55b85a",
    "name": "debug",
    "pid": [],
    "version": "^4.3.4",
  },
  Dependency {
    "id": "36cb4559-5c3f-48f2-b558-595df132a978",
    "name": "grapheme-splitter",
    "pid": [],
    "version": "^1.0.4",
  },
  Dependency {
    "id": "c9ce3bb8-405e-432f-9c62-f18a045eeb80",
    "name": "graphemer",
    "pid": [],
    "version": "^1.4.0",
  },
  Dependency {
    "id": "73d3dc23-349e-465d-884d-aa7d7dbe28b9",
    "name": "ignore",
    "pid": [],
    "version": "^5.2.4",
  },
  Dependency {
    "id": "f4d1cf73-d35d-4dc6-887c-6e3fc3269c59",
    "name": "natural-compare",
    "pid": [],
    "version": "^1.4.0",
  },
  Dependency {
    "id": "8d313a1e-e593-40c3-8407-1a189de11fcc",
    "name": "natural-compare-lite",
    "pid": [],
    "version": "^1.4.0",
  },
  Dependency {
    "id": "4cb2c86f-61d8-4178-8646-93a37aff494e",
    "name": "semver",
    "pid": [],
    "version": "^7.5.0",
  },
  Dependency {
    "id": "b6946b3c-79ad-4721-b4dc-7c70c45131a5",
    "name": "ts-api-utils",
    "pid": [],
    "version": "^1.0.1",
  },
  Dependency {
    "id": "a0d6c9dd-d87b-4efc-b6eb-f27a5fcc785b",
    "name": "@typescript-eslint/rule-schema-to-typescript-types",
    "pid": [],
    "version": "6.0.0",
  },
  Dependency {
    "id": "d392515e-ee48-467b-8e7c-223cf86407b7",
    "name": "@typescript-eslint/rule-tester",
    "pid": [],
    "version": "6.0.0",
  },
  Dependency {
    "id": "443d294c-1b1b-42da-aef1-3a47645afa0b",
    "name": "chalk",
    "pid": [],
    "version": "^5.0.1",
  },
  Dependency {
    "id": "dfe1fcab-3fef-4dfe-aefb-77f927a46f61",
    "name": "cross-fetch",
    "pid": [],
    "version": "*",
  },
  Dependency {
    "id": "c95a7fe0-3133-4490-9eaa-9c75289ec869",
    "name": "jest-specific-snapshot",
    "pid": [],
    "version": "*",
  },
  Dependency {
    "id": "a39ec094-19df-458c-b543-f735f68bc611",
    "name": "json-schema",
    "pid": [],
    "version": "*",
  },
  Dependency {
    "id": "d7b3f995-2429-4d75-9ecb-e8648af7a0e8",
    "name": "markdown-table",
    "pid": [],
    "version": "^3.0.3",
  },
  Dependency {
    "id": "e6c7632e-1efd-4057-96a1-c15d2d94ccfd",
    "name": "marked",
    "pid": [],
    "version": "^4.3.0",
  },
  Dependency {
    "id": "e1069677-fe07-4a6c-a5a8-95c66298af55",
    "name": "prettier",
    "pid": [],
    "version": "*",
  },
  Dependency {
    "id": "0a69a076-11df-4b93-8ea2-97c7e86933de",
    "name": "title-case",
    "pid": [],
    "version": "^3.0.3",
  },
  Dependency {
    "id": "342aab71-8f07-4553-8014-6810b08e90ae",
    "name": "typescript",
    "pid": [],
    "version": "*",
  },
  Dependency {
    "id": "cd535e71-f2d7-4cda-a348-2b83ab876d1f",
    "name": "@typescript-eslint/scope-manager",
    "pid": [],
    "version": "6.0.0",
  },
  Dependency {
    "id": "5d36ba8b-6521-4ae8-8caa-9512125d4005",
    "name": "@typescript-eslint/types",
    "pid": [],
    "version": "6.0.0",
  },
  Dependency {
    "id": "2cef02b4-1de6-44ca-aab2-892d0d57afbd",
    "name": "@typescript-eslint/typescript-estree",
    "pid": [],
    "version": "6.0.0",
  },
  Dependency {
    "id": "f6e13246-4d16-4913-a298-9117e02d705e",
    "name": "@typescript-eslint/visitor-keys",
    "pid": [],
    "version": "6.0.0",
  },
  Dependency {
    "id": "0f295906-0fd3-46e4-b330-680044eada2b",
    "name": "debug",
    "pid": [],
    "version": "^4.3.4",
  },
  Dependency {
    "id": "3f012d22-aeca-4765-8deb-2f1d80cb920b",
    "name": "glob",
    "pid": [],
    "version": "*",
  },
  Dependency {
    "id": "ba525eeb-16be-45f7-b7ba-d58b3d1bbe20",
    "name": "typescript",
    "pid": [],
    "version": "*",
  },
  Dependency {
    "id": "d782e514-ad8f-4c01-944c-cca73d73a6c0",
    "name": "@babel/core",
    "pid": [],
    "version": "^7.22.5",
  },
  Dependency {
    "id": "afa77c87-3200-4902-b0f6-7922724ad346",
    "name": "@babel/plugin-transform-react-jsx-self",
    "pid": [],
    "version": "^7.22.5",
  },
  Dependency {
    "id": "aed77a03-ff29-4075-b635-1474f3907d14",
    "name": "@babel/plugin-transform-react-jsx-source",
    "pid": [],
    "version": "^7.22.5",
  },
  Dependency {
    "id": "f8f53f2d-a580-4ca2-a8c7-409ddc6778a5",
    "name": "react-refresh",
    "pid": [],
    "version": "^0.14.0",
  },
  Dependency {
    "id": "66c1637f-9e34-41b4-832c-f6a1119006ed",
    "name": "@eslint-community/eslint-utils",
    "pid": [],
    "version": "^4.2.0",
  },
  Dependency {
    "id": "1edc3e60-cbb2-4ba5-80c4-55598ed0a0be",
    "name": "@eslint-community/regexpp",
    "pid": [],
    "version": "^4.4.0",
  },
  Dependency {
    "id": "7f501e00-ff1b-4d4d-832b-cbdde89253ea",
    "name": "@eslint/eslintrc",
    "pid": [],
    "version": "^2.1.0",
  },
  Dependency {
    "id": "d55c5f0c-fad5-4ef5-b487-1b257dded527",
    "name": "@eslint/js",
    "pid": [],
    "version": "8.44.0",
  },
  Dependency {
    "id": "f6a81c00-bccc-4657-9afb-6d856f140d3f",
    "name": "@humanwhocodes/config-array",
    "pid": [],
    "version": "^0.11.10",
  },
  Dependency {
    "id": "8f445f53-da6f-4f71-b977-af0d79b1baa7",
    "name": "@humanwhocodes/module-importer",
    "pid": [],
    "version": "^1.0.1",
  },
  Dependency {
    "id": "9fc95535-2535-428c-a07d-7a3f8085aa3d",
    "name": "@nodelib/fs.walk",
    "pid": [],
    "version": "^1.2.8",
  },
  Dependency {
    "id": "eccab869-9db7-4cc0-98cc-219dc9cc20b9",
    "name": "ajv",
    "pid": [],
    "version": "^6.10.0",
  },
  Dependency {
    "id": "d0bfafe3-f508-4a4c-930d-4bb04a641faa",
    "name": "chalk",
    "pid": [],
    "version": "^4.0.0",
  },
  Dependency {
    "id": "4ad01951-f309-414e-b7f8-05b3027880ef",
    "name": "cross-spawn",
    "pid": [],
    "version": "^7.0.2",
  },
  Dependency {
    "id": "ae49c15f-312c-4395-8e00-8297dd9b59cf",
    "name": "debug",
    "pid": [],
    "version": "^4.3.2",
  },
  Dependency {
    "id": "cdfdc12e-25f1-49ba-8f9e-8c3885442257",
    "name": "doctrine",
    "pid": [],
    "version": "^3.0.0",
  },
  Dependency {
    "id": "81d04c0d-8e66-4c97-92ae-e80e7eaa6b46",
    "name": "escape-string-regexp",
    "pid": [],
    "version": "^4.0.0",
  },
  Dependency {
    "id": "620d8a83-1a20-4994-9b10-fa82aea3cca4",
    "name": "eslint-scope",
    "pid": [],
    "version": "^7.2.0",
  },
  Dependency {
    "id": "3d57b610-8a64-4c3c-8422-e00accf23284",
    "name": "eslint-visitor-keys",
    "pid": [],
    "version": "^3.4.1",
  },
  Dependency {
    "id": "92e47a66-a8be-4288-a392-54408778681c",
    "name": "espree",
    "pid": [],
    "version": "^9.6.0",
  },
  Dependency {
    "id": "4b8df53f-61c9-40bd-9c49-6ed50be81975",
    "name": "esquery",
    "pid": [],
    "version": "^1.4.2",
  },
  Dependency {
    "id": "77b93340-4ee5-4516-879a-0c7f88b16a05",
    "name": "esutils",
    "pid": [],
    "version": "^2.0.2",
  },
  Dependency {
    "id": "c371569c-f9af-4e1e-a1a6-c8e82395e388",
    "name": "fast-deep-equal",
    "pid": [],
    "version": "^3.1.3",
  },
  Dependency {
    "id": "785f8ea7-e0cb-4397-92bc-68d61be5863e",
    "name": "file-entry-cache",
    "pid": [],
    "version": "^6.0.1",
  },
  Dependency {
    "id": "39727d35-8202-4d01-bb2c-af78624ec27c",
    "name": "find-up",
    "pid": [],
    "version": "^5.0.0",
  },
  Dependency {
    "id": "9859a729-3e6c-46be-bb62-7ee1fae5e474",
    "name": "glob-parent",
    "pid": [],
    "version": "^6.0.2",
  },
  Dependency {
    "id": "83e526e8-dc48-4d6a-92f4-8af64024efbc",
    "name": "globals",
    "pid": [],
    "version": "^13.19.0",
  },
  Dependency {
    "id": "2b8628b9-e078-4c56-9a83-44615bf53ac9",
    "name": "graphemer",
    "pid": [],
    "version": "^1.4.0",
  },
  Dependency {
    "id": "e7f5b747-ca5a-47db-8ac5-65bc06578b9f",
    "name": "ignore",
    "pid": [],
    "version": "^5.2.0",
  },
  Dependency {
    "id": "a1b152b3-3ea2-47c9-ab35-08352745e3d7",
    "name": "imurmurhash",
    "pid": [],
    "version": "^0.1.4",
  },
  Dependency {
    "id": "779da7ee-3b9a-4651-8466-a35ab916d5e5",
    "name": "is-glob",
    "pid": [],
    "version": "^4.0.0",
  },
  Dependency {
    "id": "a5bc3cc1-cf08-4701-903c-1fbf87edc899",
    "name": "is-path-inside",
    "pid": [],
    "version": "^3.0.3",
  },
  Dependency {
    "id": "f17663b3-fcc2-4c4c-b22a-46c075988f6b",
    "name": "js-yaml",
    "pid": [],
    "version": "^4.1.0",
  },
  Dependency {
    "id": "73767da8-d03d-4e03-ae4f-b81d675dc6f2",
    "name": "json-stable-stringify-without-jsonify",
    "pid": [],
    "version": "^1.0.1",
  },
  Dependency {
    "id": "2f08d860-4c7d-41e2-9d7d-202952d9575b",
    "name": "levn",
    "pid": [],
    "version": "^0.4.1",
  },
  Dependency {
    "id": "6741c53b-a2fe-4261-aca3-2c1fedf757da",
    "name": "lodash.merge",
    "pid": [],
    "version": "^4.6.2",
  },
  Dependency {
    "id": "946b19a1-2d45-4361-825b-353bbd700d1d",
    "name": "minimatch",
    "pid": [],
    "version": "^3.1.2",
  },
  Dependency {
    "id": "aeeedf99-8c84-4239-b7ef-6dc77e2dfab2",
    "name": "natural-compare",
    "pid": [],
    "version": "^1.4.0",
  },
  Dependency {
    "id": "0e158d5b-60c7-4201-a128-97e7e105a8c1",
    "name": "optionator",
    "pid": [],
    "version": "^0.9.3",
  },
  Dependency {
    "id": "5f342dcc-24a5-47bf-b99c-107905be033f",
    "name": "strip-ansi",
    "pid": [],
    "version": "^6.0.1",
  },
  Dependency {
    "id": "6a46e846-199b-4859-b8ed-347b3b4ca068",
    "name": "text-table",
    "pid": [],
    "version": "^0.2.0",
  },
  Dependency {
    "id": "a36192c2-a255-4640-a1cf-80ed25d2ed1c",
    "name": "@babel/core",
    "pid": [],
    "version": "^7.4.3",
  },
  Dependency {
    "id": "5657a9c0-174a-4b9d-a9d8-b287a4d37e9b",
    "name": "@babel/preset-env",
    "pid": [],
    "version": "^7.4.3",
  },
  Dependency {
    "id": "aa4fef25-c389-46a8-9ead-123ec0f060e4",
    "name": "babel-loader",
    "pid": [],
    "version": "^8.0.5",
  },
  Dependency {
    "id": "01c31329-0671-4028-89cc-1b27d987a8db",
    "name": "c8",
    "pid": [],
    "version": "^7.12.0",
  },
  Dependency {
    "id": "11795e5a-0a32-477b-a8f5-a1526fea77fd",
    "name": "chai",
    "pid": [],
    "version": "^4.0.1",
  },
  Dependency {
    "id": "bb55a3d3-bcc7-4a7b-b40e-2b9046542b00",
    "name": "cheerio",
    "pid": [],
    "version": "^0.22.0",
  },
  Dependency {
    "id": "c504d688-e906-4a78-b7c9-19131d10fa1a",
    "name": "common-tags",
    "pid": [],
    "version": "^1.8.0",
  },
  Dependency {
    "id": "b06d1d88-d75e-4a13-8e00-3d75beb78f6a",
    "name": "core-js",
    "pid": [],
    "version": "^3.1.3",
  },
  Dependency {
    "id": "b9726050-c047-426b-81a4-c27fa29d02b7",
    "name": "ejs",
    "pid": [],
    "version": "^3.0.2",
  },
  Dependency {
    "id": "269ea744-752f-4027-9f5a-ba866f09f11a",
    "name": "eslint",
    "pid": [],
    "version": "file:.",
  },
  Dependency {
    "id": "8b5b5347-cbd7-45cf-a1ff-8fcf129f5187",
    "name": "eslint-config-eslint",
    "pid": [],
    "version": "file:packages/eslint-config-eslint",
  },
  Dependency {
    "id": "e540fdde-d0d5-4eec-abf1-1c3190b20048",
    "name": "eslint-plugin-eslint-comments",
    "pid": [],
    "version": "^3.2.0",
  },
  Dependency {
    "id": "7d3c874d-7de1-4801-b266-b3dfaf308403",
    "name": "eslint-plugin-eslint-plugin",
    "pid": [],
    "version": "^5.1.0",
  },
  Dependency {
    "id": "0256c2d6-7976-4e34-86a6-f291b0bd787c",
    "name": "eslint-plugin-internal-rules",
    "pid": [],
    "version": "file:tools/internal-rules",
  },
  Dependency {
    "id": "90ab1523-d443-42de-9519-8c01551a44aa",
    "name": "eslint-plugin-jsdoc",
    "pid": [],
    "version": "^46.2.5",
  },
  Dependency {
    "id": "b2da98ab-49ce-461e-a985-3b00e0408712",
    "name": "eslint-plugin-n",
    "pid": [],
    "version": "^16.0.0",
  },
  Dependency {
    "id": "6d5aee47-1436-42ef-92ff-dd18dcc68d6d",
    "name": "eslint-plugin-unicorn",
    "pid": [],
    "version": "^42.0.0",
  },
  Dependency {
    "id": "19fbd29d-d472-410a-9c06-07c6fc799f48",
    "name": "eslint-release",
    "pid": [],
    "version": "^3.2.0",
  },
  Dependency {
    "id": "5d4acded-e619-40f1-82ee-28382ec7c156",
    "name": "eslump",
    "pid": [],
    "version": "^3.0.0",
  },
  Dependency {
    "id": "d7dd6ae0-da8f-4aa3-bfae-20290e7370fa",
    "name": "esprima",
    "pid": [],
    "version": "^4.0.1",
  },
  Dependency {
    "id": "135e1393-70a9-4e15-8ae9-ebad736645dc",
    "name": "fast-glob",
    "pid": [],
    "version": "^3.2.11",
  },
  Dependency {
    "id": "70ac5c3b-8217-4efd-8d08-240e5c27a3e0",
    "name": "fs-teardown",
    "pid": [],
    "version": "^0.1.3",
  },
  Dependency {
    "id": "f27fb149-8d93-4b1b-920e-506fa21525ce",
    "name": "glob",
    "pid": [],
    "version": "^7.1.6",
  },
  Dependency {
    "id": "b359493d-9288-4b35-9911-927063fcbe85",
    "name": "got",
    "pid": [],
    "version": "^11.8.3",
  },
  Dependency {
    "id": "5e5c6775-432f-438b-be66-74bcce33ea37",
    "name": "gray-matter",
    "pid": [],
    "version": "^4.0.3",
  },
  Dependency {
    "id": "d98b3cf0-9e9c-4aa2-bec1-50caa84e9c92",
    "name": "karma",
    "pid": [],
    "version": "^6.1.1",
  },
  Dependency {
    "id": "a752f0f3-723f-44f5-a767-9d2d9bd4ac18",
    "name": "karma-chrome-launcher",
    "pid": [],
    "version": "^3.1.0",
  },
  Dependency {
    "id": "2f92bbb7-e196-4f54-b108-3fe49e4f8b9e",
    "name": "karma-mocha",
    "pid": [],
    "version": "^2.0.1",
  },
  Dependency {
    "id": "2792da6d-c32c-4d69-b927-f9b3d8f710f5",
    "name": "karma-mocha-reporter",
    "pid": [],
    "version": "^2.2.5",
  },
  Dependency {
    "id": "affaf7d6-a807-4a0e-9317-908561f599f1",
    "name": "karma-webpack",
    "pid": [],
    "version": "^5.0.0",
  },
  Dependency {
    "id": "0eff8c50-8c04-4668-9555-d2e89bcbe573",
    "name": "lint-staged",
    "pid": [],
    "version": "^11.0.0",
  },
  Dependency {
    "id": "e59f0f1b-8488-4f91-b87e-1cbbae275619",
    "name": "load-perf",
    "pid": [],
    "version": "^0.2.0",
  },
  Dependency {
    "id": "3352a344-7dee-4af4-91e6-ee8be3fd0b19",
    "name": "markdownlint",
    "pid": [],
    "version": "^0.25.1",
  },
  Dependency {
    "id": "950f6a22-0e3a-47d3-868e-82c803f6c626",
    "name": "markdownlint-cli",
    "pid": [],
    "version": "^0.31.1",
  },
  Dependency {
    "id": "ce867b0b-69b8-4ae7-a932-18d8007b5810",
    "name": "marked",
    "pid": [],
    "version": "^4.0.8",
  },
  Dependency {
    "id": "268c6151-c8ab-4e82-87a3-987fa8e50902",
    "name": "memfs",
    "pid": [],
    "version": "^3.0.1",
  },
  Dependency {
    "id": "eeff2130-1a17-4980-8b31-1787d25b732c",
    "name": "metascraper",
    "pid": [],
    "version": "^5.25.7",
  },
  Dependency {
    "id": "146e8dd1-301e-45aa-a099-5c84c448037d",
    "name": "metascraper-description",
    "pid": [],
    "version": "^5.25.7",
  },
  Dependency {
    "id": "eafa8a85-6188-4f38-b884-be06537a42f8",
    "name": "metascraper-image",
    "pid": [],
    "version": "^5.29.3",
  },
  Dependency {
    "id": "e380c887-7689-4340-9787-c6fdf00aff73",
    "name": "metascraper-logo",
    "pid": [],
    "version": "^5.25.7",
  },
  Dependency {
    "id": "0968f285-bd59-48d9-bc13-9e57a4fda004",
    "name": "metascraper-logo-favicon",
    "pid": [],
    "version": "^5.25.7",
  },
  Dependency {
    "id": "95d9e16a-35dd-4352-a4f4-8964cc4595d9",
    "name": "metascraper-title",
    "pid": [],
    "version": "^5.25.7",
  },
  Dependency {
    "id": "625f0247-1b10-4ec6-a9dc-df7d1f06f5cb",
    "name": "mocha",
    "pid": [],
    "version": "^8.3.2",
  },
  Dependency {
    "id": "4bfcc812-e5bf-4334-8597-c3b9b6347704",
    "name": "mocha-junit-reporter",
    "pid": [],
    "version": "^2.0.0",
  },
  Dependency {
    "id": "259a7a1c-4486-4722-93b6-5b215572f30d",
    "name": "node-polyfill-webpack-plugin",
    "pid": [],
    "version": "^1.0.3",
  },
  Dependency {
    "id": "7905c261-d668-4065-bdc6-92cc6abab3b8",
    "name": "npm-license",
    "pid": [],
    "version": "^0.3.3",
  },
  Dependency {
    "id": "c788255d-9b03-4e2a-bba9-df8c87aa32af",
    "name": "pirates",
    "pid": [],
    "version": "^4.0.5",
  },
  Dependency {
    "id": "6fdf37a7-25ab-4ea2-a4a4-bb15561d387a",
    "name": "progress",
    "pid": [],
    "version": "^2.0.3",
  },
  Dependency {
    "id": "d702cb32-6ba9-418d-bdd6-f2e700dc3b3c",
    "name": "proxyquire",
    "pid": [],
    "version": "^2.0.1",
  },
  Dependency {
    "id": "93c87daa-3121-4053-93eb-fae0c415a9c7",
    "name": "puppeteer",
    "pid": [],
    "version": "^13.7.0",
  },
  Dependency {
    "id": "486c046c-5af1-4ff9-89c8-1be5ec757dfe",
    "name": "recast",
    "pid": [],
    "version": "^0.20.4",
  },
  Dependency {
    "id": "2f7ba0b7-60a8-402a-b60e-56e2812accf1",
    "name": "regenerator-runtime",
    "pid": [],
    "version": "^0.13.2",
  },
  Dependency {
    "id": "25c7365f-83d5-4355-baf0-179f9ab7bf1f",
    "name": "semver",
    "pid": [],
    "version": "^7.5.3",
  },
  Dependency {
    "id": "48e9aed2-374a-4cc6-8ab5-50f6ba042850",
    "name": "shelljs",
    "pid": [],
    "version": "^0.8.2",
  },
  Dependency {
    "id": "515ce5fe-96f3-48f4-9112-14036b03b047",
    "name": "sinon",
    "pid": [],
    "version": "^11.0.0",
  },
  Dependency {
    "id": "52a663eb-397c-4843-9aa8-c7ce12921e8f",
    "name": "webpack",
    "pid": [],
    "version": "^5.23.0",
  },
  Dependency {
    "id": "c637ea22-c966-4f85-a5ee-801963d63944",
    "name": "webpack-cli",
    "pid": [],
    "version": "^4.5.0",
  },
  Dependency {
    "id": "261a51df-2303-4193-b3d9-d4cf833ddc6a",
    "name": "yorkie",
    "pid": [],
    "version": "^2.0.0",
  },
  Dependency {
    "id": "dc6dc55d-3ec9-4721-9f0a-fe44279531e1",
    "name": "@typescript-eslint/parser-v2",
    "pid": [],
    "version": "npm:@typescript-eslint/parser@^2.26.0",
  },
  Dependency {
    "id": "edc16a42-d2ab-42bf-bbca-4fd2d629beb0",
    "name": "@typescript-eslint/parser-v3",
    "pid": [],
    "version": "npm:@typescript-eslint/parser@^3.10.0",
  },
  Dependency {
    "id": "87f93369-a354-45d8-81ff-98d5292bfc8a",
    "name": "@typescript-eslint/parser-v4",
    "pid": [],
    "version": "npm:@typescript-eslint/parser@^4.1.0",
  },
  Dependency {
    "id": "0c5308e4-1664-42b4-9f8c-81ea6964b777",
    "name": "@typescript-eslint/parser-v5",
    "pid": [],
    "version": "npm:@typescript-eslint/parser@^5.0.0-0",
  },
  Dependency {
    "id": "95eb7ab5-7212-4b86-a672-130c8a1d54d9",
    "name": "@commitlint/cli",
    "pid": [],
    "version": "^17.3.0",
  },
  Dependency {
    "id": "7207a08c-3f7d-429c-bb8d-f5e3c9f316a8",
    "name": "@commitlint/config-conventional",
    "pid": [],
    "version": "^17.3.0",
  },
  Dependency {
    "id": "b5b3c362-335b-4690-a4a7-31abd9e3aed9",
    "name": "@tsconfig/node14",
    "pid": [],
    "version": "^1.0.3",
  },
  Dependency {
    "id": "370215d6-0c57-405b-80d6-6771669b2776",
    "name": "@typicode/eslint-config",
    "pid": [],
    "version": "^1.1.0",
  },
  Dependency {
    "id": "dd852a2d-7c7f-458c-b66a-a006a4c105ea",
    "name": "docsify-cli",
    "pid": [],
    "version": "^4.4.4",
  },
  Dependency {
    "id": "f4fd0091-9f02-47cc-8569-fff379860c2e",
    "name": "typescript",
    "pid": [],
    "version": "^4.9.4",
  },
  Dependency {
    "id": "b211468a-821f-4d9c-87b6-e53443286028",
    "name": "abab",
    "pid": [],
    "version": "^2.0.6",
  },
  Dependency {
    "id": "1f1cb016-1a74-4b0c-a8e1-86f943698f6a",
    "name": "cssstyle",
    "pid": [],
    "version": "^3.0.0",
  },
  Dependency {
    "id": "b917480e-7f8a-487b-ac98-3fdf97e65afb",
    "name": "data-urls",
    "pid": [],
    "version": "^4.0.0",
  },
  Dependency {
    "id": "ccbf929b-0f3d-4148-8c60-37131c7d2610",
    "name": "decimal.js",
    "pid": [],
    "version": "^10.4.3",
  },
  Dependency {
    "id": "1928f4ae-bcc8-465e-8986-06cad11c6f5e",
    "name": "domexception",
    "pid": [],
    "version": "^4.0.0",
  },
  Dependency {
    "id": "ea7418fb-86a9-49a1-9030-ec37ed1e3c74",
    "name": "form-data",
    "pid": [],
    "version": "^4.0.0",
  },
  Dependency {
    "id": "723f5218-d704-449b-a54b-9d122697e204",
    "name": "html-encoding-sniffer",
    "pid": [],
    "version": "^3.0.0",
  },
  Dependency {
    "id": "a57f7943-1e8b-4c2b-83d6-c50f6f2145b1",
    "name": "http-proxy-agent",
    "pid": [],
    "version": "^5.0.0",
  },
  Dependency {
    "id": "89e8079f-cef0-4bdd-9796-b76a769657db",
    "name": "https-proxy-agent",
    "pid": [],
    "version": "^5.0.1",
  },
  Dependency {
    "id": "ba6692c2-a274-4ae8-9f2e-271e1e96c41f",
    "name": "is-potential-custom-element-name",
    "pid": [],
    "version": "^1.0.1",
  },
  Dependency {
    "id": "fb0e582f-821a-424a-9c4a-a13d4c239707",
    "name": "nwsapi",
    "pid": [],
    "version": "^2.2.4",
  },
  Dependency {
    "id": "ff8f4e4b-fdd8-4a50-881f-fc605d2336a9",
    "name": "parse5",
    "pid": [],
    "version": "^7.1.2",
  },
  Dependency {
    "id": "4b0d518a-6dc2-466e-b89a-4cbd3a7f83e8",
    "name": "rrweb-cssom",
    "pid": [],
    "version": "^0.6.0",
  },
  Dependency {
    "id": "8af513b7-1d5e-4b71-be58-c159d4f85512",
    "name": "saxes",
    "pid": [],
    "version": "^6.0.0",
  },
  Dependency {
    "id": "ca85fb65-bfd3-4875-b545-8376e90050c8",
    "name": "symbol-tree",
    "pid": [],
    "version": "^3.2.4",
  },
  Dependency {
    "id": "7c0d6944-9cc3-458f-b39a-8e99c4f667e3",
    "name": "tough-cookie",
    "pid": [],
    "version": "^4.1.2",
  },
  Dependency {
    "id": "578d0350-e951-47a6-ba06-3aca56332d43",
    "name": "w3c-xmlserializer",
    "pid": [],
    "version": "^4.0.0",
  },
  Dependency {
    "id": "4c83af3e-9ac0-4e13-898f-0b980682aacb",
    "name": "webidl-conversions",
    "pid": [],
    "version": "^7.0.0",
  },
  Dependency {
    "id": "1e978aaa-5698-4778-a25d-9d033941a212",
    "name": "whatwg-encoding",
    "pid": [],
    "version": "^2.0.0",
  },
  Dependency {
    "id": "145400b4-c445-4383-b27e-b7ee3b034c08",
    "name": "whatwg-mimetype",
    "pid": [],
    "version": "^3.0.0",
  },
  Dependency {
    "id": "12b345e7-b0d1-4810-b21a-da4ab7a04318",
    "name": "whatwg-url",
    "pid": [],
    "version": "^12.0.1",
  },
  Dependency {
    "id": "26bc6948-2a0a-48c2-bd1e-cd40068521cd",
    "name": "ws",
    "pid": [],
    "version": "^8.13.0",
  },
  Dependency {
    "id": "11498526-451d-4ce4-9649-5d7025c25526",
    "name": "xml-name-validator",
    "pid": [],
    "version": "^4.0.0",
  },
  Dependency {
    "id": "b20a080e-2805-4a91-8e34-5e91add5afd5",
    "name": "@domenic/eslint-config",
    "pid": [],
    "version": "^3.0.0",
  },
  Dependency {
    "id": "40af4a18-fe38-4012-bbaf-c9c78d40570c",
    "name": "benchmark",
    "pid": [],
    "version": "^2.1.4",
  },
  Dependency {
    "id": "f4e6c5a5-018b-4835-a946-43e1bbe05c3c",
    "name": "chai",
    "pid": [],
    "version": "^4.3.7",
  },
  Dependency {
    "id": "e6b118bc-4ba7-410e-ac6f-b9d79a354943",
    "name": "eslint",
    "pid": [],
    "version": "^8.39.0",
  },
  Dependency {
    "id": "df140d09-27c7-4959-a511-45dc73454733",
    "name": "eslint-plugin-html",
    "pid": [],
    "version": "^7.1.0",
  },
  Dependency {
    "id": "120b7189-a806-4ef0-9587-aaeaf3ea4508",
    "name": "eslint-plugin-jsdom-internal",
    "pid": [],
    "version": "link:./scripts/eslint-plugin",
  },
  Dependency {
    "id": "4f23b353-007b-45b2-ba31-5413ea80d885",
    "name": "js-yaml",
    "pid": [],
    "version": "^4.1.0",
  },
  Dependency {
    "id": "b888236c-b1d5-4ade-bee1-f8c221ef4e19",
    "name": "minimatch",
    "pid": [],
    "version": "^9.0.0",
  },
  Dependency {
    "id": "b9ee4368-946a-4870-ad02-8202d6f51917",
    "name": "mocha",
    "pid": [],
    "version": "^10.2.0",
  },
  Dependency {
    "id": "4c90362a-ffe9-406f-ba8a-730fb295933c",
    "name": "mocha-sugar-free",
    "pid": [],
    "version": "^1.4.0",
  },
  Dependency {
    "id": "91678817-a8da-4a5e-b2b7-5adb62aae4ae",
    "name": "pngjs",
    "pid": [],
    "version": "^7.0.0",
  },
  Dependency {
    "id": "db77a62b-d5da-4606-a73c-9b02473f5cf3",
    "name": "server-destroy",
    "pid": [],
    "version": "^1.0.1",
  },
  Dependency {
    "id": "6471d2ea-30fd-4e9e-9be2-c10225a6beec",
    "name": "webidl2js",
    "pid": [],
    "version": "^17.1.0",
  },
  Dependency {
    "id": "2ad0d7fe-6ee1-48a1-8eb7-c1062a39b7e2",
    "name": "yargs",
    "pid": [],
    "version": "^17.7.2",
  },
  Dependency {
    "id": "fca97dd3-9fd4-489e-acca-2b9e4f644fa5",
    "name": "is-wsl",
    "pid": [],
    "version": "^1.1.0",
  },
  Dependency {
    "id": "3d29eaf0-876a-4663-a62a-d8500e8e3789",
    "name": "ava",
    "pid": [],
    "version": "^1.4.0",
  },
  Dependency {
    "id": "ce4b7062-840c-456c-8402-9d54190c7cf8",
    "name": "xo",
    "pid": [],
    "version": "^0.24.0",
  },
  Dependency {
    "id": "92ce98d0-dea0-4fef-9c9c-191e905f2b19",
    "name": "process",
    "pid": [],
    "version": "^0.11.1",
  },
  Dependency {
    "id": "06507e1a-9b7f-4b2e-840e-54f61e60a5a1",
    "name": "util",
    "pid": [],
    "version": "^0.10.3",
  },
  Dependency {
    "id": "a154ef82-1c39-4784-9ec9-27aa1c8b7566",
    "name": "@esfx/canceltoken",
    "pid": [],
    "version": "^1.0.0",
  },
  Dependency {
    "id": "6341068f-4d50-443d-af4e-b784ef1d89f3",
    "name": "@octokit/rest",
    "pid": [],
    "version": "latest",
  },
  Dependency {
    "id": "b14bf576-5582-4242-852e-42019ac68441",
    "name": "@typescript-eslint/eslint-plugin",
    "pid": [],
    "version": "^5.33.1",
  },
  Dependency {
    "id": "f3fda3d0-121c-45f8-8d0c-d451b9e02b5e",
    "name": "@typescript-eslint/parser",
    "pid": [],
    "version": "^5.33.1",
  },
  Dependency {
    "id": "c942bb71-9751-4278-82c9-5e36ed076cd7",
    "name": "@typescript-eslint/utils",
    "pid": [],
    "version": "^5.33.1",
  },
  Dependency {
    "id": "90ff9796-f92c-4c9d-9a5a-ce53c44e24a2",
    "name": "azure-devops-node-api",
    "pid": [],
    "version": "^11.2.0",
  },
  Dependency {
    "id": "6cf76561-a167-4e1e-9e03-b87cb8d81365",
    "name": "chai",
    "pid": [],
    "version": "^4.3.7",
  },
  Dependency {
    "id": "9a299b94-73f6-4661-9a76-ecc539e14656",
    "name": "chalk",
    "pid": [],
    "version": "^4.1.2",
  },
  Dependency {
    "id": "6036210a-13e1-4020-98ec-2cce2bbb3273",
    "name": "chokidar",
    "pid": [],
    "version": "^3.5.3",
  },
  Dependency {
    "id": "bbc12839-5282-431a-9834-8e3e8e2dd443",
    "name": "del",
    "pid": [],
    "version": "^6.1.1",
  },
  Dependency {
    "id": "27538b15-6cbc-490b-b572-17a5b05e8c04",
    "name": "diff",
    "pid": [],
    "version": "^5.1.0",
  },
  Dependency {
    "id": "e233dda5-706a-42b1-b715-89c205cfa89f",
    "name": "esbuild",
    "pid": [],
    "version": "^0.17.2",
  },
  Dependency {
    "id": "95b0e320-6c12-4991-804c-b55a5e4a5917",
    "name": "eslint",
    "pid": [],
    "version": "^8.22.0",
  },
  Dependency {
    "id": "c0a31a9b-72b2-43ba-b783-3d2546c96171",
    "name": "eslint-formatter-autolinkable-stylish",
    "pid": [],
    "version": "^1.2.0",
  },
  Dependency {
    "id": "9f3fd791-67ab-4487-9b08-84dc31750cd5",
    "name": "eslint-plugin-import",
    "pid": [],
    "version": "^2.26.0",
  },
  Dependency {
    "id": "ca616323-a2fd-4b24-94ed-ec7e26386fbe",
    "name": "eslint-plugin-local",
    "pid": [],
    "version": "^1.0.0",
  },
  Dependency {
    "id": "e62a2eaa-2dc7-4716-b22e-c0159bfd8f03",
    "name": "eslint-plugin-no-null",
    "pid": [],
    "version": "^1.0.2",
  },
  Dependency {
    "id": "0b61f5fe-33ca-41ac-a40f-557fe41af194",
    "name": "eslint-plugin-simple-import-sort",
    "pid": [],
    "version": "^10.0.0",
  },
  Dependency {
    "id": "6ce778f6-1880-49c1-b62c-bb744e4170b0",
    "name": "fast-xml-parser",
    "pid": [],
    "version": "^4.0.11",
  },
  Dependency {
    "id": "6222a899-5609-4e2c-a229-4be0e04023aa",
    "name": "fs-extra",
    "pid": [],
    "version": "^9.1.0",
  },
  Dependency {
    "id": "f5b916ca-163e-476c-9a46-b40ca6919dbd",
    "name": "glob",
    "pid": [],
    "version": "^8.1.0",
  },
  Dependency {
    "id": "6ffd3245-4a25-4f41-a11a-b6f30e870e38",
    "name": "hereby",
    "pid": [],
    "version": "^1.6.4",
  },
  Dependency {
    "id": "044dbc6f-25d7-42c1-b22c-3cb4a393fb5e",
    "name": "jsonc-parser",
    "pid": [],
    "version": "^3.2.0",
  },
  Dependency {
    "id": "1a3433f8-21aa-4d51-9dab-ebe83d11f694",
    "name": "minimist",
    "pid": [],
    "version": "^1.2.8",
  },
  Dependency {
    "id": "be0f1c9a-42a0-41cb-a9b0-f834dd04aeaa",
    "name": "mocha",
    "pid": [],
    "version": "^10.2.0",
  },
  Dependency {
    "id": "17d77279-2599-496e-83df-efc92e7df354",
    "name": "mocha-fivemat-progress-reporter",
    "pid": [],
    "version": "^0.1.0",
  },
  Dependency {
    "id": "ed15cfba-8e32-468f-885b-49c3f55132dc",
    "name": "ms",
    "pid": [],
    "version": "^2.1.3",
  },
  Dependency {
    "id": "1bacb618-d325-400d-867d-561e5c6642d7",
    "name": "node-fetch",
    "pid": [],
    "version": "^3.2.10",
  },
  Dependency {
    "id": "0a1e3ea1-5c4c-44dd-baa7-3f0a3c091985",
    "name": "source-map-support",
    "pid": [],
    "version": "^0.5.21",
  },
  Dependency {
    "id": "f8acd5dc-fb86-4975-872b-fe5d9ff47822",
    "name": "typescript",
    "pid": [],
    "version": "5.0.0-dev.20230112",
  },
  Dependency {
    "id": "0a2b643e-3d23-46de-b19b-02cb91d5e081",
    "name": "which",
    "pid": [],
    "version": "^2.0.2",
  },
  Dependency {
    "id": "e13b3ba3-d828-4d1b-907e-fc45a2083de9",
    "name": "esbuild",
    "pid": [],
    "version": "^0.18.10",
  },
  Dependency {
    "id": "d80de4a8-dbb1-4283-b3e6-89d8c225d8ab",
    "name": "postcss",
    "pid": [],
    "version": "^8.4.26",
  },
  Dependency {
    "id": "51678dc6-08ed-4cea-ba51-86dd410a4581",
    "name": "rollup",
    "pid": [],
    "version": "^3.25.2",
  },
  Dependency {
    "id": "60d98eef-cf74-4836-a5e1-aa3e7eef7d38",
    "name": "@ampproject/remapping",
    "pid": [],
    "version": "^2.2.1",
  },
  Dependency {
    "id": "325817dc-fbbe-40d9-bb1a-04593db19b3d",
    "name": "@babel/parser",
    "pid": [],
    "version": "^7.22.7",
  },
  Dependency {
    "id": "b6584535-68e7-4edd-ae86-1d31f22b7e64",
    "name": "@babel/types",
    "pid": [],
    "version": "^7.22.5",
  },
  Dependency {
    "id": "73f4b068-3594-4029-a822-86fcfa1765a3",
    "name": "@jridgewell/trace-mapping",
    "pid": [],
    "version": "^0.3.18",
  },
  Dependency {
    "id": "ab28af0c-cfc3-4276-997f-f30aad3a8891",
    "name": "@rollup/plugin-alias",
    "pid": [],
    "version": "^4.0.4",
  },
  Dependency {
    "id": "59a07881-fbf2-4253-9952-2432adaeaf4f",
    "name": "@rollup/plugin-commonjs",
    "pid": [],
    "version": "^25.0.3",
  },
  Dependency {
    "id": "4f27556a-38a1-4e34-a763-ae7f37f4a285",
    "name": "@rollup/plugin-dynamic-import-vars",
    "pid": [],
    "version": "^2.0.4",
  },
  Dependency {
    "id": "0712945a-5e1c-4b08-9cb3-3edec9d876cd",
    "name": "@rollup/plugin-json",
    "pid": [],
    "version": "^6.0.0",
  },
  Dependency {
    "id": "08d46c08-2af9-4ed2-b87f-4028696b0b43",
    "name": "@rollup/plugin-node-resolve",
    "pid": [],
    "version": "15.1.0",
  },
  Dependency {
    "id": "76a52ed6-fa05-45e3-9b9b-b9ddaa32af6d",
    "name": "@rollup/plugin-typescript",
    "pid": [],
    "version": "^11.1.2",
  },
  Dependency {
    "id": "1d2acaad-5c26-40c7-84a0-8036a68af8d3",
    "name": "@rollup/pluginutils",
    "pid": [],
    "version": "^5.0.2",
  },
  Dependency {
    "id": "635ed7d9-7160-41c1-a3a0-b2b0399ad573",
    "name": "acorn",
    "pid": [],
    "version": "^8.10.0",
  },
  Dependency {
    "id": "ec709f1d-68e4-428a-ad5e-c4ded49bf9c7",
    "name": "acorn-walk",
    "pid": [],
    "version": "^8.2.0",
  },
  Dependency {
    "id": "35649494-09fa-451e-b86e-256ce6c44b3c",
    "name": "cac",
    "pid": [],
    "version": "^6.7.14",
  },
  Dependency {
    "id": "bfe55429-62b9-4f60-bb4b-79fe1be84d86",
    "name": "chokidar",
    "pid": [],
    "version": "^3.5.3",
  },
  Dependency {
    "id": "8359014d-dd0a-4979-968b-1f94e2a6330b",
    "name": "connect",
    "pid": [],
    "version": "^3.7.0",
  },
  Dependency {
    "id": "3ec5ce4e-0b58-4b84-85a1-1c5ea68031c3",
    "name": "connect-history-api-fallback",
    "pid": [],
    "version": "^2.0.0",
  },
  Dependency {
    "id": "5fccfe9b-0a1a-4667-b8cf-52553f0a8b45",
    "name": "convert-source-map",
    "pid": [],
    "version": "^2.0.0",
  },
  Dependency {
    "id": "5989fc84-b9c6-4ba3-be8f-d8fedffbe5da",
    "name": "cors",
    "pid": [],
    "version": "^2.8.5",
  },
  Dependency {
    "id": "de52c44a-bbb7-403e-aab8-0bd109e74e41",
    "name": "cross-spawn",
    "pid": [],
    "version": "^7.0.3",
  },
  Dependency {
    "id": "19462585-d2d4-406c-ba4a-b9a407cf449f",
    "name": "debug",
    "pid": [],
    "version": "^4.3.4",
  },
  Dependency {
    "id": "4b486eea-97e3-4b4b-9cf2-2772d3486731",
    "name": "dep-types",
    "pid": [],
    "version": "link:./src/types",
  },
  Dependency {
    "id": "1e860e53-3dab-485d-973f-9ab19a66668e",
    "name": "dotenv",
    "pid": [],
    "version": "^16.3.1",
  },
  Dependency {
    "id": "bdde669a-de3f-483a-87ff-bc3f14a07eb3",
    "name": "dotenv-expand",
    "pid": [],
    "version": "^9.0.0",
  },
  Dependency {
    "id": "bfc66086-a93e-4ad0-90f2-6c53c358ce72",
    "name": "es-module-lexer",
    "pid": [],
    "version": "^1.3.0",
  },
  Dependency {
    "id": "39789e99-3bb6-4bb6-a54c-c638c4f43366",
    "name": "escape-html",
    "pid": [],
    "version": "^1.0.3",
  },
  Dependency {
    "id": "ee073c83-53bb-4ba4-a1d3-d14fea509e00",
    "name": "estree-walker",
    "pid": [],
    "version": "^3.0.3",
  },
  Dependency {
    "id": "ecbcec39-7391-47f1-8e94-d26ae4201f75",
    "name": "etag",
    "pid": [],
    "version": "^1.8.1",
  },
  Dependency {
    "id": "c87527aa-003d-4c5d-929b-cebbff7aad2f",
    "name": "fast-glob",
    "pid": [],
    "version": "^3.3.0",
  },
  Dependency {
    "id": "69d40260-b3d3-4719-88f5-0921b0a4bf6e",
    "name": "http-proxy",
    "pid": [],
    "version": "^1.18.1",
  },
  Dependency {
    "id": "48097089-4962-43dd-93f8-35750379e778",
    "name": "json-stable-stringify",
    "pid": [],
    "version": "^1.0.2",
  },
  Dependency {
    "id": "b499e01d-a6c9-4cc2-8c34-b90b1653074a",
    "name": "launch-editor-middleware",
    "pid": [],
    "version": "^2.6.0",
  },
  Dependency {
    "id": "b889a2ce-4703-4d43-bf67-0726bfe092de",
    "name": "lightningcss",
    "pid": [],
    "version": "^1.21.5",
  },
  Dependency {
    "id": "36543dbe-ebe1-4907-b67f-896f0904ecf6",
    "name": "magic-string",
    "pid": [],
    "version": "^0.30.1",
  },
  Dependency {
    "id": "8231d780-a954-4db6-bac8-3b6bd3bf293f",
    "name": "micromatch",
    "pid": [],
    "version": "^4.0.5",
  },
  Dependency {
    "id": "dc146510-f6c8-4ce5-803e-ad4dde86602e",
    "name": "mlly",
    "pid": [],
    "version": "^1.4.0",
  },
  Dependency {
    "id": "9ef9b6b6-f573-4f2d-8dd1-5608f0e754dc",
    "name": "mrmime",
    "pid": [],
    "version": "^1.0.1",
  },
  Dependency {
    "id": "8cab1628-7a2e-4137-8630-14ac4adc66de",
    "name": "okie",
    "pid": [],
    "version": "^1.0.1",
  },
  Dependency {
    "id": "3ae2d6a7-4c58-4672-b281-4d69a9227aaf",
    "name": "open",
    "pid": [],
    "version": "^8.4.2",
  },
  Dependency {
    "id": "1a055c14-e7a8-407b-889e-3754923e9aed",
    "name": "parse5",
    "pid": [],
    "version": "^7.1.2",
  },
  Dependency {
    "id": "5249e621-63d1-45a8-82b8-df85d6a835d5",
    "name": "periscopic",
    "pid": [],
    "version": "^3.1.0",
  },
  Dependency {
    "id": "ce7278d9-3753-475e-9f8d-5bd5b96a2a69",
    "name": "picocolors",
    "pid": [],
    "version": "^1.0.0",
  },
  Dependency {
    "id": "2a679d19-4328-45bc-88f1-af0aecdebde0",
    "name": "picomatch",
    "pid": [],
    "version": "^2.3.1",
  },
  Dependency {
    "id": "7ac92880-cae4-4dc3-8be7-6c44c5816636",
    "name": "postcss-import",
    "pid": [],
    "version": "^15.1.0",
  },
  Dependency {
    "id": "84188d95-75f9-488b-839d-7413f250c715",
    "name": "postcss-load-config",
    "pid": [],
    "version": "^4.0.1",
  },
  Dependency {
    "id": "ec58c6df-1eb7-498a-80cc-57403e4d1f51",
    "name": "postcss-modules",
    "pid": [],
    "version": "^6.0.0",
  },
  Dependency {
    "id": "b7f90c20-617a-45db-a4f2-e8223b08d45c",
    "name": "resolve.exports",
    "pid": [],
    "version": "^2.0.2",
  },
  Dependency {
    "id": "39bf15fa-b6b4-4564-848c-d045f44fbcd7",
    "name": "rollup-plugin-license",
    "pid": [],
    "version": "^3.0.1",
  },
  Dependency {
    "id": "3fac5335-3954-4911-bbc3-07cf550fb933",
    "name": "sirv",
    "pid": [],
    "version": "^2.0.3",
  },
  Dependency {
    "id": "bffcfc5e-c0c5-4ef3-93aa-f86fd67611ee",
    "name": "source-map-support",
    "pid": [],
    "version": "^0.5.21",
  },
  Dependency {
    "id": "c7aa3d24-8708-43b8-a2f9-6930fd21270d",
    "name": "strip-ansi",
    "pid": [],
    "version": "^7.1.0",
  },
  Dependency {
    "id": "8d4c2b4f-11b2-42d1-870e-0ce5262007ba",
    "name": "strip-literal",
    "pid": [],
    "version": "^1.0.1",
  },
  Dependency {
    "id": "cab395d2-69cd-4512-8d4f-8db2860a9fdc",
    "name": "tsconfck",
    "pid": [],
    "version": "^2.1.2",
  },
  Dependency {
    "id": "89eb6471-4458-4cef-a656-777454fd57eb",
    "name": "tslib",
    "pid": [],
    "version": "^2.6.0",
  },
  Dependency {
    "id": "10705e6f-4268-4575-8e59-2071d7358583",
    "name": "types",
    "pid": [],
    "version": "link:./types",
  },
  Dependency {
    "id": "e6620d39-f311-464c-98fa-9adb7a24825f",
    "name": "ufo",
    "pid": [],
    "version": "^1.1.2",
  },
  Dependency {
    "id": "6d575faa-185a-4940-b7bc-363cc8cdf48e",
    "name": "ws",
    "pid": [],
    "version": "^8.13.0",
  },
  Dependency {
    "id": "68a717ee-d52d-43cb-a809-176cc6e1428d",
    "name": "acorn",
    "pid": [],
    "version": "^8.9.0",
  },
  Dependency {
    "id": "96f19e95-f0ae-4fdf-b383-b2ded7d8acb3",
    "name": "acorn-walk",
    "pid": [],
    "version": "^8.2.0",
  },
  Dependency {
    "id": "9a9438d9-2abc-4dcb-ab00-520da8d8f8ff",
    "name": "cac",
    "pid": [],
    "version": "^6.7.14",
  },
  Dependency {
    "id": "c3bb4600-5986-48b4-a716-4e2d6124ba61",
    "name": "chai",
    "pid": [],
    "version": "^4.3.7",
  },
  Dependency {
    "id": "16e13f97-8d02-43f0-bfc8-20ee27913fbb",
    "name": "debug",
    "pid": [],
    "version": "^4.3.4",
  },
  Dependency {
    "id": "e5cc3093-c5ad-4c68-a4ed-54f058ea1dfc",
    "name": "local-pkg",
    "pid": [],
    "version": "^0.4.3",
  },
  Dependency {
    "id": "63c7ec45-8c04-47cd-8f8b-c38a56c78622",
    "name": "magic-string",
    "pid": [],
    "version": "^0.30.1",
  },
  Dependency {
    "id": "2edb4479-c2e1-42ab-950f-0299ff21379c",
    "name": "pathe",
    "pid": [],
    "version": "^1.1.1",
  },
  Dependency {
    "id": "c771a630-977e-4130-90d9-2742c0f477db",
    "name": "picocolors",
    "pid": [],
    "version": "^1.0.0",
  },
  Dependency {
    "id": "0834df79-43c4-44e7-8a35-5914e3952bc7",
    "name": "std-env",
    "pid": [],
    "version": "^3.3.3",
  },
  Dependency {
    "id": "c61232aa-d41c-40e1-a712-323c29947e83",
    "name": "strip-literal",
    "pid": [],
    "version": "^1.0.1",
  },
  Dependency {
    "id": "c8dcf8fc-7c0c-4f62-bdd9-8775d67df20f",
    "name": "tinybench",
    "pid": [],
    "version": "^2.5.0",
  },
  Dependency {
    "id": "a81416e8-efbe-48a3-894b-b461bf857687",
    "name": "tinypool",
    "pid": [],
    "version": "^0.7.0",
  },
  Dependency {
    "id": "256fe5b0-c735-473a-a7f4-ee2529ecd620",
    "name": "vite",
    "pid": [],
    "version": "^3.0.0 || ^4.0.0",
  },
  Dependency {
    "id": "d8a0abbc-5f2a-4cad-8fe0-ae9e7f46cd23",
    "name": "why-is-node-running",
    "pid": [],
    "version": "^2.2.2",
  },
  Dependency {
    "id": "d96f4295-55e3-4067-b020-c646e550a4cb",
    "name": "@vitest/utils",
    "pid": [],
    "version": "0.34.1",
  },
  Dependency {
    "id": "16fdd420-c1e8-44e7-b073-3345b5f7fc19",
    "name": "vite-node",
    "pid": [],
    "version": "0.34.1",
  },
  Dependency {
    "id": "3477b779-3502-40b9-bdd6-d8cbba43e9ff",
    "name": "@vitest/runner",
    "pid": [],
    "version": "0.34.1",
  },
  Dependency {
    "id": "291f512f-ad78-4ae4-8039-788fab926227",
    "name": "@vitest/expect",
    "pid": [],
    "version": "0.34.1",
  },
  Dependency {
    "id": "a02d7f6f-e907-4051-b73c-af4bc6afc0a4",
    "name": "@vitest/snapshot",
    "pid": [],
    "version": "0.34.1",
  },
  Dependency {
    "id": "3be21cb6-2642-4579-9bfb-56e72d3a428e",
    "name": "@vitest/spy",
    "pid": [],
    "version": "0.34.1",
  },
  Dependency {
    "id": "a2708c13-11e2-4a77-8f62-01a95485ce82",
    "name": "@ampproject/remapping",
    "pid": [],
    "version": "^2.2.1",
  },
  Dependency {
    "id": "f82e5f8a-44bb-44b3-92b1-347e779cc46e",
    "name": "@antfu/install-pkg",
    "pid": [],
    "version": "^0.1.1",
  },
  Dependency {
    "id": "e6e735fa-8ec6-482a-9b55-353f852298cb",
    "name": "@edge-runtime/vm",
    "pid": [],
    "version": "3.0.3",
  },
  Dependency {
    "id": "d2f62624-893d-4c32-bbdb-1d6ac2cb2c33",
    "name": "@sinonjs/fake-timers",
    "pid": [],
    "version": "^11.0.0",
  },
  Dependency {
    "id": "f7ae8e3d-2682-487d-9f2c-ec1bb1d7cd15",
    "name": "birpc",
    "pid": [],
    "version": "0.2.12",
  },
  Dependency {
    "id": "45bd6235-51f3-4004-be4d-5bc2659dc2be",
    "name": "chai-subset",
    "pid": [],
    "version": "^1.6.0",
  },
  Dependency {
    "id": "4467ad30-5532-4f0d-8c9b-bd495aee3056",
    "name": "cli-truncate",
    "pid": [],
    "version": "^3.1.0",
  },
  Dependency {
    "id": "664f162a-3756-46b2-a628-1c108b344cd5",
    "name": "event-target-polyfill",
    "pid": [],
    "version": "^0.0.3",
  },
  Dependency {
    "id": "fd4342ef-e05f-4ed1-b986-1cb1d2858683",
    "name": "execa",
    "pid": [],
    "version": "^7.1.1",
  },
  Dependency {
    "id": "cf92f2c7-b7cf-4f94-a1f7-1fcdeb669691",
    "name": "expect-type",
    "pid": [],
    "version": "^0.16.0",
  },
  Dependency {
    "id": "bd29c5e3-e83f-4117-9f1d-e82fdf86e655",
    "name": "fast-glob",
    "pid": [],
    "version": "^3.3.0",
  },
  Dependency {
    "id": "a4dc6742-27e7-4a1f-ba59-48f3b6be55d6",
    "name": "find-up",
    "pid": [],
    "version": "^6.3.0",
  },
  Dependency {
    "id": "0e91f57e-2a57-4baa-818a-75548aecaff6",
    "name": "flatted",
    "pid": [],
    "version": "^3.2.7",
  },
  Dependency {
    "id": "2fdcad19-5769-431a-bb11-2a421a1a256b",
    "name": "get-tsconfig",
    "pid": [],
    "version": "^4.6.2",
  },
  Dependency {
    "id": "7328e557-dead-47bb-ad02-3e9dab3e58f7",
    "name": "happy-dom",
    "pid": [],
    "version": "^9.20.3",
  },
  Dependency {
    "id": "02efec86-8561-4c07-9c40-c22d8f68dbce",
    "name": "jsdom",
    "pid": [],
    "version": "^22.1.0",
  },
  Dependency {
    "id": "02971fb7-3ad1-4283-ad4f-f2ad21230c13",
    "name": "log-update",
    "pid": [],
    "version": "^5.0.1",
  },
  Dependency {
    "id": "d1ac53ce-8f60-4b16-a3a1-8c3495d9ac66",
    "name": "micromatch",
    "pid": [],
    "version": "^4.0.5",
  },
  Dependency {
    "id": "8ff057ae-c299-4c8c-a508-3a91c38e0659",
    "name": "mlly",
    "pid": [],
    "version": "^1.4.0",
  },
  Dependency {
    "id": "5a9948fb-8d02-4bd2-bb4b-7f3cca8adf42",
    "name": "p-limit",
    "pid": [],
    "version": "^4.0.0",
  },
  Dependency {
    "id": "abef77ba-0d8d-4a48-82ae-936920936dac",
    "name": "pkg-types",
    "pid": [],
    "version": "^1.0.3",
  },
  Dependency {
    "id": "0cc1bb4f-e490-48a6-92dd-8452750bd7cc",
    "name": "playwright",
    "pid": [],
    "version": "^1.35.1",
  },
  Dependency {
    "id": "4d071137-793e-48b1-a4f1-4477d61e74dd",
    "name": "pretty-format",
    "pid": [],
    "version": "^29.5.0",
  },
  Dependency {
    "id": "5f1bfe91-a16a-4ad8-ba4d-51b0e5265f80",
    "name": "prompts",
    "pid": [],
    "version": "^2.4.2",
  },
  Dependency {
    "id": "bcece3ae-4141-4e10-abbb-a41befcb7722",
    "name": "safaridriver",
    "pid": [],
    "version": "^0.0.5",
  },
  Dependency {
    "id": "aabd60cf-2fed-47b4-afcb-431b9ce4add1",
    "name": "strip-ansi",
    "pid": [],
    "version": "^7.1.0",
  },
  Dependency {
    "id": "3a85d25a-0548-47a1-adc4-f031abf59ad7",
    "name": "webdriverio",
    "pid": [],
    "version": "^8.11.2",
  },
  Dependency {
    "id": "c2012d34-f152-4824-a096-c5a48b831f66",
    "name": "ws",
    "pid": [],
    "version": "^8.13.0",
  },
}
`;
