// Vitest Snapshot v1, https://vitest.dev/guide/snapshot.html

exports[`should return all modules's size > should return all modules 1`] = `
Set {
  Dependency {
    "cid": [
      "@babel/core^7.12.10",
      "@babel/plugin-syntax-typescript^7.12.1",
      "@rollup/plugin-commonjs^17.0.0",
      "@rollup/plugin-node-resolve^11.0.0",
      "cz-conventional-changelog^2.1.0",
      "esbuild^0.8.21",
      "eslint-config-rem^3.0.0",
      "execa^5.0.0",
      "fs-extra^9.0.1",
      "globby^11.0.1",
      "husky^1.2.0",
      "jest^24.9.0",
      "lint-staged^8.1.0",
      "markdown-toc^1.2.0",
      "mri^1.1.6",
      "prettier^2.2.1",
      "rollup^2.34.2",
      "rollup-plugin-dts^2.0.1",
      "rollup-plugin-esbuild^2.6.1",
      "semantic-release^17.3.0",
      "sucrase^3.16.0",
      "ts-jest^26.4.4",
      "ts-node^9.1.1",
      "typedoc^0.19.2",
      "typescript^4.1.2",
    ],
    "id": "f3aab74d-4da0-4b08-b2be-85b209e5f3bd",
    "name": "cac",
    "type": "dependencies",
    "version": "^6.7.14",
  },
  Dependency {
    "cid": [
      "graceful-fs^4.2.0",
      "jsonfile^6.0.1",
      "universalify^2.0.0",
      "klaw^2.1.1",
      "klaw-sync^3.0.2",
      "minimist^1.1.1",
      "mocha^10.1.0",
      "nyc^15.0.0",
      "proxyquire^2.0.1",
      "read-dir-files^0.1.1",
      "standard^17.0.0",
    ],
    "id": "ac621281-1ff3-43d5-96b7-8e403c5b2e8f",
    "name": "fs-extra",
    "type": "dependencies",
    "version": "^11.1.1",
  },
  Dependency {
    "cid": [
      "loose-envify^1.1.0",
    ],
    "id": "db4dbe63-535c-4737-a999-cf2c06f49882",
    "name": "react",
    "type": "dependencies",
    "version": "^18.2.0",
  },
  Dependency {
    "cid": [
      "scheduler^0.23.0",
    ],
    "id": "b4f836b3-7da7-47f2-a973-1b47c1765dc3",
    "name": "react-dom",
    "type": "dependencies",
    "version": "^18.2.0",
  },
  Dependency {
    "cid": [
      "@babel/cli7.18.10",
      "@babel/core7.18.10",
      "@babel/eslint-parser7.18.9",
      "@babel/preset-env7.18.10",
      "@commitlint/cli17.0.3",
      "@commitlint/config-conventional17.0.3",
      "bundlewatch0.3.3",
      "eslint8.21.0",
      "eslint-config-prettier8.5.0",
      "eslint-config-standard17.0.0",
      "eslint-plugin-import2.26.0",
      "eslint-plugin-node11.1.0",
      "eslint-plugin-prettier4.2.1",
      "eslint-plugin-promise6.0.0",
      "husky8.0.1",
      "jest28.1.3",
      "lint-staged13.0.3",
      "npm-run-all4.1.5",
      "optional-dev-dependency2.0.1",
      "prettier2.7.1",
      "random-seed0.3.0",
      "runmd1.3.6",
      "standard-version9.5.0",
    ],
    "id": "8e724ec5-49b9-4930-b5be-6a56421424ed",
    "name": "uuid",
    "type": "dependencies",
    "version": "^9.0.0",
  },
  Dependency {
    "cid": [
      "@eslint-community/regexpp^4.5.0",
      "@typescript-eslint/scope-manager6.0.0",
      "@typescript-eslint/type-utils6.0.0",
      "@typescript-eslint/utils6.0.0",
      "@typescript-eslint/visitor-keys6.0.0",
      "debug^4.3.4",
      "grapheme-splitter^1.0.4",
      "graphemer^1.4.0",
      "ignore^5.2.4",
      "natural-compare^1.4.0",
      "natural-compare-lite^1.4.0",
      "semver^7.5.0",
      "ts-api-utils^1.0.1",
      "@typescript-eslint/rule-schema-to-typescript-types6.0.0",
      "@typescript-eslint/rule-tester6.0.0",
      "chalk^5.0.1",
      "cross-fetch*",
      "jest-specific-snapshot*",
      "json-schema*",
      "markdown-table^3.0.3",
      "marked^4.3.0",
      "prettier*",
      "title-case^3.0.3",
      "typescript*",
    ],
    "id": "bd465c32-af05-4c7c-9db5-81d8815da63d",
    "name": "@typescript-eslint/eslint-plugin",
    "type": "devDependencies",
    "version": "^6.0.0",
  },
  Dependency {
    "cid": [
      "@typescript-eslint/types6.0.0",
      "@typescript-eslint/typescript-estree6.0.0",
      "glob*",
    ],
    "id": "80c994d9-c718-48ca-9a4e-6d8ef2760961",
    "name": "@typescript-eslint/parser",
    "type": "devDependencies",
    "version": "^6.0.0",
  },
  Dependency {
    "cid": [
      "@babel/core^7.22.5",
      "@babel/plugin-transform-react-jsx-self^7.22.5",
      "@babel/plugin-transform-react-jsx-source^7.22.5",
      "react-refresh^0.14.0",
    ],
    "id": "69722c32-03f9-43e5-8fad-9d6b5d725f69",
    "name": "@vitejs/plugin-react",
    "type": "devDependencies",
    "version": "^4.0.3",
  },
  Dependency {
    "cid": [
      "follow-redirects^1.15.0",
      "form-data^4.0.0",
      "proxy-from-env^1.1.0",
      "@babel/core^7.18.2",
      "@babel/preset-env^7.18.2",
      "@commitlint/cli^17.3.0",
      "@commitlint/config-conventional^17.3.0",
      "@release-it/conventional-changelog^5.1.1",
      "@rollup/plugin-babel^5.3.1",
      "@rollup/plugin-commonjs^15.1.0",
      "@rollup/plugin-json^4.1.0",
      "@rollup/plugin-multi-entry^4.0.0",
      "@rollup/plugin-node-resolve^9.0.0",
      "abortcontroller-polyfill^1.7.3",
      "auto-changelog^2.4.0",
      "body-parser^1.20.0",
      "chalk^5.2.0",
      "coveralls^3.1.1",
      "cross-env^7.0.3",
      "dev-null^0.1.1",
      "dtslint^4.2.1",
      "es6-promise^4.2.8",
      "eslint^8.17.0",
      "express^4.18.1",
      "formdata-node^5.0.0",
      "formidable^2.0.1",
      "fs-extra^10.1.0",
      "get-stream^3.0.0",
      "gulp^4.0.2",
      "gzip-size^7.0.0",
      "handlebars^4.7.7",
      "husky^8.0.2",
      "istanbul-instrumenter-loader^3.0.1",
      "jasmine-core^2.4.1",
      "karma^6.3.17",
      "karma-chrome-launcher^3.1.1",
      "karma-firefox-launcher^2.1.2",
      "karma-jasmine^1.1.1",
      "karma-jasmine-ajax^0.1.13",
      "karma-rollup-preprocessor^7.0.8",
      "karma-safari-launcher^1.0.0",
      "karma-sauce-launcher^4.3.6",
      "karma-sinon^1.0.5",
      "karma-sourcemap-loader^0.3.8",
      "minimist^1.2.7",
      "mocha^10.0.0",
      "multer^1.4.4",
      "pretty-bytes^6.0.0",
      "release-it^15.5.1",
      "rollup^2.67.0",
      "rollup-plugin-auto-external^2.0.0",
      "rollup-plugin-bundle-size^1.0.3",
      "rollup-plugin-terser^7.0.2",
      "sinon^4.5.0",
      "stream-throttle^0.1.3",
      "string-replace-async^3.0.2",
      "terser-webpack-plugin^4.2.3",
      "typescript^4.8.4",
    ],
    "id": "64878352-38c9-43ce-9fe2-2b686e7943a6",
    "name": "axios",
    "type": "devDependencies",
    "version": "^1.4.0",
  },
  Dependency {
    "cid": [
      "@eslint-community/eslint-utils^4.2.0",
      "@eslint-community/regexpp^4.4.0",
      "@eslint/eslintrc^2.1.0",
      "@eslint/js8.44.0",
      "@humanwhocodes/config-array^0.11.10",
      "@humanwhocodes/module-importer^1.0.1",
      "@nodelib/fs.walk^1.2.8",
      "ajv^6.10.0",
      "chalk^4.0.0",
      "cross-spawn^7.0.2",
      "debug^4.3.2",
      "doctrine^3.0.0",
      "escape-string-regexp^4.0.0",
      "eslint-scope^7.2.0",
      "eslint-visitor-keys^3.4.1",
      "espree^9.6.0",
      "esquery^1.4.2",
      "esutils^2.0.2",
      "fast-deep-equal^3.1.3",
      "file-entry-cache^6.0.1",
      "find-up^5.0.0",
      "glob-parent^6.0.2",
      "globals^13.19.0",
      "ignore^5.2.0",
      "imurmurhash^0.1.4",
      "is-glob^4.0.0",
      "is-path-inside^3.0.3",
      "js-yaml^4.1.0",
      "json-stable-stringify-without-jsonify^1.0.1",
      "levn^0.4.1",
      "lodash.merge^4.6.2",
      "minimatch^3.1.2",
      "optionator^0.9.3",
      "strip-ansi^6.0.1",
      "text-table^0.2.0",
      "@babel/core^7.4.3",
      "@babel/preset-env^7.4.3",
      "babel-loader^8.0.5",
      "c8^7.12.0",
      "chai^4.0.1",
      "cheerio^0.22.0",
      "common-tags^1.8.0",
      "core-js^3.1.3",
      "ejs^3.0.2",
      "eslintfile:.",
      "eslint-config-eslintfile:packages/eslint-config-eslint",
      "eslint-plugin-eslint-comments^3.2.0",
      "eslint-plugin-eslint-plugin^5.1.0",
      "eslint-plugin-internal-rulesfile:tools/internal-rules",
      "eslint-plugin-jsdoc^46.2.5",
      "eslint-plugin-n^16.0.0",
      "eslint-plugin-unicorn^42.0.0",
      "eslint-release^3.2.0",
      "eslump^3.0.0",
      "esprima^4.0.1",
      "fast-glob^3.2.11",
      "fs-teardown^0.1.3",
      "glob^7.1.6",
      "got^11.8.3",
      "gray-matter^4.0.3",
      "karma^6.1.1",
      "karma-chrome-launcher^3.1.0",
      "karma-mocha^2.0.1",
      "karma-mocha-reporter^2.2.5",
      "karma-webpack^5.0.0",
      "lint-staged^11.0.0",
      "load-perf^0.2.0",
      "markdownlint^0.25.1",
      "markdownlint-cli^0.31.1",
      "marked^4.0.8",
      "memfs^3.0.1",
      "metascraper^5.25.7",
      "metascraper-description^5.25.7",
      "metascraper-image^5.29.3",
      "metascraper-logo^5.25.7",
      "metascraper-logo-favicon^5.25.7",
      "metascraper-title^5.25.7",
      "mocha^8.3.2",
      "mocha-junit-reporter^2.0.0",
      "node-polyfill-webpack-plugin^1.0.3",
      "npm-license^0.3.3",
      "pirates^4.0.5",
      "progress^2.0.3",
      "puppeteer^13.7.0",
      "recast^0.20.4",
      "regenerator-runtime^0.13.2",
      "semver^7.5.3",
      "shelljs^0.8.2",
      "sinon^11.0.0",
      "webpack^5.23.0",
      "webpack-cli^4.5.0",
      "yorkie^2.0.0",
    ],
    "id": "5c3b389e-0715-415b-98b6-396625fc2816",
    "name": "eslint",
    "type": "devDependencies",
    "version": "^8.45.0",
  },
  Dependency {
    "cid": [
      "@typescript-eslint/parser-v2npm:@typescript-eslint/parser@^2.26.0",
      "@typescript-eslint/parser-v3npm:@typescript-eslint/parser@^3.10.0",
      "@typescript-eslint/parser-v4npm:@typescript-eslint/parser@^4.1.0",
      "@typescript-eslint/parser-v5npm:@typescript-eslint/parser@^5.0.0-0",
    ],
    "id": "a7b924b7-f744-425c-9cc8-586c27ec00fd",
    "name": "eslint-plugin-react-hooks",
    "type": "devDependencies",
    "version": "^4.6.0",
  },
  Dependency {
    "cid": [],
    "id": "622e545f-9c80-439f-b48e-3732950f13a4",
    "name": "eslint-plugin-react-refresh",
    "type": "devDependencies",
    "version": "^0.4.3",
  },
  Dependency {
    "cid": [
      "@tsconfig/node14^1.0.3",
      "@typicode/eslint-config^1.1.0",
      "docsify-cli^4.4.4",
      "typescript^4.9.4",
    ],
    "id": "4d864009-d671-4f9b-b009-70aa292b2d5d",
    "name": "husky",
    "type": "devDependencies",
    "version": "^8.0.3",
  },
  Dependency {
    "cid": [
      "abab^2.0.6",
      "cssstyle^3.0.0",
      "data-urls^4.0.0",
      "decimal.js^10.4.3",
      "domexception^4.0.0",
      "html-encoding-sniffer^3.0.0",
      "http-proxy-agent^5.0.0",
      "https-proxy-agent^5.0.1",
      "is-potential-custom-element-name^1.0.1",
      "nwsapi^2.2.4",
      "parse5^7.1.2",
      "rrweb-cssom^0.6.0",
      "saxes^6.0.0",
      "symbol-tree^3.2.4",
      "tough-cookie^4.1.2",
      "w3c-xmlserializer^4.0.0",
      "webidl-conversions^7.0.0",
      "whatwg-encoding^2.0.0",
      "whatwg-mimetype^3.0.0",
      "whatwg-url^12.0.1",
      "ws^8.13.0",
      "xml-name-validator^4.0.0",
      "@domenic/eslint-config^3.0.0",
      "benchmark^2.1.4",
      "chai^4.3.7",
      "eslint^8.39.0",
      "eslint-plugin-html^7.1.0",
      "eslint-plugin-jsdom-internallink:./scripts/eslint-plugin",
      "minimatch^9.0.0",
      "mocha^10.2.0",
      "mocha-sugar-free^1.4.0",
      "pngjs^7.0.0",
      "server-destroy^1.0.1",
      "webidl2js^17.1.0",
      "yargs^17.7.2",
    ],
    "id": "f0888ce7-cc5c-435e-afe1-8d472e7a58a5",
    "name": "jsdom",
    "type": "devDependencies",
    "version": "^22.1.0",
  },
  Dependency {
    "cid": [
      "is-wsl^1.1.0",
      "ava^1.4.0",
      "xo^0.24.0",
    ],
    "id": "312077d1-6354-4b4d-887e-fe03378db931",
    "name": "opn",
    "type": "devDependencies",
    "version": "^6.0.0",
  },
  Dependency {
    "cid": [
      "process^0.11.1",
      "util^0.10.3",
    ],
    "id": "47f46cd1-1839-4053-bdc6-0c501b9805c0",
    "name": "path",
    "type": "devDependencies",
    "version": "^0.12.7",
  },
  Dependency {
    "cid": [
      "@esfx/canceltoken^1.0.0",
      "@octokit/restlatest",
      "@typescript-eslint/eslint-plugin^5.33.1",
      "@typescript-eslint/parser^5.33.1",
      "@typescript-eslint/utils^5.33.1",
      "azure-devops-node-api^11.2.0",
      "chalk^4.1.2",
      "chokidar^3.5.3",
      "del^6.1.1",
      "diff^5.1.0",
      "esbuild^0.17.2",
      "eslint^8.22.0",
      "eslint-formatter-autolinkable-stylish^1.2.0",
      "eslint-plugin-import^2.26.0",
      "eslint-plugin-local^1.0.0",
      "eslint-plugin-no-null^1.0.2",
      "eslint-plugin-simple-import-sort^10.0.0",
      "fast-xml-parser^4.0.11",
      "fs-extra^9.1.0",
      "glob^8.1.0",
      "hereby^1.6.4",
      "jsonc-parser^3.2.0",
      "minimist^1.2.8",
      "mocha-fivemat-progress-reporter^0.1.0",
      "ms^2.1.3",
      "node-fetch^3.2.10",
      "source-map-support^0.5.21",
      "typescript5.0.0-dev.20230112",
      "which^2.0.2",
    ],
    "id": "25883297-26cb-4d49-8aa7-760d7cd60803",
    "name": "typescript",
    "type": "devDependencies",
    "version": "^5.0.2",
  },
  Dependency {
    "cid": [
      "esbuild^0.18.10",
      "postcss^8.4.26",
      "rollup^3.25.2",
      "@ampproject/remapping^2.2.1",
      "@babel/parser^7.22.7",
      "@babel/types^7.22.5",
      "@jridgewell/trace-mapping^0.3.18",
      "@rollup/plugin-alias^4.0.4",
      "@rollup/plugin-commonjs^25.0.3",
      "@rollup/plugin-dynamic-import-vars^2.0.4",
      "@rollup/plugin-json^6.0.0",
      "@rollup/plugin-node-resolve15.1.0",
      "@rollup/plugin-typescript^11.1.2",
      "@rollup/pluginutils^5.0.2",
      "acorn^8.10.0",
      "acorn-walk^8.2.0",
      "cac^6.7.14",
      "connect^3.7.0",
      "connect-history-api-fallback^2.0.0",
      "convert-source-map^2.0.0",
      "cors^2.8.5",
      "cross-spawn^7.0.3",
      "dep-typeslink:./src/types",
      "dotenv^16.3.1",
      "dotenv-expand^9.0.0",
      "es-module-lexer^1.3.0",
      "escape-html^1.0.3",
      "estree-walker^3.0.3",
      "etag^1.8.1",
      "fast-glob^3.3.0",
      "http-proxy^1.18.1",
      "json-stable-stringify^1.0.2",
      "launch-editor-middleware^2.6.0",
      "lightningcss^1.21.5",
      "magic-string^0.30.1",
      "micromatch^4.0.5",
      "mlly^1.4.0",
      "mrmime^1.0.1",
      "okie^1.0.1",
      "open^8.4.2",
      "periscopic^3.1.0",
      "picocolors^1.0.0",
      "picomatch^2.3.1",
      "postcss-import^15.1.0",
      "postcss-load-config^4.0.1",
      "postcss-modules^6.0.0",
      "resolve.exports^2.0.2",
      "rollup-plugin-license^3.0.1",
      "sirv^2.0.3",
      "strip-ansi^7.1.0",
      "strip-literal^1.0.1",
      "tsconfck^2.1.2",
      "tslib^2.6.0",
      "typeslink:./types",
      "ufo^1.1.2",
    ],
    "id": "5350f086-563f-454b-adb1-625fe4538a89",
    "name": "vite",
    "type": "devDependencies",
    "version": "^4.4.5",
  },
  Dependency {
    "cid": [
      "acorn^8.9.0",
      "local-pkg^0.4.3",
      "pathe^1.1.1",
      "std-env^3.3.3",
      "tinybench^2.5.0",
      "tinypool^0.7.0",
      "vite^3.0.0 || ^4.0.0",
      "why-is-node-running^2.2.2",
      "@vitest/utils0.34.1",
      "vite-node0.34.1",
      "@vitest/runner0.34.1",
      "@vitest/expect0.34.1",
      "@vitest/snapshot0.34.1",
      "@vitest/spy0.34.1",
      "@antfu/install-pkg^0.1.1",
      "@edge-runtime/vm3.0.3",
      "@sinonjs/fake-timers^11.0.0",
      "birpc0.2.12",
      "chai-subset^1.6.0",
      "cli-truncate^3.1.0",
      "event-target-polyfill^0.0.3",
      "execa^7.1.1",
      "expect-type^0.16.0",
      "find-up^6.3.0",
      "flatted^3.2.7",
      "get-tsconfig^4.6.2",
      "happy-dom^9.20.3",
      "jsdom^22.1.0",
      "log-update^5.0.1",
      "p-limit^4.0.0",
      "pkg-types^1.0.3",
      "playwright^1.35.1",
      "pretty-format^29.5.0",
      "prompts^2.4.2",
      "safaridriver^0.0.5",
      "webdriverio^8.11.2",
    ],
    "id": "f116e766-3386-421b-a33f-b428cefda7eb",
    "name": "vitest",
    "type": "devDependencies",
    "version": "^0.34.1",
  },
  Dependency {
    "cid": [],
    "id": "72c04531-47c1-46cd-93aa-309e4aec6d11",
    "name": "@babel/core",
    "type": "devDependencies",
    "version": "^7.12.10",
  },
  Dependency {
    "cid": [],
    "id": "135190fc-014e-457f-9823-6e29cce25eaa",
    "name": "@babel/plugin-syntax-typescript",
    "type": "devDependencies",
    "version": "^7.12.1",
  },
  Dependency {
    "cid": [],
    "id": "9e107e26-c6a0-4ad1-80b4-d4d338946b73",
    "name": "@rollup/plugin-commonjs",
    "type": "devDependencies",
    "version": "^17.0.0",
  },
  Dependency {
    "cid": [],
    "id": "7fb2845d-5bc3-4950-b3e7-44a8499eaf19",
    "name": "@rollup/plugin-node-resolve",
    "type": "devDependencies",
    "version": "^11.0.0",
  },
  Dependency {
    "cid": [],
    "id": "31c46f04-8953-4aaa-a6ff-fed2f55a724d",
    "name": "cz-conventional-changelog",
    "type": "devDependencies",
    "version": "^2.1.0",
  },
  Dependency {
    "cid": [],
    "id": "c7ada143-0445-4ff3-9b28-b195c972634c",
    "name": "esbuild",
    "type": "devDependencies",
    "version": "^0.8.21",
  },
  Dependency {
    "cid": [],
    "id": "24784ef2-1dbb-4718-96a8-3ed4fbd8493a",
    "name": "eslint-config-rem",
    "type": "devDependencies",
    "version": "^3.0.0",
  },
  Dependency {
    "cid": [],
    "id": "2eb34675-3d8f-4fe3-80c9-dc22819439d4",
    "name": "execa",
    "type": "devDependencies",
    "version": "^5.0.0",
  },
  Dependency {
    "cid": [],
    "id": "1ab76392-a02b-45c9-a628-b0422ba093a6",
    "name": "fs-extra",
    "type": "devDependencies",
    "version": "^9.0.1",
  },
  Dependency {
    "cid": [],
    "id": "abda9476-5d52-4725-b131-9e9576a1f3c3",
    "name": "globby",
    "type": "devDependencies",
    "version": "^11.0.1",
  },
  Dependency {
    "cid": [],
    "id": "6a85c10f-988f-451e-b98c-3344ffc20c6b",
    "name": "husky",
    "type": "devDependencies",
    "version": "^1.2.0",
  },
  Dependency {
    "cid": [],
    "id": "4b1203c6-c0b8-4318-af48-a9406f7e7ef9",
    "name": "jest",
    "type": "devDependencies",
    "version": "^24.9.0",
  },
  Dependency {
    "cid": [],
    "id": "1bd0f3be-2d24-4e9b-b9e5-06b111cce455",
    "name": "lint-staged",
    "type": "devDependencies",
    "version": "^8.1.0",
  },
  Dependency {
    "cid": [],
    "id": "70f89a74-90b3-424a-b7ce-c65f8a8c8c78",
    "name": "markdown-toc",
    "type": "devDependencies",
    "version": "^1.2.0",
  },
  Dependency {
    "cid": [],
    "id": "f4d6ff84-b9c5-4930-bead-77ef39d86905",
    "name": "mri",
    "type": "devDependencies",
    "version": "^1.1.6",
  },
  Dependency {
    "cid": [],
    "id": "f28a32dc-389d-414d-884e-1f65c1a24dc1",
    "name": "prettier",
    "type": "devDependencies",
    "version": "^2.2.1",
  },
  Dependency {
    "cid": [],
    "id": "81a47216-0147-45ea-aed1-71c3fbd3913e",
    "name": "rollup",
    "type": "devDependencies",
    "version": "^2.34.2",
  },
  Dependency {
    "cid": [],
    "id": "f3864c66-21ae-464d-b2bc-3e88d9460948",
    "name": "rollup-plugin-dts",
    "type": "devDependencies",
    "version": "^2.0.1",
  },
  Dependency {
    "cid": [],
    "id": "7a66be9c-d1ef-4f01-a62d-ec6edc89a9e1",
    "name": "rollup-plugin-esbuild",
    "type": "devDependencies",
    "version": "^2.6.1",
  },
  Dependency {
    "cid": [],
    "id": "55f35b4f-e253-4497-9869-5b66abea1a95",
    "name": "semantic-release",
    "type": "devDependencies",
    "version": "^17.3.0",
  },
  Dependency {
    "cid": [],
    "id": "95d7e7f6-3673-4e08-a971-21010e79c9fa",
    "name": "sucrase",
    "type": "devDependencies",
    "version": "^3.16.0",
  },
  Dependency {
    "cid": [],
    "id": "4c766271-8fb6-458f-b7ff-88d38014e1c4",
    "name": "ts-jest",
    "type": "devDependencies",
    "version": "^26.4.4",
  },
  Dependency {
    "cid": [],
    "id": "37d0b3e6-a5bd-4845-9296-e1ce95a6d757",
    "name": "ts-node",
    "type": "devDependencies",
    "version": "^9.1.1",
  },
  Dependency {
    "cid": [],
    "id": "aad8cb3f-de22-458d-b83a-26de5b0d9e36",
    "name": "typedoc",
    "type": "devDependencies",
    "version": "^0.19.2",
  },
  Dependency {
    "cid": [],
    "id": "68aa1002-0573-4c3f-a63f-6decf5d013cf",
    "name": "typescript",
    "type": "devDependencies",
    "version": "^4.1.2",
  },
  Dependency {
    "cid": [],
    "id": "829c35f1-10a6-458d-9851-c35cbcabbe2e",
    "name": "graceful-fs",
    "type": "dependencies",
    "version": "^4.2.0",
  },
  Dependency {
    "cid": [],
    "id": "c2d95c87-021b-4fc9-883b-848670240266",
    "name": "jsonfile",
    "type": "dependencies",
    "version": "^6.0.1",
  },
  Dependency {
    "cid": [],
    "id": "40cb6537-a4c7-4e30-8ebe-cf44d46fab68",
    "name": "universalify",
    "type": "dependencies",
    "version": "^2.0.0",
  },
  Dependency {
    "cid": [],
    "id": "635f300e-a034-4d46-8e74-353b81e07b32",
    "name": "klaw",
    "type": "devDependencies",
    "version": "^2.1.1",
  },
  Dependency {
    "cid": [],
    "id": "a7f470f6-1465-457d-bb6d-f77d7b5d7bb7",
    "name": "klaw-sync",
    "type": "devDependencies",
    "version": "^3.0.2",
  },
  Dependency {
    "cid": [],
    "id": "eacf5ac7-275c-421a-80b2-13d770630ec1",
    "name": "minimist",
    "type": "devDependencies",
    "version": "^1.1.1",
  },
  Dependency {
    "cid": [],
    "id": "cda458f7-1dc7-4f6f-9030-bc41876e4d84",
    "name": "mocha",
    "type": "devDependencies",
    "version": "^10.1.0",
  },
  Dependency {
    "cid": [],
    "id": "c6055170-783c-4deb-ad2b-56b541e1d4da",
    "name": "nyc",
    "type": "devDependencies",
    "version": "^15.0.0",
  },
  Dependency {
    "cid": [],
    "id": "c91f6490-ca0a-489a-91e0-33dfcb74b9c9",
    "name": "proxyquire",
    "type": "devDependencies",
    "version": "^2.0.1",
  },
  Dependency {
    "cid": [],
    "id": "d5d61f8a-6d99-4140-a44f-647fee4cb328",
    "name": "read-dir-files",
    "type": "devDependencies",
    "version": "^0.1.1",
  },
  Dependency {
    "cid": [],
    "id": "d73361d1-a39f-4981-aa10-b3ad3cf72cbc",
    "name": "standard",
    "type": "devDependencies",
    "version": "^17.0.0",
  },
  Dependency {
    "cid": [],
    "id": "ed6f05fb-33b4-4b1b-bb62-00596139169d",
    "name": "loose-envify",
    "type": "dependencies",
    "version": "^1.1.0",
  },
  Dependency {
    "cid": [],
    "id": "3ae34943-5479-4d93-a2d9-f47463f538fa",
    "name": "loose-envify",
    "type": "dependencies",
    "version": "^1.1.0",
  },
  Dependency {
    "cid": [],
    "id": "bd555f43-38fd-4e65-b6da-69c58572205b",
    "name": "scheduler",
    "type": "dependencies",
    "version": "^0.23.0",
  },
  Dependency {
    "cid": [],
    "id": "30582a06-ccff-4544-867f-ff55b198b275",
    "name": "@babel/cli",
    "type": "devDependencies",
    "version": "7.18.10",
  },
  Dependency {
    "cid": [],
    "id": "7dfc81f0-ce68-40dd-8af0-8387e921ceb3",
    "name": "@babel/core",
    "type": "devDependencies",
    "version": "7.18.10",
  },
  Dependency {
    "cid": [],
    "id": "69f68b01-7f02-4755-9842-fb1ff7729a16",
    "name": "@babel/eslint-parser",
    "type": "devDependencies",
    "version": "7.18.9",
  },
  Dependency {
    "cid": [],
    "id": "b432e35c-e1a6-4b07-857e-e398d6bb3b4c",
    "name": "@babel/preset-env",
    "type": "devDependencies",
    "version": "7.18.10",
  },
  Dependency {
    "cid": [],
    "id": "067cca37-e950-47be-beb8-02981fea4f08",
    "name": "@commitlint/cli",
    "type": "devDependencies",
    "version": "17.0.3",
  },
  Dependency {
    "cid": [],
    "id": "a2230604-b928-4496-b2fd-cc46d71340e3",
    "name": "@commitlint/config-conventional",
    "type": "devDependencies",
    "version": "17.0.3",
  },
  Dependency {
    "cid": [],
    "id": "f0a2d856-d94d-4cd4-bcfe-90b378cb9cf4",
    "name": "bundlewatch",
    "type": "devDependencies",
    "version": "0.3.3",
  },
  Dependency {
    "cid": [],
    "id": "b937bd0c-b19e-4f8a-bfe9-feb863bba758",
    "name": "eslint",
    "type": "devDependencies",
    "version": "8.21.0",
  },
  Dependency {
    "cid": [],
    "id": "f7936ce7-7b42-4a48-8458-b503970d4a44",
    "name": "eslint-config-prettier",
    "type": "devDependencies",
    "version": "8.5.0",
  },
  Dependency {
    "cid": [],
    "id": "fd2f1c9b-f169-49b7-9f45-51697f168920",
    "name": "eslint-config-standard",
    "type": "devDependencies",
    "version": "17.0.0",
  },
  Dependency {
    "cid": [],
    "id": "cc8db513-b0d0-4992-927b-e75bf14bd4cc",
    "name": "eslint-plugin-import",
    "type": "devDependencies",
    "version": "2.26.0",
  },
  Dependency {
    "cid": [],
    "id": "fc8e83a8-de36-40b3-92f7-6f335c23f1d7",
    "name": "eslint-plugin-node",
    "type": "devDependencies",
    "version": "11.1.0",
  },
  Dependency {
    "cid": [],
    "id": "802392f6-ca48-4d3e-b633-9cddd3a1d7c5",
    "name": "eslint-plugin-prettier",
    "type": "devDependencies",
    "version": "4.2.1",
  },
  Dependency {
    "cid": [],
    "id": "24d9cdb3-67d6-4491-9eb7-29fe15578c13",
    "name": "eslint-plugin-promise",
    "type": "devDependencies",
    "version": "6.0.0",
  },
  Dependency {
    "cid": [],
    "id": "4e788f09-e4fb-4f86-b8da-60a34eaf700d",
    "name": "husky",
    "type": "devDependencies",
    "version": "8.0.1",
  },
  Dependency {
    "cid": [],
    "id": "ca1ab8b4-cf57-470b-a271-44c4391d900d",
    "name": "jest",
    "type": "devDependencies",
    "version": "28.1.3",
  },
  Dependency {
    "cid": [],
    "id": "7e48181f-c657-44cc-a00a-d024831b9132",
    "name": "lint-staged",
    "type": "devDependencies",
    "version": "13.0.3",
  },
  Dependency {
    "cid": [],
    "id": "37d150ea-c09f-43e2-b365-b8933f7e4bb1",
    "name": "npm-run-all",
    "type": "devDependencies",
    "version": "4.1.5",
  },
  Dependency {
    "cid": [],
    "id": "4dd174e0-6b32-44ad-a77e-ca5068b44d5e",
    "name": "optional-dev-dependency",
    "type": "devDependencies",
    "version": "2.0.1",
  },
  Dependency {
    "cid": [],
    "id": "34850d4c-17e4-46bf-9c1f-8428de0cd9d9",
    "name": "prettier",
    "type": "devDependencies",
    "version": "2.7.1",
  },
  Dependency {
    "cid": [],
    "id": "25c8e583-dd7a-4991-828e-e9f0d0f7e426",
    "name": "random-seed",
    "type": "devDependencies",
    "version": "0.3.0",
  },
  Dependency {
    "cid": [],
    "id": "1745a132-7599-4bf4-9e2f-0909e3d0726b",
    "name": "runmd",
    "type": "devDependencies",
    "version": "1.3.6",
  },
  Dependency {
    "cid": [],
    "id": "95d3b36c-0c3c-4ba3-8959-4b63b5b7cbaf",
    "name": "standard-version",
    "type": "devDependencies",
    "version": "9.5.0",
  },
  Dependency {
    "cid": [],
    "id": "1f86712f-09b0-406d-b726-0a4932e8ddbb",
    "name": "@eslint-community/regexpp",
    "type": "dependencies",
    "version": "^4.5.0",
  },
  Dependency {
    "cid": [],
    "id": "4a44f1ee-e22f-4da6-8c19-530b0e4ec602",
    "name": "@typescript-eslint/scope-manager",
    "type": "dependencies",
    "version": "6.0.0",
  },
  Dependency {
    "cid": [],
    "id": "afb17e36-5321-4ca0-b8ee-63fabe84e9fc",
    "name": "@typescript-eslint/type-utils",
    "type": "dependencies",
    "version": "6.0.0",
  },
  Dependency {
    "cid": [],
    "id": "bae0184d-450e-4489-acdb-6dad17b92364",
    "name": "@typescript-eslint/utils",
    "type": "dependencies",
    "version": "6.0.0",
  },
  Dependency {
    "cid": [],
    "id": "a7693f8f-792e-4bdd-8833-368533b40183",
    "name": "@typescript-eslint/visitor-keys",
    "type": "dependencies",
    "version": "6.0.0",
  },
  Dependency {
    "cid": [],
    "id": "71d9b779-34be-4783-ac11-68721afa03bc",
    "name": "debug",
    "type": "dependencies",
    "version": "^4.3.4",
  },
  Dependency {
    "cid": [],
    "id": "69d5f742-c295-44d3-91d1-978ccf7d091f",
    "name": "grapheme-splitter",
    "type": "dependencies",
    "version": "^1.0.4",
  },
  Dependency {
    "cid": [],
    "id": "5ef6a5ea-326c-455e-a38f-f31b5eb6c132",
    "name": "graphemer",
    "type": "dependencies",
    "version": "^1.4.0",
  },
  Dependency {
    "cid": [],
    "id": "638f91c6-e296-4989-8a5b-cb70d9906846",
    "name": "ignore",
    "type": "dependencies",
    "version": "^5.2.4",
  },
  Dependency {
    "cid": [],
    "id": "6d8fdffa-3590-4d54-8f1b-512564e55043",
    "name": "natural-compare",
    "type": "dependencies",
    "version": "^1.4.0",
  },
  Dependency {
    "cid": [],
    "id": "321819a5-d6ed-4f9a-a0e5-382f4854223e",
    "name": "natural-compare-lite",
    "type": "dependencies",
    "version": "^1.4.0",
  },
  Dependency {
    "cid": [],
    "id": "9d3a85ac-5f07-4df0-8392-67e127d70437",
    "name": "semver",
    "type": "dependencies",
    "version": "^7.5.0",
  },
  Dependency {
    "cid": [],
    "id": "7d21baa8-88a2-48a8-aed6-62825ca3e255",
    "name": "ts-api-utils",
    "type": "dependencies",
    "version": "^1.0.1",
  },
  Dependency {
    "cid": [],
    "id": "85e49d5d-d33e-4628-8227-1824680953a6",
    "name": "@typescript-eslint/rule-schema-to-typescript-types",
    "type": "devDependencies",
    "version": "6.0.0",
  },
  Dependency {
    "cid": [],
    "id": "13cc4129-654d-48a7-8a7a-d5818a98a928",
    "name": "@typescript-eslint/rule-tester",
    "type": "devDependencies",
    "version": "6.0.0",
  },
  Dependency {
    "cid": [],
    "id": "e2e0e7e0-9bf8-4945-b8b1-29675b33cc9c",
    "name": "chalk",
    "type": "devDependencies",
    "version": "^5.0.1",
  },
  Dependency {
    "cid": [],
    "id": "30e416f4-65e3-4dc9-ad36-e7e114db8ae4",
    "name": "cross-fetch",
    "type": "devDependencies",
    "version": "*",
  },
  Dependency {
    "cid": [],
    "id": "741c0023-22a7-4842-b2b9-dd0c2167539a",
    "name": "jest-specific-snapshot",
    "type": "devDependencies",
    "version": "*",
  },
  Dependency {
    "cid": [],
    "id": "c82c98fd-f29d-412d-82f2-b09b45b82721",
    "name": "json-schema",
    "type": "devDependencies",
    "version": "*",
  },
  Dependency {
    "cid": [],
    "id": "59ee8a6b-d6d8-411d-982f-0c55ec405dd0",
    "name": "markdown-table",
    "type": "devDependencies",
    "version": "^3.0.3",
  },
  Dependency {
    "cid": [],
    "id": "cb74a61e-b0ff-4195-a26e-4dae2f4b8d02",
    "name": "marked",
    "type": "devDependencies",
    "version": "^4.3.0",
  },
  Dependency {
    "cid": [],
    "id": "19367849-6101-4bff-8251-6dfb12e3998d",
    "name": "prettier",
    "type": "devDependencies",
    "version": "*",
  },
  Dependency {
    "cid": [],
    "id": "60a9d62d-bc19-4b45-aeed-a21dc554487a",
    "name": "title-case",
    "type": "devDependencies",
    "version": "^3.0.3",
  },
  Dependency {
    "cid": [],
    "id": "30617ba4-f834-47ff-a6e1-0a508999d891",
    "name": "typescript",
    "type": "devDependencies",
    "version": "*",
  },
  Dependency {
    "cid": [],
    "id": "bc2bd7ad-02c1-4624-8c71-dc9c90920e4f",
    "name": "@typescript-eslint/scope-manager",
    "type": "dependencies",
    "version": "6.0.0",
  },
  Dependency {
    "cid": [],
    "id": "6419fd5e-ac62-4bcf-806c-e4bc309d7594",
    "name": "@typescript-eslint/types",
    "type": "dependencies",
    "version": "6.0.0",
  },
  Dependency {
    "cid": [],
    "id": "6b6a1117-ea56-4781-91f1-405f6ab94353",
    "name": "@typescript-eslint/typescript-estree",
    "type": "dependencies",
    "version": "6.0.0",
  },
  Dependency {
    "cid": [],
    "id": "dabc5ec3-9cd4-4ca7-99a9-669f6316ee5a",
    "name": "@typescript-eslint/visitor-keys",
    "type": "dependencies",
    "version": "6.0.0",
  },
  Dependency {
    "cid": [],
    "id": "1aeecfb7-c9b4-4f85-8928-fbbbf5c7879d",
    "name": "debug",
    "type": "dependencies",
    "version": "^4.3.4",
  },
  Dependency {
    "cid": [],
    "id": "9485dec8-233d-4f59-bbd5-609d3ef38c8d",
    "name": "glob",
    "type": "devDependencies",
    "version": "*",
  },
  Dependency {
    "cid": [],
    "id": "bb446d4d-40fa-466c-abb6-c8ec353ab3d4",
    "name": "typescript",
    "type": "devDependencies",
    "version": "*",
  },
  Dependency {
    "cid": [],
    "id": "d405feac-9584-4217-9737-fdf0a7acf2bf",
    "name": "@babel/core",
    "type": "dependencies",
    "version": "^7.22.5",
  },
  Dependency {
    "cid": [],
    "id": "34866eca-654a-4c79-afd2-46c661b962c8",
    "name": "@babel/plugin-transform-react-jsx-self",
    "type": "dependencies",
    "version": "^7.22.5",
  },
  Dependency {
    "cid": [],
    "id": "f8598e86-68bc-483d-a6cc-c6dace4988f4",
    "name": "@babel/plugin-transform-react-jsx-source",
    "type": "dependencies",
    "version": "^7.22.5",
  },
  Dependency {
    "cid": [],
    "id": "ecb5c9ff-9d99-4798-801a-1f36344d90c2",
    "name": "react-refresh",
    "type": "dependencies",
    "version": "^0.14.0",
  },
  Dependency {
    "cid": [],
    "id": "c9ab4b41-9c98-42be-b0c4-7087a99cb392",
    "name": "follow-redirects",
    "type": "dependencies",
    "version": "^1.15.0",
  },
  Dependency {
    "cid": [],
    "id": "4a6b0851-a872-4d74-b43a-a8e31523b77e",
    "name": "form-data",
    "type": "dependencies",
    "version": "^4.0.0",
  },
  Dependency {
    "cid": [],
    "id": "9aefb51a-a07a-4522-b22f-48069a2339de",
    "name": "proxy-from-env",
    "type": "dependencies",
    "version": "^1.1.0",
  },
  Dependency {
    "cid": [],
    "id": "2fb872bd-a73c-4a59-bb69-bf58a80c0b88",
    "name": "@babel/core",
    "type": "devDependencies",
    "version": "^7.18.2",
  },
  Dependency {
    "cid": [],
    "id": "9f31b750-a970-4f95-9a37-c618f73b1c19",
    "name": "@babel/preset-env",
    "type": "devDependencies",
    "version": "^7.18.2",
  },
  Dependency {
    "cid": [],
    "id": "80f482e5-1ecd-4c71-b494-05c9828e7ca5",
    "name": "@commitlint/cli",
    "type": "devDependencies",
    "version": "^17.3.0",
  },
  Dependency {
    "cid": [],
    "id": "d3056b5b-3906-48c2-9262-80dee88697b5",
    "name": "@commitlint/config-conventional",
    "type": "devDependencies",
    "version": "^17.3.0",
  },
  Dependency {
    "cid": [],
    "id": "71dd3a6e-07e6-40c6-8dd5-ac8c9eef42eb",
    "name": "@release-it/conventional-changelog",
    "type": "devDependencies",
    "version": "^5.1.1",
  },
  Dependency {
    "cid": [],
    "id": "dab5612a-315a-4d39-a2b6-690f08365ac8",
    "name": "@rollup/plugin-babel",
    "type": "devDependencies",
    "version": "^5.3.1",
  },
  Dependency {
    "cid": [],
    "id": "0ad4199e-2624-4fb5-b961-3b1a780531a5",
    "name": "@rollup/plugin-commonjs",
    "type": "devDependencies",
    "version": "^15.1.0",
  },
  Dependency {
    "cid": [],
    "id": "0c8bec70-77db-4931-b99c-d27b04e3b9a0",
    "name": "@rollup/plugin-json",
    "type": "devDependencies",
    "version": "^4.1.0",
  },
  Dependency {
    "cid": [],
    "id": "6cc4bccf-8771-43b7-a480-1a7aa3c3475f",
    "name": "@rollup/plugin-multi-entry",
    "type": "devDependencies",
    "version": "^4.0.0",
  },
  Dependency {
    "cid": [],
    "id": "2c599c25-bc5e-47cd-a519-4458fa25d47a",
    "name": "@rollup/plugin-node-resolve",
    "type": "devDependencies",
    "version": "^9.0.0",
  },
  Dependency {
    "cid": [],
    "id": "6c966281-0d34-4639-80c2-9005ab960b1b",
    "name": "abortcontroller-polyfill",
    "type": "devDependencies",
    "version": "^1.7.3",
  },
  Dependency {
    "cid": [],
    "id": "8e845d4e-25f3-4081-81d5-f254f9dd384d",
    "name": "auto-changelog",
    "type": "devDependencies",
    "version": "^2.4.0",
  },
  Dependency {
    "cid": [],
    "id": "ebeb7635-308e-4aff-83be-f1f1e12313e5",
    "name": "body-parser",
    "type": "devDependencies",
    "version": "^1.20.0",
  },
  Dependency {
    "cid": [],
    "id": "d91a5cc7-8f64-4195-ac91-bd30654eea7c",
    "name": "chalk",
    "type": "devDependencies",
    "version": "^5.2.0",
  },
  Dependency {
    "cid": [],
    "id": "5ea8cd09-728a-4395-a719-655fac880b67",
    "name": "coveralls",
    "type": "devDependencies",
    "version": "^3.1.1",
  },
  Dependency {
    "cid": [],
    "id": "0c6e8a1b-bb25-4751-961d-8a4a265216a3",
    "name": "cross-env",
    "type": "devDependencies",
    "version": "^7.0.3",
  },
  Dependency {
    "cid": [],
    "id": "a77f5b3a-aa50-464d-8aab-05f64513e105",
    "name": "dev-null",
    "type": "devDependencies",
    "version": "^0.1.1",
  },
  Dependency {
    "cid": [],
    "id": "52c1f422-4ed5-4e2f-bcb2-38d715dd448c",
    "name": "dtslint",
    "type": "devDependencies",
    "version": "^4.2.1",
  },
  Dependency {
    "cid": [],
    "id": "93f7e0d2-e670-41d5-8ecb-75a021f0eea4",
    "name": "es6-promise",
    "type": "devDependencies",
    "version": "^4.2.8",
  },
  Dependency {
    "cid": [],
    "id": "e552c5eb-093b-48fb-951b-5142f3fde44a",
    "name": "eslint",
    "type": "devDependencies",
    "version": "^8.17.0",
  },
  Dependency {
    "cid": [],
    "id": "8c60f367-5bcd-4053-99bd-f33b2bb56eaf",
    "name": "express",
    "type": "devDependencies",
    "version": "^4.18.1",
  },
  Dependency {
    "cid": [],
    "id": "ee7fa4ee-72c0-4d43-8b48-a3b8470c737e",
    "name": "formdata-node",
    "type": "devDependencies",
    "version": "^5.0.0",
  },
  Dependency {
    "cid": [],
    "id": "e71971e5-a260-43b3-9ed1-55794e941491",
    "name": "formidable",
    "type": "devDependencies",
    "version": "^2.0.1",
  },
  Dependency {
    "cid": [],
    "id": "6e3790f5-ed8e-4f64-adca-ec897b5125de",
    "name": "fs-extra",
    "type": "devDependencies",
    "version": "^10.1.0",
  },
  Dependency {
    "cid": [],
    "id": "c1770ac2-c7fb-4ac3-a321-f4a247bf3dac",
    "name": "get-stream",
    "type": "devDependencies",
    "version": "^3.0.0",
  },
  Dependency {
    "cid": [],
    "id": "ff1f30d4-e9f5-407b-9a8d-19401dc486da",
    "name": "gulp",
    "type": "devDependencies",
    "version": "^4.0.2",
  },
  Dependency {
    "cid": [],
    "id": "bbcc0bc0-280c-4c20-9f65-181a4b9e241d",
    "name": "gzip-size",
    "type": "devDependencies",
    "version": "^7.0.0",
  },
  Dependency {
    "cid": [],
    "id": "f1c5936d-2eab-4082-8fa1-c15abba70c63",
    "name": "handlebars",
    "type": "devDependencies",
    "version": "^4.7.7",
  },
  Dependency {
    "cid": [],
    "id": "8554a1bd-4965-4df5-a6ed-2d513e3b9d51",
    "name": "husky",
    "type": "devDependencies",
    "version": "^8.0.2",
  },
  Dependency {
    "cid": [],
    "id": "19d62852-a8e6-4c11-90dd-46fac7115cd2",
    "name": "istanbul-instrumenter-loader",
    "type": "devDependencies",
    "version": "^3.0.1",
  },
  Dependency {
    "cid": [],
    "id": "02e020ec-b7cf-49c4-8c95-467de921eebd",
    "name": "jasmine-core",
    "type": "devDependencies",
    "version": "^2.4.1",
  },
  Dependency {
    "cid": [],
    "id": "e45bb3ad-b83f-40ec-93a8-b1aceb7cedba",
    "name": "karma",
    "type": "devDependencies",
    "version": "^6.3.17",
  },
  Dependency {
    "cid": [],
    "id": "dbe1ee90-3b4b-4fd3-979e-e95e5a7205b6",
    "name": "karma-chrome-launcher",
    "type": "devDependencies",
    "version": "^3.1.1",
  },
  Dependency {
    "cid": [],
    "id": "380cf360-1cc5-4bf7-92f5-8ac4e5c87bf6",
    "name": "karma-firefox-launcher",
    "type": "devDependencies",
    "version": "^2.1.2",
  },
  Dependency {
    "cid": [],
    "id": "c07b402d-4196-4bc7-8f92-4628054c977e",
    "name": "karma-jasmine",
    "type": "devDependencies",
    "version": "^1.1.1",
  },
  Dependency {
    "cid": [],
    "id": "dbda91f8-089f-46c8-a456-2770853d95e9",
    "name": "karma-jasmine-ajax",
    "type": "devDependencies",
    "version": "^0.1.13",
  },
  Dependency {
    "cid": [],
    "id": "14bec90f-c953-45b3-8724-59bc72e7fd5e",
    "name": "karma-rollup-preprocessor",
    "type": "devDependencies",
    "version": "^7.0.8",
  },
  Dependency {
    "cid": [],
    "id": "cc7a588f-45bf-4692-a347-077aee91a761",
    "name": "karma-safari-launcher",
    "type": "devDependencies",
    "version": "^1.0.0",
  },
  Dependency {
    "cid": [],
    "id": "26ffdb84-b1f1-4b2d-b736-db487b5b73b1",
    "name": "karma-sauce-launcher",
    "type": "devDependencies",
    "version": "^4.3.6",
  },
  Dependency {
    "cid": [],
    "id": "4d83845f-ed9f-43d4-a11c-749cd6dbbc36",
    "name": "karma-sinon",
    "type": "devDependencies",
    "version": "^1.0.5",
  },
  Dependency {
    "cid": [],
    "id": "cbc3c69d-3e56-45fb-9d93-8922a313c05f",
    "name": "karma-sourcemap-loader",
    "type": "devDependencies",
    "version": "^0.3.8",
  },
  Dependency {
    "cid": [],
    "id": "983f8dec-496c-43d5-be18-8c3afe2b6e19",
    "name": "minimist",
    "type": "devDependencies",
    "version": "^1.2.7",
  },
  Dependency {
    "cid": [],
    "id": "987cacb9-54d1-4107-9207-73868d2c39cc",
    "name": "mocha",
    "type": "devDependencies",
    "version": "^10.0.0",
  },
  Dependency {
    "cid": [],
    "id": "fbbb9acc-5fe8-4b66-a6cd-da5627de5e65",
    "name": "multer",
    "type": "devDependencies",
    "version": "^1.4.4",
  },
  Dependency {
    "cid": [],
    "id": "94a7dbfc-b8ee-40d2-b37b-a056c128ca74",
    "name": "pretty-bytes",
    "type": "devDependencies",
    "version": "^6.0.0",
  },
  Dependency {
    "cid": [],
    "id": "cd1398ae-d4c5-4a5b-90b1-9c008232e9b5",
    "name": "release-it",
    "type": "devDependencies",
    "version": "^15.5.1",
  },
  Dependency {
    "cid": [],
    "id": "605cb866-ff10-47b5-9400-947d3a1f9369",
    "name": "rollup",
    "type": "devDependencies",
    "version": "^2.67.0",
  },
  Dependency {
    "cid": [],
    "id": "e45c3d84-5a3c-4c54-b58e-09b73906e9c3",
    "name": "rollup-plugin-auto-external",
    "type": "devDependencies",
    "version": "^2.0.0",
  },
  Dependency {
    "cid": [],
    "id": "293bf9f8-cbbe-4a83-b302-a795f6c3e3ea",
    "name": "rollup-plugin-bundle-size",
    "type": "devDependencies",
    "version": "^1.0.3",
  },
  Dependency {
    "cid": [],
    "id": "465758f5-542d-4dca-a54d-9650ed75dffd",
    "name": "rollup-plugin-terser",
    "type": "devDependencies",
    "version": "^7.0.2",
  },
  Dependency {
    "cid": [],
    "id": "1a895397-dfa2-4f87-a92d-e4a2886c50c9",
    "name": "sinon",
    "type": "devDependencies",
    "version": "^4.5.0",
  },
  Dependency {
    "cid": [],
    "id": "2694afa0-b552-4c7a-9fba-a10a2337c267",
    "name": "stream-throttle",
    "type": "devDependencies",
    "version": "^0.1.3",
  },
  Dependency {
    "cid": [],
    "id": "5661f2cc-3c55-491c-9df4-6a249bf51504",
    "name": "string-replace-async",
    "type": "devDependencies",
    "version": "^3.0.2",
  },
  Dependency {
    "cid": [],
    "id": "5044d824-6a31-48df-be18-173ba6da6489",
    "name": "terser-webpack-plugin",
    "type": "devDependencies",
    "version": "^4.2.3",
  },
  Dependency {
    "cid": [],
    "id": "41be9a1a-7c38-4444-bbe8-81367e24d97b",
    "name": "typescript",
    "type": "devDependencies",
    "version": "^4.8.4",
  },
  Dependency {
    "cid": [],
    "id": "48978dd8-5c79-4c91-be57-06eab81c8221",
    "name": "@eslint-community/eslint-utils",
    "type": "dependencies",
    "version": "^4.2.0",
  },
  Dependency {
    "cid": [],
    "id": "82b5d9ff-895a-421d-89fd-9de514e0972e",
    "name": "@eslint-community/regexpp",
    "type": "dependencies",
    "version": "^4.4.0",
  },
  Dependency {
    "cid": [],
    "id": "e15f5c19-c31b-4b47-bb1b-4131fb9b5320",
    "name": "@eslint/eslintrc",
    "type": "dependencies",
    "version": "^2.1.0",
  },
  Dependency {
    "cid": [],
    "id": "04e59af1-621e-4d47-8ac5-2a85220a9e30",
    "name": "@eslint/js",
    "type": "dependencies",
    "version": "8.44.0",
  },
  Dependency {
    "cid": [],
    "id": "cf2ceab0-6b13-418f-8be7-0899967f47bb",
    "name": "@humanwhocodes/config-array",
    "type": "dependencies",
    "version": "^0.11.10",
  },
  Dependency {
    "cid": [],
    "id": "d2beeb19-d077-414a-a463-3969fd69e1b1",
    "name": "@humanwhocodes/module-importer",
    "type": "dependencies",
    "version": "^1.0.1",
  },
  Dependency {
    "cid": [],
    "id": "8a41fc2c-a5ee-48c9-afa9-41a03d0b8782",
    "name": "@nodelib/fs.walk",
    "type": "dependencies",
    "version": "^1.2.8",
  },
  Dependency {
    "cid": [],
    "id": "b6ddb9b2-d46f-432d-b212-d157a0daf2b3",
    "name": "ajv",
    "type": "dependencies",
    "version": "^6.10.0",
  },
  Dependency {
    "cid": [],
    "id": "5e27e370-5098-4164-b7b3-456c46f8d366",
    "name": "chalk",
    "type": "dependencies",
    "version": "^4.0.0",
  },
  Dependency {
    "cid": [],
    "id": "49bb64c0-9373-448b-b512-7b5cdc4035dc",
    "name": "cross-spawn",
    "type": "dependencies",
    "version": "^7.0.2",
  },
  Dependency {
    "cid": [],
    "id": "dec5df99-9788-4403-b799-86d78d02392c",
    "name": "debug",
    "type": "dependencies",
    "version": "^4.3.2",
  },
  Dependency {
    "cid": [],
    "id": "baa22b25-c09b-4688-8b41-f405cca23350",
    "name": "doctrine",
    "type": "dependencies",
    "version": "^3.0.0",
  },
  Dependency {
    "cid": [],
    "id": "75afe81f-e293-43c9-8eff-56512fbb92bb",
    "name": "escape-string-regexp",
    "type": "dependencies",
    "version": "^4.0.0",
  },
  Dependency {
    "cid": [],
    "id": "e3459428-de2a-42d0-b4c2-67df82e2bdf5",
    "name": "eslint-scope",
    "type": "dependencies",
    "version": "^7.2.0",
  },
  Dependency {
    "cid": [],
    "id": "dc41ef28-3b68-4b96-a26a-b866525df3f4",
    "name": "eslint-visitor-keys",
    "type": "dependencies",
    "version": "^3.4.1",
  },
  Dependency {
    "cid": [],
    "id": "68e016be-7c62-4653-a3bf-36ead01850bc",
    "name": "espree",
    "type": "dependencies",
    "version": "^9.6.0",
  },
  Dependency {
    "cid": [],
    "id": "e3408759-977a-4d95-af33-c755336f825e",
    "name": "esquery",
    "type": "dependencies",
    "version": "^1.4.2",
  },
  Dependency {
    "cid": [],
    "id": "3d1711a6-87a5-4095-a1d1-1f5164772ffa",
    "name": "esutils",
    "type": "dependencies",
    "version": "^2.0.2",
  },
  Dependency {
    "cid": [],
    "id": "6a845a64-cffe-4b0c-a14b-7f0d1e931256",
    "name": "fast-deep-equal",
    "type": "dependencies",
    "version": "^3.1.3",
  },
  Dependency {
    "cid": [],
    "id": "af6ef7e1-cc27-4965-8557-d4cdc7c885a9",
    "name": "file-entry-cache",
    "type": "dependencies",
    "version": "^6.0.1",
  },
  Dependency {
    "cid": [],
    "id": "c4c002bc-5922-4fac-b8b3-5296d87fd599",
    "name": "find-up",
    "type": "dependencies",
    "version": "^5.0.0",
  },
  Dependency {
    "cid": [],
    "id": "8215d4a9-61c2-440a-8fad-fb0f731624fb",
    "name": "glob-parent",
    "type": "dependencies",
    "version": "^6.0.2",
  },
  Dependency {
    "cid": [],
    "id": "a0c9c77f-f053-473f-b347-b341edd19e5a",
    "name": "globals",
    "type": "dependencies",
    "version": "^13.19.0",
  },
  Dependency {
    "cid": [],
    "id": "4ea6dcbe-4bea-42c2-b317-2f35c62e70b7",
    "name": "graphemer",
    "type": "dependencies",
    "version": "^1.4.0",
  },
  Dependency {
    "cid": [],
    "id": "c1b56a02-cc3a-4a0c-9a93-68398d256c5e",
    "name": "ignore",
    "type": "dependencies",
    "version": "^5.2.0",
  },
  Dependency {
    "cid": [],
    "id": "bb8221f7-399e-44c9-a727-fb9e7fae6e4a",
    "name": "imurmurhash",
    "type": "dependencies",
    "version": "^0.1.4",
  },
  Dependency {
    "cid": [],
    "id": "08a7dbc7-1c44-42f1-bba4-0381a70f7708",
    "name": "is-glob",
    "type": "dependencies",
    "version": "^4.0.0",
  },
  Dependency {
    "cid": [],
    "id": "6ee8b548-9472-4eb5-a2aa-f1656b78814c",
    "name": "is-path-inside",
    "type": "dependencies",
    "version": "^3.0.3",
  },
  Dependency {
    "cid": [],
    "id": "d9165ea0-77f4-4a5c-b49c-9cecf887e828",
    "name": "js-yaml",
    "type": "dependencies",
    "version": "^4.1.0",
  },
  Dependency {
    "cid": [],
    "id": "29b8b908-cfdd-4890-ae5d-de0acb65fbde",
    "name": "json-stable-stringify-without-jsonify",
    "type": "dependencies",
    "version": "^1.0.1",
  },
  Dependency {
    "cid": [],
    "id": "f76a78b3-1fd5-4b01-876d-d3160c699cd7",
    "name": "levn",
    "type": "dependencies",
    "version": "^0.4.1",
  },
  Dependency {
    "cid": [],
    "id": "3b9ff266-b112-40dd-9a67-ceb903a59373",
    "name": "lodash.merge",
    "type": "dependencies",
    "version": "^4.6.2",
  },
  Dependency {
    "cid": [],
    "id": "9fdf464d-9593-47f5-b7da-20e7658e941c",
    "name": "minimatch",
    "type": "dependencies",
    "version": "^3.1.2",
  },
  Dependency {
    "cid": [],
    "id": "4bb5b343-4f64-4dc2-841b-c157df08f23b",
    "name": "natural-compare",
    "type": "dependencies",
    "version": "^1.4.0",
  },
  Dependency {
    "cid": [],
    "id": "0303b3cc-0515-4994-aa91-bae001d6176a",
    "name": "optionator",
    "type": "dependencies",
    "version": "^0.9.3",
  },
  Dependency {
    "cid": [],
    "id": "abf8b978-0d05-41a5-910b-0c3a2c2af3f2",
    "name": "strip-ansi",
    "type": "dependencies",
    "version": "^6.0.1",
  },
  Dependency {
    "cid": [],
    "id": "e1c99e89-973a-45b1-949d-e171dc6915c6",
    "name": "text-table",
    "type": "dependencies",
    "version": "^0.2.0",
  },
  Dependency {
    "cid": [],
    "id": "527469ab-b6fa-44d1-91b8-da327935f6d7",
    "name": "@babel/core",
    "type": "devDependencies",
    "version": "^7.4.3",
  },
  Dependency {
    "cid": [],
    "id": "70d45726-2bd8-4d72-bad5-5de2c3bec8b3",
    "name": "@babel/preset-env",
    "type": "devDependencies",
    "version": "^7.4.3",
  },
  Dependency {
    "cid": [],
    "id": "0cf1633a-2834-408b-b20d-0716f4bc1e5a",
    "name": "babel-loader",
    "type": "devDependencies",
    "version": "^8.0.5",
  },
  Dependency {
    "cid": [],
    "id": "be17e4aa-6ccc-4ade-888e-e6f84886aa23",
    "name": "c8",
    "type": "devDependencies",
    "version": "^7.12.0",
  },
  Dependency {
    "cid": [],
    "id": "648fe512-be0d-46eb-bd15-f993df311522",
    "name": "chai",
    "type": "devDependencies",
    "version": "^4.0.1",
  },
  Dependency {
    "cid": [],
    "id": "93d5917d-5461-4361-be3c-5e7b52c21c56",
    "name": "cheerio",
    "type": "devDependencies",
    "version": "^0.22.0",
  },
  Dependency {
    "cid": [],
    "id": "346f4e06-725f-4613-907c-b84aa6b2dbce",
    "name": "common-tags",
    "type": "devDependencies",
    "version": "^1.8.0",
  },
  Dependency {
    "cid": [],
    "id": "51d7cee9-64bc-42a3-8e96-bb27e5881e31",
    "name": "core-js",
    "type": "devDependencies",
    "version": "^3.1.3",
  },
  Dependency {
    "cid": [],
    "id": "12ea0f32-1a2f-4931-b55d-40ce80d20317",
    "name": "ejs",
    "type": "devDependencies",
    "version": "^3.0.2",
  },
  Dependency {
    "cid": [],
    "id": "9fd876b6-89b0-4d3f-bf92-88901f3ec4a6",
    "name": "eslint",
    "type": "devDependencies",
    "version": "file:.",
  },
  Dependency {
    "cid": [],
    "id": "03bfa0ce-7b99-4b4e-a54a-9cb693ee36e7",
    "name": "eslint-config-eslint",
    "type": "devDependencies",
    "version": "file:packages/eslint-config-eslint",
  },
  Dependency {
    "cid": [],
    "id": "754e3f15-db8e-42c6-8283-3c984ca103c4",
    "name": "eslint-plugin-eslint-comments",
    "type": "devDependencies",
    "version": "^3.2.0",
  },
  Dependency {
    "cid": [],
    "id": "1e399aee-80b6-43cf-9cd9-6d608c72b78f",
    "name": "eslint-plugin-eslint-plugin",
    "type": "devDependencies",
    "version": "^5.1.0",
  },
  Dependency {
    "cid": [],
    "id": "d3c65486-98c2-4ad5-8918-d2c219f9f46e",
    "name": "eslint-plugin-internal-rules",
    "type": "devDependencies",
    "version": "file:tools/internal-rules",
  },
  Dependency {
    "cid": [],
    "id": "37f571ee-80fb-43c5-bff1-c78bf4142068",
    "name": "eslint-plugin-jsdoc",
    "type": "devDependencies",
    "version": "^46.2.5",
  },
  Dependency {
    "cid": [],
    "id": "c8d30457-5ca2-4997-b6ee-691b5d48bd71",
    "name": "eslint-plugin-n",
    "type": "devDependencies",
    "version": "^16.0.0",
  },
  Dependency {
    "cid": [],
    "id": "37fbfa5f-a734-4169-bd90-30ca79709d1b",
    "name": "eslint-plugin-unicorn",
    "type": "devDependencies",
    "version": "^42.0.0",
  },
  Dependency {
    "cid": [],
    "id": "08317aa2-50eb-427e-8a95-928af0fa7a62",
    "name": "eslint-release",
    "type": "devDependencies",
    "version": "^3.2.0",
  },
  Dependency {
    "cid": [],
    "id": "640c319e-c297-4179-a738-24ef6efdfbe4",
    "name": "eslump",
    "type": "devDependencies",
    "version": "^3.0.0",
  },
  Dependency {
    "cid": [],
    "id": "1d42e6c4-6e81-4d1a-baf2-f1d35eda197d",
    "name": "esprima",
    "type": "devDependencies",
    "version": "^4.0.1",
  },
  Dependency {
    "cid": [],
    "id": "851c1843-aa1b-4db4-a3d3-5a272f8b8cfc",
    "name": "fast-glob",
    "type": "devDependencies",
    "version": "^3.2.11",
  },
  Dependency {
    "cid": [],
    "id": "4ee717b9-6da3-46f8-a8e7-383c2cd8e8d2",
    "name": "fs-teardown",
    "type": "devDependencies",
    "version": "^0.1.3",
  },
  Dependency {
    "cid": [],
    "id": "4bf549f9-c0d2-4678-900b-85e4670383a0",
    "name": "glob",
    "type": "devDependencies",
    "version": "^7.1.6",
  },
  Dependency {
    "cid": [],
    "id": "efc6abbd-a294-467b-b45c-d333c08481ac",
    "name": "got",
    "type": "devDependencies",
    "version": "^11.8.3",
  },
  Dependency {
    "cid": [],
    "id": "71a8847e-3220-40be-add3-65fd867e625d",
    "name": "gray-matter",
    "type": "devDependencies",
    "version": "^4.0.3",
  },
  Dependency {
    "cid": [],
    "id": "36ef7893-6e7b-4e5a-bc25-28d2b1c0fd25",
    "name": "karma",
    "type": "devDependencies",
    "version": "^6.1.1",
  },
  Dependency {
    "cid": [],
    "id": "9c9caba4-31b1-4f19-940f-86583c1082dd",
    "name": "karma-chrome-launcher",
    "type": "devDependencies",
    "version": "^3.1.0",
  },
  Dependency {
    "cid": [],
    "id": "e88b5baf-1ce2-4f09-ac81-57b2f0fe8dc6",
    "name": "karma-mocha",
    "type": "devDependencies",
    "version": "^2.0.1",
  },
  Dependency {
    "cid": [],
    "id": "5b0ded41-65cd-43f9-9fa5-6bb142523e3b",
    "name": "karma-mocha-reporter",
    "type": "devDependencies",
    "version": "^2.2.5",
  },
  Dependency {
    "cid": [],
    "id": "e35bfd1a-abb8-40e7-b210-4d9577e8ed28",
    "name": "karma-webpack",
    "type": "devDependencies",
    "version": "^5.0.0",
  },
  Dependency {
    "cid": [],
    "id": "735a8d55-ea2d-4fdc-bbc8-85d9da917a44",
    "name": "lint-staged",
    "type": "devDependencies",
    "version": "^11.0.0",
  },
  Dependency {
    "cid": [],
    "id": "2206e8c3-6dd5-4405-80dc-b5adf1fae675",
    "name": "load-perf",
    "type": "devDependencies",
    "version": "^0.2.0",
  },
  Dependency {
    "cid": [],
    "id": "7976fb48-2bed-41df-b3cf-5429986069ec",
    "name": "markdownlint",
    "type": "devDependencies",
    "version": "^0.25.1",
  },
  Dependency {
    "cid": [],
    "id": "2f9fa231-5ec7-4292-962d-3376d9736baa",
    "name": "markdownlint-cli",
    "type": "devDependencies",
    "version": "^0.31.1",
  },
  Dependency {
    "cid": [],
    "id": "c30a03de-423b-457e-8868-66e6bb016515",
    "name": "marked",
    "type": "devDependencies",
    "version": "^4.0.8",
  },
  Dependency {
    "cid": [],
    "id": "162da929-17f0-4052-b216-3f66271d64cf",
    "name": "memfs",
    "type": "devDependencies",
    "version": "^3.0.1",
  },
  Dependency {
    "cid": [],
    "id": "24ee5ae3-e6a9-40ea-9276-f8dcbd1938f9",
    "name": "metascraper",
    "type": "devDependencies",
    "version": "^5.25.7",
  },
  Dependency {
    "cid": [],
    "id": "5413cd38-3da5-447f-9e53-8bd55cbfcf19",
    "name": "metascraper-description",
    "type": "devDependencies",
    "version": "^5.25.7",
  },
  Dependency {
    "cid": [],
    "id": "60b2a545-70c8-4f6e-a2c9-c77d96999192",
    "name": "metascraper-image",
    "type": "devDependencies",
    "version": "^5.29.3",
  },
  Dependency {
    "cid": [],
    "id": "d856a864-5eae-4d29-a931-4eae07c4f14e",
    "name": "metascraper-logo",
    "type": "devDependencies",
    "version": "^5.25.7",
  },
  Dependency {
    "cid": [],
    "id": "609b663b-ad95-4f4d-82fa-ab2534cae39d",
    "name": "metascraper-logo-favicon",
    "type": "devDependencies",
    "version": "^5.25.7",
  },
  Dependency {
    "cid": [],
    "id": "f5797422-3e35-49af-9841-6d86a5c61dbe",
    "name": "metascraper-title",
    "type": "devDependencies",
    "version": "^5.25.7",
  },
  Dependency {
    "cid": [],
    "id": "f9d8720f-519a-47e1-908e-c8f55b49cc9b",
    "name": "mocha",
    "type": "devDependencies",
    "version": "^8.3.2",
  },
  Dependency {
    "cid": [],
    "id": "db174148-af68-417e-829a-bd1c0451716a",
    "name": "mocha-junit-reporter",
    "type": "devDependencies",
    "version": "^2.0.0",
  },
  Dependency {
    "cid": [],
    "id": "bdfc10f8-351a-494f-8e42-287c43b7a432",
    "name": "node-polyfill-webpack-plugin",
    "type": "devDependencies",
    "version": "^1.0.3",
  },
  Dependency {
    "cid": [],
    "id": "3929f7bc-e0b5-4422-8a31-5cd9a7281c40",
    "name": "npm-license",
    "type": "devDependencies",
    "version": "^0.3.3",
  },
  Dependency {
    "cid": [],
    "id": "d79c8b0e-7cc4-440f-b1f3-e004fd8d8d54",
    "name": "pirates",
    "type": "devDependencies",
    "version": "^4.0.5",
  },
  Dependency {
    "cid": [],
    "id": "4a2f8f50-939c-4dcb-8a4f-41c21352adcd",
    "name": "progress",
    "type": "devDependencies",
    "version": "^2.0.3",
  },
  Dependency {
    "cid": [],
    "id": "00ed7c95-c40c-4f79-9129-9c9416191ec9",
    "name": "proxyquire",
    "type": "devDependencies",
    "version": "^2.0.1",
  },
  Dependency {
    "cid": [],
    "id": "b4bc5dbf-bb83-4070-a4bb-2574f7736852",
    "name": "puppeteer",
    "type": "devDependencies",
    "version": "^13.7.0",
  },
  Dependency {
    "cid": [],
    "id": "b2cc5393-c680-407f-83c1-ece517ca50e9",
    "name": "recast",
    "type": "devDependencies",
    "version": "^0.20.4",
  },
  Dependency {
    "cid": [],
    "id": "475cffba-963c-4b96-8114-9587291e6aed",
    "name": "regenerator-runtime",
    "type": "devDependencies",
    "version": "^0.13.2",
  },
  Dependency {
    "cid": [],
    "id": "04c09c75-2dc0-45e8-b66a-b24b3aa1cd64",
    "name": "semver",
    "type": "devDependencies",
    "version": "^7.5.3",
  },
  Dependency {
    "cid": [],
    "id": "7514b561-8a0a-4cfa-b2ba-25a0c1d6ac4b",
    "name": "shelljs",
    "type": "devDependencies",
    "version": "^0.8.2",
  },
  Dependency {
    "cid": [],
    "id": "24334b21-d00b-42a7-81d2-266039d05d8d",
    "name": "sinon",
    "type": "devDependencies",
    "version": "^11.0.0",
  },
  Dependency {
    "cid": [],
    "id": "68d66656-aa90-46d0-8479-4c114182bf2c",
    "name": "webpack",
    "type": "devDependencies",
    "version": "^5.23.0",
  },
  Dependency {
    "cid": [],
    "id": "1fbe610f-2a65-4461-98b8-ed1023a8e663",
    "name": "webpack-cli",
    "type": "devDependencies",
    "version": "^4.5.0",
  },
  Dependency {
    "cid": [],
    "id": "4c60c1b0-22fc-4348-8c5a-78deb6ab3ccc",
    "name": "yorkie",
    "type": "devDependencies",
    "version": "^2.0.0",
  },
  Dependency {
    "cid": [],
    "id": "249e60de-cbbd-4be3-a2ca-0e4fd50bf97d",
    "name": "@typescript-eslint/parser-v2",
    "type": "devDependencies",
    "version": "npm:@typescript-eslint/parser@^2.26.0",
  },
  Dependency {
    "cid": [],
    "id": "b7fd2419-2b6d-4393-adc3-1d37a0a36de0",
    "name": "@typescript-eslint/parser-v3",
    "type": "devDependencies",
    "version": "npm:@typescript-eslint/parser@^3.10.0",
  },
  Dependency {
    "cid": [],
    "id": "7fc45817-b467-4697-bfb7-6926f90b8d9c",
    "name": "@typescript-eslint/parser-v4",
    "type": "devDependencies",
    "version": "npm:@typescript-eslint/parser@^4.1.0",
  },
  Dependency {
    "cid": [],
    "id": "67d1c4ed-553b-46d8-9327-6e8bcb8505d6",
    "name": "@typescript-eslint/parser-v5",
    "type": "devDependencies",
    "version": "npm:@typescript-eslint/parser@^5.0.0-0",
  },
  Dependency {
    "cid": [],
    "id": "029ba911-9d62-4146-9372-1b655dd87fa2",
    "name": "@commitlint/cli",
    "type": "devDependencies",
    "version": "^17.3.0",
  },
  Dependency {
    "cid": [],
    "id": "a512591d-8890-4e26-9dbb-1d7109e9bda9",
    "name": "@commitlint/config-conventional",
    "type": "devDependencies",
    "version": "^17.3.0",
  },
  Dependency {
    "cid": [],
    "id": "bd656051-0729-4df3-8974-47ae042ec5f9",
    "name": "@tsconfig/node14",
    "type": "devDependencies",
    "version": "^1.0.3",
  },
  Dependency {
    "cid": [],
    "id": "3a725f02-83f7-4125-98db-8165fc566bde",
    "name": "@typicode/eslint-config",
    "type": "devDependencies",
    "version": "^1.1.0",
  },
  Dependency {
    "cid": [],
    "id": "a9f110cb-55c2-4b28-9820-fc8e44123881",
    "name": "docsify-cli",
    "type": "devDependencies",
    "version": "^4.4.4",
  },
  Dependency {
    "cid": [],
    "id": "1a94ac16-c28b-40f9-bfba-44838d8b902e",
    "name": "typescript",
    "type": "devDependencies",
    "version": "^4.9.4",
  },
  Dependency {
    "cid": [],
    "id": "d5fe88c4-cc61-435c-a9fa-3e0b5d018244",
    "name": "abab",
    "type": "dependencies",
    "version": "^2.0.6",
  },
  Dependency {
    "cid": [],
    "id": "f820d558-9669-4e1f-9bee-c4896faacd88",
    "name": "cssstyle",
    "type": "dependencies",
    "version": "^3.0.0",
  },
  Dependency {
    "cid": [],
    "id": "008f7721-6ff3-4c04-9b9e-6519587caa04",
    "name": "data-urls",
    "type": "dependencies",
    "version": "^4.0.0",
  },
  Dependency {
    "cid": [],
    "id": "010fb793-8da4-4883-b040-af43f5d0d5aa",
    "name": "decimal.js",
    "type": "dependencies",
    "version": "^10.4.3",
  },
  Dependency {
    "cid": [],
    "id": "52ef844d-cc4e-4639-a7f7-aec3ae95917e",
    "name": "domexception",
    "type": "dependencies",
    "version": "^4.0.0",
  },
  Dependency {
    "cid": [],
    "id": "a985400a-a705-4502-bbdb-cb1d7c813be8",
    "name": "form-data",
    "type": "dependencies",
    "version": "^4.0.0",
  },
  Dependency {
    "cid": [],
    "id": "f12f5144-e5ca-42c8-8448-c7050e782b50",
    "name": "html-encoding-sniffer",
    "type": "dependencies",
    "version": "^3.0.0",
  },
  Dependency {
    "cid": [],
    "id": "1b7deba7-3599-41b3-9b6d-db41fc59a1f8",
    "name": "http-proxy-agent",
    "type": "dependencies",
    "version": "^5.0.0",
  },
  Dependency {
    "cid": [],
    "id": "e3246b4e-5323-4e2a-bc65-6fb84e333f42",
    "name": "https-proxy-agent",
    "type": "dependencies",
    "version": "^5.0.1",
  },
  Dependency {
    "cid": [],
    "id": "c9fea5c7-a85c-482f-8817-104015d76047",
    "name": "is-potential-custom-element-name",
    "type": "dependencies",
    "version": "^1.0.1",
  },
  Dependency {
    "cid": [],
    "id": "b858540b-e428-413c-a3da-2da7539568e6",
    "name": "nwsapi",
    "type": "dependencies",
    "version": "^2.2.4",
  },
  Dependency {
    "cid": [],
    "id": "74d7b0d2-107e-45dd-bb40-4e4ee4d1f1f5",
    "name": "parse5",
    "type": "dependencies",
    "version": "^7.1.2",
  },
  Dependency {
    "cid": [],
    "id": "001ee9d5-9638-43c4-8304-ce2488d402d2",
    "name": "rrweb-cssom",
    "type": "dependencies",
    "version": "^0.6.0",
  },
  Dependency {
    "cid": [],
    "id": "713e4337-2926-41f9-8d17-bdb79f31e963",
    "name": "saxes",
    "type": "dependencies",
    "version": "^6.0.0",
  },
  Dependency {
    "cid": [],
    "id": "f56d7e03-08ba-4029-a7ef-d5356a92fab3",
    "name": "symbol-tree",
    "type": "dependencies",
    "version": "^3.2.4",
  },
  Dependency {
    "cid": [],
    "id": "604775c5-2403-4d63-ae03-a79773763f44",
    "name": "tough-cookie",
    "type": "dependencies",
    "version": "^4.1.2",
  },
  Dependency {
    "cid": [],
    "id": "89ecc292-4725-432b-aca9-1e3dff48dc2b",
    "name": "w3c-xmlserializer",
    "type": "dependencies",
    "version": "^4.0.0",
  },
  Dependency {
    "cid": [],
    "id": "6450c11b-1be2-4294-b1ef-fe04fcda6c04",
    "name": "webidl-conversions",
    "type": "dependencies",
    "version": "^7.0.0",
  },
  Dependency {
    "cid": [],
    "id": "c9e3489d-e881-435f-a295-000aa45a1b09",
    "name": "whatwg-encoding",
    "type": "dependencies",
    "version": "^2.0.0",
  },
  Dependency {
    "cid": [],
    "id": "f6544bcc-9683-4ae0-bd8e-7545c40a6547",
    "name": "whatwg-mimetype",
    "type": "dependencies",
    "version": "^3.0.0",
  },
  Dependency {
    "cid": [],
    "id": "d6bde62b-e6e6-43b9-a9e1-a4d85bb6d31d",
    "name": "whatwg-url",
    "type": "dependencies",
    "version": "^12.0.1",
  },
  Dependency {
    "cid": [],
    "id": "1edb6863-23dc-4a68-aa6b-7fa38a2d08a4",
    "name": "ws",
    "type": "dependencies",
    "version": "^8.13.0",
  },
  Dependency {
    "cid": [],
    "id": "caf2ca51-d834-45b2-9f32-26c6544d4a46",
    "name": "xml-name-validator",
    "type": "dependencies",
    "version": "^4.0.0",
  },
  Dependency {
    "cid": [],
    "id": "8ecc6f83-da25-42a7-b0d6-ba1a8ba50f58",
    "name": "@domenic/eslint-config",
    "type": "devDependencies",
    "version": "^3.0.0",
  },
  Dependency {
    "cid": [],
    "id": "3fad4884-5ce6-43da-830c-dc0950e10716",
    "name": "benchmark",
    "type": "devDependencies",
    "version": "^2.1.4",
  },
  Dependency {
    "cid": [],
    "id": "a9594e31-3e1c-4254-bcbe-2143349af847",
    "name": "chai",
    "type": "devDependencies",
    "version": "^4.3.7",
  },
  Dependency {
    "cid": [],
    "id": "999b14ca-5bb2-4abf-93bc-8d29c39b321b",
    "name": "eslint",
    "type": "devDependencies",
    "version": "^8.39.0",
  },
  Dependency {
    "cid": [],
    "id": "63a6afea-8e9b-4f1e-8de0-1be2324433dc",
    "name": "eslint-plugin-html",
    "type": "devDependencies",
    "version": "^7.1.0",
  },
  Dependency {
    "cid": [],
    "id": "c5e5e322-5481-425a-ae66-1b17d0b4250a",
    "name": "eslint-plugin-jsdom-internal",
    "type": "devDependencies",
    "version": "link:./scripts/eslint-plugin",
  },
  Dependency {
    "cid": [],
    "id": "89cdbf42-b7a3-4060-9b3e-a80e0271d4e2",
    "name": "js-yaml",
    "type": "devDependencies",
    "version": "^4.1.0",
  },
  Dependency {
    "cid": [],
    "id": "747d73c4-659a-42b4-b2e6-3142aadf56f8",
    "name": "minimatch",
    "type": "devDependencies",
    "version": "^9.0.0",
  },
  Dependency {
    "cid": [],
    "id": "6337213c-0402-43d3-9452-01de76d4b021",
    "name": "mocha",
    "type": "devDependencies",
    "version": "^10.2.0",
  },
  Dependency {
    "cid": [],
    "id": "098b7404-845c-4df9-8199-735e46abb052",
    "name": "mocha-sugar-free",
    "type": "devDependencies",
    "version": "^1.4.0",
  },
  Dependency {
    "cid": [],
    "id": "4cb4c724-d7f8-4190-b52c-75ee4b15512d",
    "name": "pngjs",
    "type": "devDependencies",
    "version": "^7.0.0",
  },
  Dependency {
    "cid": [],
    "id": "69032e16-f2c8-46b8-b687-cd194b638067",
    "name": "server-destroy",
    "type": "devDependencies",
    "version": "^1.0.1",
  },
  Dependency {
    "cid": [],
    "id": "52f300c1-7004-495f-ba5f-d99a5766b7f4",
    "name": "webidl2js",
    "type": "devDependencies",
    "version": "^17.1.0",
  },
  Dependency {
    "cid": [],
    "id": "f433b862-c767-4702-95bb-29009cd6e6d1",
    "name": "yargs",
    "type": "devDependencies",
    "version": "^17.7.2",
  },
  Dependency {
    "cid": [],
    "id": "87e3947b-a3d8-4f35-8072-5c5774116a25",
    "name": "is-wsl",
    "type": "dependencies",
    "version": "^1.1.0",
  },
  Dependency {
    "cid": [],
    "id": "ef19bbc1-c42b-4d75-ab56-ca730b7026cf",
    "name": "ava",
    "type": "devDependencies",
    "version": "^1.4.0",
  },
  Dependency {
    "cid": [],
    "id": "4542f5d5-f3ba-4195-b0cb-c15d3a411533",
    "name": "xo",
    "type": "devDependencies",
    "version": "^0.24.0",
  },
  Dependency {
    "cid": [],
    "id": "bc7cc597-1ff5-4bf3-9409-3ffc3fed1a34",
    "name": "process",
    "type": "dependencies",
    "version": "^0.11.1",
  },
  Dependency {
    "cid": [],
    "id": "a81630e4-d590-41b6-bc4e-3abbf2344d5b",
    "name": "util",
    "type": "dependencies",
    "version": "^0.10.3",
  },
  Dependency {
    "cid": [],
    "id": "c3527024-b04a-437d-89f8-2202febcaf51",
    "name": "@esfx/canceltoken",
    "type": "devDependencies",
    "version": "^1.0.0",
  },
  Dependency {
    "cid": [],
    "id": "3bdc0e4b-1745-40b6-b549-4d7546dc7118",
    "name": "@octokit/rest",
    "type": "devDependencies",
    "version": "latest",
  },
  Dependency {
    "cid": [],
    "id": "6efd8f1d-96d0-4899-ae8f-401c79d12e16",
    "name": "@typescript-eslint/eslint-plugin",
    "type": "devDependencies",
    "version": "^5.33.1",
  },
  Dependency {
    "cid": [],
    "id": "39daff1f-0904-4b56-9a15-8d470868cc3a",
    "name": "@typescript-eslint/parser",
    "type": "devDependencies",
    "version": "^5.33.1",
  },
  Dependency {
    "cid": [],
    "id": "83f1366f-68d9-46eb-91cf-d9c6c15e8a3d",
    "name": "@typescript-eslint/utils",
    "type": "devDependencies",
    "version": "^5.33.1",
  },
  Dependency {
    "cid": [],
    "id": "e1e38d60-c795-42bb-9752-2ea6e437c50d",
    "name": "azure-devops-node-api",
    "type": "devDependencies",
    "version": "^11.2.0",
  },
  Dependency {
    "cid": [],
    "id": "c6521db8-e83f-4327-a4be-b5f62ccd4baf",
    "name": "chai",
    "type": "devDependencies",
    "version": "^4.3.7",
  },
  Dependency {
    "cid": [],
    "id": "959faaa1-e936-4eb4-88a3-eda898095be8",
    "name": "chalk",
    "type": "devDependencies",
    "version": "^4.1.2",
  },
  Dependency {
    "cid": [],
    "id": "1e1ea60d-9259-49ba-bc98-78b1db225b67",
    "name": "chokidar",
    "type": "devDependencies",
    "version": "^3.5.3",
  },
  Dependency {
    "cid": [],
    "id": "929c1e1c-5a7e-49d4-8287-7a199c12a618",
    "name": "del",
    "type": "devDependencies",
    "version": "^6.1.1",
  },
  Dependency {
    "cid": [],
    "id": "f6cdb183-5197-40c8-b899-ee7f6158b2dc",
    "name": "diff",
    "type": "devDependencies",
    "version": "^5.1.0",
  },
  Dependency {
    "cid": [],
    "id": "d68cc283-6608-4c2f-91e8-2b25d3785574",
    "name": "esbuild",
    "type": "devDependencies",
    "version": "^0.17.2",
  },
  Dependency {
    "cid": [],
    "id": "59a4b012-3203-40eb-abee-bb85eaf0b16e",
    "name": "eslint",
    "type": "devDependencies",
    "version": "^8.22.0",
  },
  Dependency {
    "cid": [],
    "id": "ec871e9b-4e82-4213-987a-c018e253b769",
    "name": "eslint-formatter-autolinkable-stylish",
    "type": "devDependencies",
    "version": "^1.2.0",
  },
  Dependency {
    "cid": [],
    "id": "3eef867f-cbdb-4e34-a895-dae335ce130f",
    "name": "eslint-plugin-import",
    "type": "devDependencies",
    "version": "^2.26.0",
  },
  Dependency {
    "cid": [],
    "id": "18ef9ebc-a879-4bec-b0da-8a73636a0e67",
    "name": "eslint-plugin-local",
    "type": "devDependencies",
    "version": "^1.0.0",
  },
  Dependency {
    "cid": [],
    "id": "4b970f8e-b37c-4dda-a3b1-d3c9206d1782",
    "name": "eslint-plugin-no-null",
    "type": "devDependencies",
    "version": "^1.0.2",
  },
  Dependency {
    "cid": [],
    "id": "19ce11ff-d800-4264-afa4-197a63e8feee",
    "name": "eslint-plugin-simple-import-sort",
    "type": "devDependencies",
    "version": "^10.0.0",
  },
  Dependency {
    "cid": [],
    "id": "a2a44a0a-25ac-4176-99e1-f71b27b41579",
    "name": "fast-xml-parser",
    "type": "devDependencies",
    "version": "^4.0.11",
  },
  Dependency {
    "cid": [],
    "id": "be8e85c9-a3c3-4df6-b6d1-0cd75976747a",
    "name": "fs-extra",
    "type": "devDependencies",
    "version": "^9.1.0",
  },
  Dependency {
    "cid": [],
    "id": "bceaaf90-e57a-4434-afe7-492229321ab3",
    "name": "glob",
    "type": "devDependencies",
    "version": "^8.1.0",
  },
  Dependency {
    "cid": [],
    "id": "5e51d286-ef3e-4b80-9212-e1a80dca005f",
    "name": "hereby",
    "type": "devDependencies",
    "version": "^1.6.4",
  },
  Dependency {
    "cid": [],
    "id": "3482a67c-b8b3-4ae8-a238-a35c260b63a5",
    "name": "jsonc-parser",
    "type": "devDependencies",
    "version": "^3.2.0",
  },
  Dependency {
    "cid": [],
    "id": "01a3d9aa-92b8-4142-b77c-f95a98a623ef",
    "name": "minimist",
    "type": "devDependencies",
    "version": "^1.2.8",
  },
  Dependency {
    "cid": [],
    "id": "d79513ad-5ed6-4883-be41-c1b0b156b90d",
    "name": "mocha",
    "type": "devDependencies",
    "version": "^10.2.0",
  },
  Dependency {
    "cid": [],
    "id": "b54c45a5-c3dd-4269-b822-5593d56dc109",
    "name": "mocha-fivemat-progress-reporter",
    "type": "devDependencies",
    "version": "^0.1.0",
  },
  Dependency {
    "cid": [],
    "id": "467fd905-a34e-4cd6-b089-04fd08f1c91b",
    "name": "ms",
    "type": "devDependencies",
    "version": "^2.1.3",
  },
  Dependency {
    "cid": [],
    "id": "7891f6a6-997d-4290-985b-ca2da21891bd",
    "name": "node-fetch",
    "type": "devDependencies",
    "version": "^3.2.10",
  },
  Dependency {
    "cid": [],
    "id": "62c6489d-8fad-4d61-b255-cd4190aa2de1",
    "name": "source-map-support",
    "type": "devDependencies",
    "version": "^0.5.21",
  },
  Dependency {
    "cid": [],
    "id": "453349d6-e835-4d7a-8198-a916bb42cd6a",
    "name": "typescript",
    "type": "devDependencies",
    "version": "5.0.0-dev.20230112",
  },
  Dependency {
    "cid": [],
    "id": "0ffa07f5-949f-48d3-a76a-9f97b7ffc75a",
    "name": "which",
    "type": "devDependencies",
    "version": "^2.0.2",
  },
  Dependency {
    "cid": [],
    "id": "77d93d70-94dd-4ca2-a5c4-c10d22070eb7",
    "name": "esbuild",
    "type": "dependencies",
    "version": "^0.18.10",
  },
  Dependency {
    "cid": [],
    "id": "721c9260-c43a-4ab5-9fe1-646e153f6882",
    "name": "postcss",
    "type": "dependencies",
    "version": "^8.4.26",
  },
  Dependency {
    "cid": [],
    "id": "fa7504bb-6373-4724-95b3-43756c0f9141",
    "name": "rollup",
    "type": "dependencies",
    "version": "^3.25.2",
  },
  Dependency {
    "cid": [],
    "id": "61d9d88c-eebd-4990-9f08-9a31596101b9",
    "name": "@ampproject/remapping",
    "type": "devDependencies",
    "version": "^2.2.1",
  },
  Dependency {
    "cid": [],
    "id": "b7b34ca6-c69c-48e2-a7ab-36238a4858ea",
    "name": "@babel/parser",
    "type": "devDependencies",
    "version": "^7.22.7",
  },
  Dependency {
    "cid": [],
    "id": "79d4ac6e-2590-4c45-8b2e-bcb35ab71313",
    "name": "@babel/types",
    "type": "devDependencies",
    "version": "^7.22.5",
  },
  Dependency {
    "cid": [],
    "id": "cd0d2aa9-4cdc-4fe7-99e5-fa9a92662e7f",
    "name": "@jridgewell/trace-mapping",
    "type": "devDependencies",
    "version": "^0.3.18",
  },
  Dependency {
    "cid": [],
    "id": "34afc8ab-d21c-4c34-82a7-74c4b8797d74",
    "name": "@rollup/plugin-alias",
    "type": "devDependencies",
    "version": "^4.0.4",
  },
  Dependency {
    "cid": [],
    "id": "a9ed5807-a2ce-468f-8e47-553aa4ad376a",
    "name": "@rollup/plugin-commonjs",
    "type": "devDependencies",
    "version": "^25.0.3",
  },
  Dependency {
    "cid": [],
    "id": "5bb552b6-fc7e-4f77-afb9-50404c537a5e",
    "name": "@rollup/plugin-dynamic-import-vars",
    "type": "devDependencies",
    "version": "^2.0.4",
  },
  Dependency {
    "cid": [],
    "id": "3852e35d-7b2c-4e36-9e49-daba5690a810",
    "name": "@rollup/plugin-json",
    "type": "devDependencies",
    "version": "^6.0.0",
  },
  Dependency {
    "cid": [],
    "id": "99f22c9a-43a9-4b76-bb55-a92d4e7beab4",
    "name": "@rollup/plugin-node-resolve",
    "type": "devDependencies",
    "version": "15.1.0",
  },
  Dependency {
    "cid": [],
    "id": "1cb7e839-f8b9-41e9-8b89-de9e1415b190",
    "name": "@rollup/plugin-typescript",
    "type": "devDependencies",
    "version": "^11.1.2",
  },
  Dependency {
    "cid": [],
    "id": "c94ef986-ccca-47e6-b9a1-f2e70e141f3d",
    "name": "@rollup/pluginutils",
    "type": "devDependencies",
    "version": "^5.0.2",
  },
  Dependency {
    "cid": [],
    "id": "03bd15a7-4301-4d68-a91e-e7f9558a9166",
    "name": "acorn",
    "type": "devDependencies",
    "version": "^8.10.0",
  },
  Dependency {
    "cid": [],
    "id": "a5492f3e-a78c-4c84-b5f5-67f93649cbfe",
    "name": "acorn-walk",
    "type": "devDependencies",
    "version": "^8.2.0",
  },
  Dependency {
    "cid": [],
    "id": "36676f9d-1a75-4d2e-a3dc-68ad7a7e9e71",
    "name": "cac",
    "type": "devDependencies",
    "version": "^6.7.14",
  },
  Dependency {
    "cid": [],
    "id": "61116331-36d3-4d12-bae1-a44ac43d0f3c",
    "name": "chokidar",
    "type": "devDependencies",
    "version": "^3.5.3",
  },
  Dependency {
    "cid": [],
    "id": "8ef8f5f1-3076-48fe-8ee5-817031b2c197",
    "name": "connect",
    "type": "devDependencies",
    "version": "^3.7.0",
  },
  Dependency {
    "cid": [],
    "id": "fd8c7a6b-2e3f-494d-affa-f493ef93b04b",
    "name": "connect-history-api-fallback",
    "type": "devDependencies",
    "version": "^2.0.0",
  },
  Dependency {
    "cid": [],
    "id": "21f81bc4-546f-4dd1-b0ae-c9ebb1f8b5b9",
    "name": "convert-source-map",
    "type": "devDependencies",
    "version": "^2.0.0",
  },
  Dependency {
    "cid": [],
    "id": "72411e94-edc3-49f1-a4a7-7b25ea03edd6",
    "name": "cors",
    "type": "devDependencies",
    "version": "^2.8.5",
  },
  Dependency {
    "cid": [],
    "id": "d7b64e18-1330-4fcc-861b-a4406a2d1543",
    "name": "cross-spawn",
    "type": "devDependencies",
    "version": "^7.0.3",
  },
  Dependency {
    "cid": [],
    "id": "02a75bf4-b46d-402b-a063-70077858afd8",
    "name": "debug",
    "type": "devDependencies",
    "version": "^4.3.4",
  },
  Dependency {
    "cid": [],
    "id": "4d3cd777-333e-4a50-b08f-6d8c7cc7ec7c",
    "name": "dep-types",
    "type": "devDependencies",
    "version": "link:./src/types",
  },
  Dependency {
    "cid": [],
    "id": "0d49caa8-ae62-4fd5-8607-32fc73f40ba0",
    "name": "dotenv",
    "type": "devDependencies",
    "version": "^16.3.1",
  },
  Dependency {
    "cid": [],
    "id": "c89a3c2c-d984-492b-b184-24fdfb1c9da4",
    "name": "dotenv-expand",
    "type": "devDependencies",
    "version": "^9.0.0",
  },
  Dependency {
    "cid": [],
    "id": "5d9188d5-7916-4e70-85e0-f5d11358b4e6",
    "name": "es-module-lexer",
    "type": "devDependencies",
    "version": "^1.3.0",
  },
  Dependency {
    "cid": [],
    "id": "6a911042-4194-4d88-814b-82231efb68ec",
    "name": "escape-html",
    "type": "devDependencies",
    "version": "^1.0.3",
  },
  Dependency {
    "cid": [],
    "id": "8c94220e-bf5e-4bca-b842-f493cd9f3d29",
    "name": "estree-walker",
    "type": "devDependencies",
    "version": "^3.0.3",
  },
  Dependency {
    "cid": [],
    "id": "41317b34-9bd7-44bb-b793-423abe305bb7",
    "name": "etag",
    "type": "devDependencies",
    "version": "^1.8.1",
  },
  Dependency {
    "cid": [],
    "id": "be972aee-f22f-45c7-9e2f-7eb0c251c073",
    "name": "fast-glob",
    "type": "devDependencies",
    "version": "^3.3.0",
  },
  Dependency {
    "cid": [],
    "id": "b188c4c2-1e35-4a33-aebe-e2d4d98606c9",
    "name": "http-proxy",
    "type": "devDependencies",
    "version": "^1.18.1",
  },
  Dependency {
    "cid": [],
    "id": "2b7e0050-f74d-4d9f-923e-d43fe2380d33",
    "name": "json-stable-stringify",
    "type": "devDependencies",
    "version": "^1.0.2",
  },
  Dependency {
    "cid": [],
    "id": "882b6152-d7e6-4178-b068-01aafafe06b9",
    "name": "launch-editor-middleware",
    "type": "devDependencies",
    "version": "^2.6.0",
  },
  Dependency {
    "cid": [],
    "id": "8b726c00-0c79-4f07-bdb0-ceaf020fec4b",
    "name": "lightningcss",
    "type": "devDependencies",
    "version": "^1.21.5",
  },
  Dependency {
    "cid": [],
    "id": "e178d697-2965-43e3-a732-4f9b566e1b3a",
    "name": "magic-string",
    "type": "devDependencies",
    "version": "^0.30.1",
  },
  Dependency {
    "cid": [],
    "id": "3e6f4188-7421-4af7-a796-e4532ca2cbf3",
    "name": "micromatch",
    "type": "devDependencies",
    "version": "^4.0.5",
  },
  Dependency {
    "cid": [],
    "id": "fde573b3-d0c0-4c7c-9749-37f9591bddac",
    "name": "mlly",
    "type": "devDependencies",
    "version": "^1.4.0",
  },
  Dependency {
    "cid": [],
    "id": "8ff290d1-d535-4308-8005-f24fbda9797f",
    "name": "mrmime",
    "type": "devDependencies",
    "version": "^1.0.1",
  },
  Dependency {
    "cid": [],
    "id": "f1686961-2151-4877-b3e5-b84ad1a6dad5",
    "name": "okie",
    "type": "devDependencies",
    "version": "^1.0.1",
  },
  Dependency {
    "cid": [],
    "id": "67623a58-55ef-4085-b563-a54fcf8ef454",
    "name": "open",
    "type": "devDependencies",
    "version": "^8.4.2",
  },
  Dependency {
    "cid": [],
    "id": "d603fa61-55b3-4107-ac30-3ee6667860d1",
    "name": "parse5",
    "type": "devDependencies",
    "version": "^7.1.2",
  },
  Dependency {
    "cid": [],
    "id": "84b82a99-d61c-44b7-b6ba-f5b880d3c705",
    "name": "periscopic",
    "type": "devDependencies",
    "version": "^3.1.0",
  },
  Dependency {
    "cid": [],
    "id": "89bb6a8f-7e89-4d5e-9847-bb9e2151d1d6",
    "name": "picocolors",
    "type": "devDependencies",
    "version": "^1.0.0",
  },
  Dependency {
    "cid": [],
    "id": "64a017b0-068b-4e23-ae18-d39b48a2d423",
    "name": "picomatch",
    "type": "devDependencies",
    "version": "^2.3.1",
  },
  Dependency {
    "cid": [],
    "id": "de9fc32f-30f7-4141-a626-ef62f8f579b2",
    "name": "postcss-import",
    "type": "devDependencies",
    "version": "^15.1.0",
  },
  Dependency {
    "cid": [],
    "id": "1057fd50-0922-412d-863f-2d4fdc31c05f",
    "name": "postcss-load-config",
    "type": "devDependencies",
    "version": "^4.0.1",
  },
  Dependency {
    "cid": [],
    "id": "4675a540-86da-47c7-8216-c6a691cbd293",
    "name": "postcss-modules",
    "type": "devDependencies",
    "version": "^6.0.0",
  },
  Dependency {
    "cid": [],
    "id": "6a1eacf9-c898-4577-a114-a42cc1710feb",
    "name": "resolve.exports",
    "type": "devDependencies",
    "version": "^2.0.2",
  },
  Dependency {
    "cid": [],
    "id": "df24dd25-f7d0-4fe9-bf91-68a79c4dcfe7",
    "name": "rollup-plugin-license",
    "type": "devDependencies",
    "version": "^3.0.1",
  },
  Dependency {
    "cid": [],
    "id": "7c6467c2-6f13-47cf-8957-ffdbcf4d118f",
    "name": "sirv",
    "type": "devDependencies",
    "version": "^2.0.3",
  },
  Dependency {
    "cid": [],
    "id": "71f864e9-f26f-40ee-8e85-b7f28b013f9e",
    "name": "source-map-support",
    "type": "devDependencies",
    "version": "^0.5.21",
  },
  Dependency {
    "cid": [],
    "id": "5f9fb83d-bf29-4533-a7bf-bd671ebb2518",
    "name": "strip-ansi",
    "type": "devDependencies",
    "version": "^7.1.0",
  },
  Dependency {
    "cid": [],
    "id": "297d2b8e-30bd-4a44-95cf-397f96d6fa71",
    "name": "strip-literal",
    "type": "devDependencies",
    "version": "^1.0.1",
  },
  Dependency {
    "cid": [],
    "id": "09a517cf-b59a-400f-bcd2-e3ba003fd383",
    "name": "tsconfck",
    "type": "devDependencies",
    "version": "^2.1.2",
  },
  Dependency {
    "cid": [],
    "id": "e9f67e9c-4fb8-479f-9b0f-ea58822d27f2",
    "name": "tslib",
    "type": "devDependencies",
    "version": "^2.6.0",
  },
  Dependency {
    "cid": [],
    "id": "70ebcfbe-abff-4616-b5e5-96c69ee77ba3",
    "name": "types",
    "type": "devDependencies",
    "version": "link:./types",
  },
  Dependency {
    "cid": [],
    "id": "7608b111-9c1a-4662-a314-6b401a00830c",
    "name": "ufo",
    "type": "devDependencies",
    "version": "^1.1.2",
  },
  Dependency {
    "cid": [],
    "id": "1ac16795-ad9f-4ff1-8c34-606da44bd7b9",
    "name": "ws",
    "type": "devDependencies",
    "version": "^8.13.0",
  },
  Dependency {
    "cid": [],
    "id": "902c54d8-9bcd-4c47-81db-eb57421fc000",
    "name": "acorn",
    "type": "dependencies",
    "version": "^8.9.0",
  },
  Dependency {
    "cid": [],
    "id": "0560dd11-a8e9-4eac-bb93-ac9b512809e1",
    "name": "acorn-walk",
    "type": "dependencies",
    "version": "^8.2.0",
  },
  Dependency {
    "cid": [],
    "id": "381b2ac2-690b-46e4-b740-b244d5b43999",
    "name": "cac",
    "type": "dependencies",
    "version": "^6.7.14",
  },
  Dependency {
    "cid": [],
    "id": "3c2e539b-bb69-4dd3-bfb4-d06382adb364",
    "name": "chai",
    "type": "dependencies",
    "version": "^4.3.7",
  },
  Dependency {
    "cid": [],
    "id": "3a4a252c-0d5d-45ea-9380-ca61b5d51498",
    "name": "debug",
    "type": "dependencies",
    "version": "^4.3.4",
  },
  Dependency {
    "cid": [],
    "id": "dd64bfa3-8358-49c7-9696-6c17927bc6dd",
    "name": "local-pkg",
    "type": "dependencies",
    "version": "^0.4.3",
  },
  Dependency {
    "cid": [],
    "id": "6daf90f8-f36d-4025-ac04-c4f39c0e7ab9",
    "name": "magic-string",
    "type": "dependencies",
    "version": "^0.30.1",
  },
  Dependency {
    "cid": [],
    "id": "07c40252-7e17-4f8a-b717-e267509311a3",
    "name": "pathe",
    "type": "dependencies",
    "version": "^1.1.1",
  },
  Dependency {
    "cid": [],
    "id": "ae4c3b46-0f41-482f-9169-3e8e28cf2df1",
    "name": "picocolors",
    "type": "dependencies",
    "version": "^1.0.0",
  },
  Dependency {
    "cid": [],
    "id": "e2d1d7b8-4e84-48fb-9e05-1da0c9e43676",
    "name": "std-env",
    "type": "dependencies",
    "version": "^3.3.3",
  },
  Dependency {
    "cid": [],
    "id": "6fe3c7f6-1e1b-42e8-9952-7da724626305",
    "name": "strip-literal",
    "type": "dependencies",
    "version": "^1.0.1",
  },
  Dependency {
    "cid": [],
    "id": "c46e2eb1-0a13-45f0-b32d-bc2d83d6ec8d",
    "name": "tinybench",
    "type": "dependencies",
    "version": "^2.5.0",
  },
  Dependency {
    "cid": [],
    "id": "693c8e22-08a3-4411-9b3e-9ed02e4f6940",
    "name": "tinypool",
    "type": "dependencies",
    "version": "^0.7.0",
  },
  Dependency {
    "cid": [],
    "id": "5e9b979a-b7e5-4892-a124-9128c95c7f0a",
    "name": "vite",
    "type": "dependencies",
    "version": "^3.0.0 || ^4.0.0",
  },
  Dependency {
    "cid": [],
    "id": "5f27f1a1-afb3-4759-b9f2-0b97853cf032",
    "name": "why-is-node-running",
    "type": "dependencies",
    "version": "^2.2.2",
  },
  Dependency {
    "cid": [],
    "id": "f63ecb8e-6bcc-47eb-9836-7f7d3c351318",
    "name": "@vitest/utils",
    "type": "dependencies",
    "version": "0.34.1",
  },
  Dependency {
    "cid": [],
    "id": "f3884687-cb64-44b1-85fb-baa99f9d0240",
    "name": "vite-node",
    "type": "dependencies",
    "version": "0.34.1",
  },
  Dependency {
    "cid": [],
    "id": "a7f31df8-ef99-4b3c-b8b6-c11cfec4e859",
    "name": "@vitest/runner",
    "type": "dependencies",
    "version": "0.34.1",
  },
  Dependency {
    "cid": [],
    "id": "a5df11c6-5d4c-492c-96e7-9b31ba00af13",
    "name": "@vitest/expect",
    "type": "dependencies",
    "version": "0.34.1",
  },
  Dependency {
    "cid": [],
    "id": "6dc7ae57-a141-4c28-a58b-b4f10194d179",
    "name": "@vitest/snapshot",
    "type": "dependencies",
    "version": "0.34.1",
  },
  Dependency {
    "cid": [],
    "id": "c0d11657-6cf4-493e-bb19-9893159e8d29",
    "name": "@vitest/spy",
    "type": "dependencies",
    "version": "0.34.1",
  },
  Dependency {
    "cid": [],
    "id": "9760757d-f4ab-4a31-85c5-06b66b002b4c",
    "name": "@ampproject/remapping",
    "type": "devDependencies",
    "version": "^2.2.1",
  },
  Dependency {
    "cid": [],
    "id": "61115f63-a1ce-4d7e-886b-f121d5a60d98",
    "name": "@antfu/install-pkg",
    "type": "devDependencies",
    "version": "^0.1.1",
  },
  Dependency {
    "cid": [],
    "id": "11d9c45c-36a5-47f3-b689-346de5bd5d13",
    "name": "@edge-runtime/vm",
    "type": "devDependencies",
    "version": "3.0.3",
  },
  Dependency {
    "cid": [],
    "id": "32d8208f-603c-40a5-b4cc-36d03089a5ed",
    "name": "@sinonjs/fake-timers",
    "type": "devDependencies",
    "version": "^11.0.0",
  },
  Dependency {
    "cid": [],
    "id": "b1000a2b-834c-4297-ae57-3db2855b81c4",
    "name": "birpc",
    "type": "devDependencies",
    "version": "0.2.12",
  },
  Dependency {
    "cid": [],
    "id": "e207cc38-2205-4945-a931-db7e4f473066",
    "name": "chai-subset",
    "type": "devDependencies",
    "version": "^1.6.0",
  },
  Dependency {
    "cid": [],
    "id": "d0a0241d-1633-4b27-b285-2003a72e4ff7",
    "name": "cli-truncate",
    "type": "devDependencies",
    "version": "^3.1.0",
  },
  Dependency {
    "cid": [],
    "id": "0f1a91ee-1758-4996-93a7-3f95518f385f",
    "name": "event-target-polyfill",
    "type": "devDependencies",
    "version": "^0.0.3",
  },
  Dependency {
    "cid": [],
    "id": "61f56ed1-9b04-43e1-ac30-b30b9af95108",
    "name": "execa",
    "type": "devDependencies",
    "version": "^7.1.1",
  },
  Dependency {
    "cid": [],
    "id": "ada10dc5-fb73-48cd-9d02-6b10c61f4183",
    "name": "expect-type",
    "type": "devDependencies",
    "version": "^0.16.0",
  },
  Dependency {
    "cid": [],
    "id": "23013058-0111-49cf-b4e7-fba7ae7a58dc",
    "name": "fast-glob",
    "type": "devDependencies",
    "version": "^3.3.0",
  },
  Dependency {
    "cid": [],
    "id": "31e94652-6fc6-4c7b-b38c-f3a43c7bc59f",
    "name": "find-up",
    "type": "devDependencies",
    "version": "^6.3.0",
  },
  Dependency {
    "cid": [],
    "id": "77ef4113-c117-457c-acab-ab9f8180020d",
    "name": "flatted",
    "type": "devDependencies",
    "version": "^3.2.7",
  },
  Dependency {
    "cid": [],
    "id": "611c9e50-2a5d-4e5e-93c2-fb5deddd346d",
    "name": "get-tsconfig",
    "type": "devDependencies",
    "version": "^4.6.2",
  },
  Dependency {
    "cid": [],
    "id": "8a7ab96c-43e9-4a58-a9b6-7ad5542fb12a",
    "name": "happy-dom",
    "type": "devDependencies",
    "version": "^9.20.3",
  },
  Dependency {
    "cid": [],
    "id": "49343f05-7976-4740-b678-0fa58d42d5a6",
    "name": "jsdom",
    "type": "devDependencies",
    "version": "^22.1.0",
  },
  Dependency {
    "cid": [],
    "id": "44b91849-cf18-4794-92bd-ecdc859d63db",
    "name": "log-update",
    "type": "devDependencies",
    "version": "^5.0.1",
  },
  Dependency {
    "cid": [],
    "id": "ffaafe7f-6ce8-4d7a-a9ec-b1494ef3cb50",
    "name": "micromatch",
    "type": "devDependencies",
    "version": "^4.0.5",
  },
  Dependency {
    "cid": [],
    "id": "d14a431a-4eab-49e8-892f-ff4913755c39",
    "name": "mlly",
    "type": "devDependencies",
    "version": "^1.4.0",
  },
  Dependency {
    "cid": [],
    "id": "f3bb117c-971a-4d30-ba60-79c860b21c7f",
    "name": "p-limit",
    "type": "devDependencies",
    "version": "^4.0.0",
  },
  Dependency {
    "cid": [],
    "id": "6ac33faa-5f61-4a5d-8fd6-1d7731e898fe",
    "name": "pkg-types",
    "type": "devDependencies",
    "version": "^1.0.3",
  },
  Dependency {
    "cid": [],
    "id": "38abe386-da64-4032-8ad1-5d1ff9fec76e",
    "name": "playwright",
    "type": "devDependencies",
    "version": "^1.35.1",
  },
  Dependency {
    "cid": [],
    "id": "7d92743f-f325-4356-bf6d-e01e717c0fa1",
    "name": "pretty-format",
    "type": "devDependencies",
    "version": "^29.5.0",
  },
  Dependency {
    "cid": [],
    "id": "a37cd883-51d0-4bf2-8fc6-a71ea2cf4a2e",
    "name": "prompts",
    "type": "devDependencies",
    "version": "^2.4.2",
  },
  Dependency {
    "cid": [],
    "id": "c48f03b6-7aa7-4bc2-ab5b-61f945131743",
    "name": "safaridriver",
    "type": "devDependencies",
    "version": "^0.0.5",
  },
  Dependency {
    "cid": [],
    "id": "6c4bcbdb-3754-429d-910c-b53fe219f47f",
    "name": "strip-ansi",
    "type": "devDependencies",
    "version": "^7.1.0",
  },
  Dependency {
    "cid": [],
    "id": "a49ffb0d-a2a8-49b1-9d25-80ad0837bc4d",
    "name": "webdriverio",
    "type": "devDependencies",
    "version": "^8.11.2",
  },
  Dependency {
    "cid": [],
    "id": "2b9d67c7-ab19-49a9-8eb7-efd5f24bb03a",
    "name": "ws",
    "type": "devDependencies",
    "version": "^8.13.0",
  },
}
`;
