// Vitest Snapshot v1, https://vitest.dev/guide/snapshot.html

exports[`should return all modules's size > should return all modules 1`] = `
Set {
  Dependency {
    "cid": [
      "20df445d-30b6-4479-ab3c-c860dbecb559",
      "7acc0b62-8bbf-429d-b86e-851ddf520cbf",
      "d068f728-ac19-41f5-89b0-f3bb9902c1ec",
      "b1d17a08-c992-4dc4-ab54-a20ff75a0d60",
      "f73556e9-fbaf-4d74-8d39-7e0b59a903ec",
      "382c60da-e8c7-418f-af99-c3657afcb427",
      "0c9c44ae-d354-4312-ba59-1a4ccf7c6ac2",
      "0e42aed5-a4f0-41ac-ad20-2717c680f755",
      "0b33d705-8491-4fd5-9e02-75657a6fd14f",
      "d2e733f2-8f4a-4397-ad76-1ab9cb79d251",
      "17690b7a-8417-4096-a433-cadbf5c8de98",
      "7383a950-66d7-4d00-a967-77243853b293",
      "538fad00-b5b7-496a-9136-4477dcca8396",
      "6ac466f5-3794-4357-80f5-fb5ba2314ac6",
      "eacefe08-1650-4a50-b35f-2d57cb7e05b6",
      "60d9b869-aff9-4d0d-a664-a055177a789e",
      "339117e6-00fe-448e-aac6-c22d0d0baf68",
      "7e78c1ae-5fc8-45a4-935f-65bb0a792e0d",
      "7e387391-2a22-4b21-87a2-8efa0805cbbd",
      "eda1d097-3296-4ae0-b0b3-9c40f3b49ea1",
      "610201a5-151e-45c0-8139-1f19ca278891",
      "92e79193-0a1a-4124-84cc-1d1e49166852",
      "b8f72438-678a-47c8-ac8d-ad8addc32f3a",
      "17f205f4-31fe-4a1d-bcaf-146b23479247",
      "ef2da069-652e-457f-bb0e-b50aa63e9927",
    ],
    "id": "bf15f93e-df64-4088-9f8d-14d90662e977",
    "name": "cac",
    "type": "dependencies",
    "version": "^6.7.14",
  },
  Dependency {
    "cid": [
      "ba03a884-c380-4afa-99f2-4023bbeff114",
      "76af1298-4e1f-4d22-bc25-6bea715b278e",
      "11c91ffd-91a4-4f5c-803c-646b5d3857ad",
      "afa87658-0008-4dce-8e8c-5c6d7fca3bd5",
      "3c57659b-fcd0-4fb4-a790-8e80f3ffdb20",
      "95535063-9c9b-45ec-97a1-278cb61c1fd7",
      "9786990e-1e74-4698-a076-97a31a608562",
      "9d28321c-25f4-4e26-8c6e-5385c3dfabcf",
      "ab176281-10e2-490a-9368-d7060b502aee",
      "50565ed3-b74b-4c9e-9220-bd95d5d834a4",
      "7606ffb2-fd2b-4e2a-a073-0f11909a4aa6",
    ],
    "id": "408adb67-fefd-4c8c-bea4-1474262a6447",
    "name": "fs-extra",
    "type": "dependencies",
    "version": "^11.1.1",
  },
  Dependency {
    "cid": [
      "21afe8a5-38c4-4ba4-9d00-49db57bd6729",
    ],
    "id": "9723b5d9-7406-4ebf-b284-e2914fa8a52f",
    "name": "react",
    "type": "dependencies",
    "version": "^18.2.0",
  },
  Dependency {
    "cid": [
      "b699c605-d265-4019-9e76-9ee4f104d8b1",
    ],
    "id": "c9a01eaa-e922-4185-b2a1-9918c25b198b",
    "name": "react-dom",
    "type": "dependencies",
    "version": "^18.2.0",
  },
  Dependency {
    "cid": [
      "d33615d9-b32f-4d2e-8042-f960fd231340",
      "78e40663-9766-452d-a3a4-d684e815f790",
      "8508add7-b83d-44fd-b968-6349535e0e43",
      "6d65d048-5520-44ea-ab6c-f89e81e9252a",
      "e6e68831-e9b6-4b12-98a6-def6c9817cf9",
      "e532f64c-38e7-4915-87c9-13c4dc1e13cf",
      "e057bfed-0072-4acc-849b-af4dd6a0aa3a",
      "4b23ebce-e4ea-43a5-96e0-6a5cb9ade554",
      "9eb45657-7eae-4020-9a64-528fc422c845",
      "7b1446e1-9ba4-45eb-96e9-d2f27a2becb0",
      "1143bd66-c071-4e82-bc56-492e107ccdab",
      "03f13808-ae22-477b-8e5f-f52aff040c5b",
      "f21d0941-e46c-433b-8748-7aefe24c6bee",
      "a3680c79-463d-484c-a056-02ddbe584c43",
      "2c523804-172e-4962-a358-c2747adb720d",
      "5a274c65-64ad-478b-b9c0-bcf5920a11cc",
      "bc41a866-0bba-4f10-a458-5ed4589aad00",
      "dd383e9c-1cd3-4a33-97ee-866045cab73b",
      "5aae2fbb-8378-4145-83af-e3cf853885e8",
      "8e9ed394-ec99-461f-9ee4-d058ab06eafe",
      "9494df3f-c518-4090-b9a8-eec71991a0db",
      "2f102b78-c020-44f3-b210-52995a3edb99",
      "82e5ae2b-e53f-4506-8bf5-47427ad5b632",
    ],
    "id": "4c961bb2-0388-4fdf-8150-0c94073063c7",
    "name": "uuid",
    "type": "dependencies",
    "version": "^9.0.0",
  },
  Dependency {
    "cid": [
      "c83cf7b5-5f19-4a79-97f0-10eb4535a809",
      "cea466cc-4481-434f-abca-a97ecbbd8680",
      "b5ca86cb-c2e3-445e-9539-8306cfd505bc",
      "581c59c1-4255-4e7f-b72e-fab2a8028fb3",
      "9f4eecb5-8770-4f70-9666-28057a990097",
      "f39d993a-3414-47ce-a796-55422f03b51c",
      "17205184-074f-4a00-8268-8bc0890524ee",
      "b295f214-e0f3-4c4a-9a32-3532030b7591",
      "6f636234-b7c9-4739-97ef-424b975e51b8",
      "bc466154-8734-4ad5-be48-1f72f7ad3a04",
      "9a8f525c-77a1-493c-9a86-3bc0eef4bb1a",
      "2633c7ba-5801-462b-9970-7d0884d16a29",
      "f677b95d-5fe7-46ae-8054-63a05e226b84",
      "bbf4d7f7-96f5-49da-b996-a1d5d922e5ab",
      "fcc091e3-20dc-407a-9f77-7d59f1d4a587",
      "98dbed38-ad63-4014-a6d9-5eef75725b34",
      "36f76f3f-1790-4b5e-b638-7577b94ce8cd",
      "133eefe9-ac92-4e3e-817c-e0a06faf0c3a",
      "06d3d4aa-a5ed-40d4-be17-0332a47e8dcd",
      "34689f16-b265-4ce0-bbad-08aaebfb983b",
      "62f117ea-2ae6-497a-9f06-7e603bddbad1",
      "4b94daf5-490c-4d18-a175-3d0e5f63d65d",
      "53af3c3b-5302-4b16-9736-703c19393a90",
      "d890da08-738d-4c6f-b216-ddd555c4f3cb",
    ],
    "id": "8608484a-d3ec-4313-b07d-2ab0e30bea09",
    "name": "@typescript-eslint/eslint-plugin",
    "type": "devDependencies",
    "version": "^6.0.0",
  },
  Dependency {
    "cid": [
      "ae84ddf9-e991-4218-8ca2-40ad41040d78",
      "249d9f95-95b5-4a2d-a850-dec4f94e5ae9",
      "9b70da4c-52a2-42e0-b308-c887952a5c4c",
    ],
    "id": "9a7e9345-0285-4dd3-bc4f-4929088edead",
    "name": "@typescript-eslint/parser",
    "type": "devDependencies",
    "version": "^6.0.0",
  },
  Dependency {
    "cid": [
      "d9c20840-86c6-41db-a21a-257486036ae7",
      "3a1a9941-e4f2-4ca4-a69a-2ba909720a13",
      "3c7e185c-7866-414b-81c2-13d6c3acb277",
      "0bf815f1-2278-4a97-b944-7346686bc181",
    ],
    "id": "b20660bd-79f5-491e-9240-8b4d9b3c2541",
    "name": "@vitejs/plugin-react",
    "type": "devDependencies",
    "version": "^4.0.3",
  },
  Dependency {
    "cid": [
      "7ae81f17-04e9-4145-889d-45b26169ac58",
      "1ff0cd8f-1999-46e8-a088-405e23076664",
      "14e06d29-5466-48d7-b58c-7671b9a68314",
      "57f94b79-2ab4-436e-9cad-0d6396dffcd4",
      "c97887ac-04d2-4bbb-8f06-092ec1d46dce",
      "ebea7eca-7986-4b07-8574-d92be164ba54",
      "aac56394-26ea-415a-b502-d3017227a68c",
      "94769a75-89b1-44f3-956e-6bb05480fd39",
      "b57ee69a-a1e2-4410-984d-57dace68e3ac",
      "51731e5b-2682-4350-bf27-f3ec02686f0f",
      "ce7d29de-506c-40f2-85ec-34d571e10fbc",
      "f0ae5e26-e989-4d89-99c5-6f09787319e5",
      "fff5df85-e28d-4ecb-943f-63a64f1fde24",
      "f453cb42-9ec6-49db-9307-8e352247f8d1",
      "a94255ea-2dc0-4776-8c54-7f6363e48770",
      "a2282be9-2d1d-448f-b8e0-d79af316431e",
      "bf276f2c-a8b9-4c28-a044-e8597fa04a82",
      "ae312543-4286-448b-8015-afdc241ca760",
      "8ba995a2-c11c-4a23-9c72-9c2e48a7b584",
      "0b35e256-d3a3-4590-8fb7-621763c7abd8",
      "967f577d-4185-46e9-98f0-fb25b4e8ead5",
      "414d857e-9a4b-4b42-a64c-33a6c1572c50",
      "265568c2-360b-455c-a4cb-33c1a80ea886",
      "f0957878-a373-4d07-88cd-47ba19889f6a",
      "b60304e2-98ce-4472-9617-dc3bd18cbb26",
      "62e805f3-561c-4898-b4a9-d981489dc85c",
      "c9d94b5d-7f6b-4983-9cb3-9c235ccccc16",
      "cbf2ee38-b228-4068-8145-a19867ad47f5",
      "851e647c-7372-4bb1-8724-a43c716c2e6c",
      "cee28099-6ff9-4274-bb66-17cdbaa952be",
      "090f51de-684c-4fcc-af12-083a205e5f19",
      "831178f6-9ea2-449e-89a3-0e5efbfed21d",
      "bc50eb7f-43ad-476d-81b1-ff0919175ded",
      "c36208f1-806a-4db9-9047-6e0c6aa8f0e1",
      "1e804d86-4d8c-4077-928b-fa34ead38384",
      "628ead42-5816-43fc-8cce-46cc8ace63cb",
      "197a94bb-99de-469c-87bc-276a2dae29d7",
      "d462d5f7-ba6e-4054-bcfa-d58f0c0b1208",
      "e6650211-98d9-4e9d-952f-242c394e4541",
      "ed0f663e-1c27-4a1b-a024-57151a58a71e",
      "d510e435-8f8e-4064-89f6-0cdf3d0ee7ec",
      "b26f566b-783b-4d11-b0ac-2916a7ef2cae",
      "fb7898aa-b6a7-4466-ba3a-0c09fb4febde",
      "e335da20-341a-4376-b713-d53f51112592",
      "70896f4b-f252-4673-9aef-a9b424f262ab",
      "15512f3c-a6a1-4265-83df-4e80d71923bc",
      "dc8f2e10-c1ba-4fa6-b61a-0c3509ee7f37",
      "e2c8c9d6-aaa1-4a6f-a4af-93f239da379f",
      "f4dcb550-6d76-41a7-92d7-9d629d50b703",
      "f7d61662-05aa-4596-a8ea-b2b4af547615",
      "df7335e3-5f0c-4513-a266-b9a8577b73a7",
      "ad5d51e9-0396-4492-93ad-55ddd6891d31",
      "0b2258ec-6b39-4548-b413-49c22b5ef08b",
      "2673ab05-b48b-4fb8-a58a-4d992ec22044",
      "18b3c8e6-6fc0-4fe1-bd96-ed346addb8b6",
      "932d75aa-8a8f-48ed-9458-5e11d0a96493",
      "e957c96e-cf77-4889-a657-7c98ebfd39f8",
      "b8c0ab17-a631-4510-aa0d-6367f63294ed",
    ],
    "id": "67e08b14-912e-4801-af70-df1d2b0ea6b9",
    "name": "axios",
    "type": "devDependencies",
    "version": "^1.4.0",
  },
  Dependency {
    "cid": [
      "5f25f18c-69ef-4135-86c9-017b984bcc2d",
      "cde42772-960d-4871-943d-0a7d637ba095",
      "5c660238-1b44-4c01-8d39-a3162f21cdba",
      "afa5a0d0-2bb7-4246-a224-7608350c5008",
      "091ea81b-7099-4a74-8200-174f68a4bf5a",
      "51eb7139-cbdb-41f4-b6f4-c558edcb27d8",
      "2a60612f-850f-4cae-8f39-fd03dbbd6a52",
      "e8b04609-fbae-41fc-af86-5dc30ccb3e5f",
      "7d9759ce-1f80-4570-810a-fa425d268e9c",
      "809bd175-7f98-4a17-9c54-1be778941791",
      "203acdb2-83d9-4325-90c9-e84d6dc16ae9",
      "65249099-ea47-4b4f-880b-643888db51ab",
      "f6cee11f-df4c-46da-8cdc-2742e59aee0a",
      "0cff99e7-1cca-408c-88ab-5718997f8a13",
      "e6ec0d01-ec33-41c1-b4cf-a9842c1fe666",
      "43e38662-195f-4f8a-83e8-ab566435e734",
      "21733dfd-90fd-4cd2-833e-9ea478f6af9e",
      "7eb4853d-d275-42f1-8200-01536e5eda1b",
      "3248a446-a53c-4f04-8b74-ea6578552715",
      "b9054b3c-8601-4f81-837a-364879ee84fe",
      "7c944578-a39b-41e4-88b5-59ad743617e7",
      "bb5345dd-1a8d-4149-94ed-7c5ea56e9000",
      "01fe431d-9ad1-47f3-b51f-9509593868f0",
      "ca48d883-3852-41ce-baed-08be0b2aad86",
      "2eebb299-fe40-4069-9f8d-7fb3f559c44b",
      "aa87d7ae-bd99-408c-af3c-6799b637e0c3",
      "7a1a25e1-efdc-42fb-99e6-52699a100937",
      "3bc3dbfa-e3b5-446d-b200-1a3228b4925e",
      "28749d03-94bd-4ec5-8880-952af34b6567",
      "6d4d3f6a-ddfc-411c-8bb1-1f5b8f2b67f1",
      "e66c0f91-4b4d-4b62-b5cf-633ed82c395a",
      "7fcec867-4104-4a12-8c3e-ed5b4ba4fc9c",
      "b80895c7-9e66-4b37-b5f0-f0e445072011",
      "5214406c-c259-4964-bc80-bdc339dc4b5e",
      "de13b830-9837-4602-a7c0-96a38c152ca1",
      "f243e49a-792e-49dd-9fe2-8646eb1a7c4e",
      "011cda4c-4ac2-40e6-82e7-8461db09952a",
      "1fb9adac-1a3b-4ca7-92ee-1ec93a83c76a",
      "afb89fe7-ff95-44f0-b5f5-e3f8f2a7b1ed",
      "3b205376-e421-4cf4-9051-252a73fbf63a",
      "9314c329-7694-488d-a7b1-829b0a262703",
      "8f540558-3002-4a92-a349-3ede3550812f",
      "34082879-6144-4131-90e5-6c039a4a15a7",
      "1775186b-80f9-4a5e-a4a0-aa49ffd36ff5",
      "40248dc4-c4fe-446e-9cbd-86c52f4221ae",
      "c2f09c52-9a0e-417c-85e2-408ce705a4a7",
      "567c8a25-9ea6-4e24-9b38-a11e8e50d896",
      "5189b80b-c558-4803-a9e0-7d1abee88682",
      "464c03a3-f2d0-4eb3-87d8-e096d0c5c5af",
      "68be305e-1419-4798-83e4-c754b793c016",
      "ae07717f-5663-430d-8a6e-407176ef89d3",
      "01d5aa21-04da-4489-944d-5c2b3db3274b",
      "6c9aeb56-2162-4ee7-a487-6d3d84a7d72a",
      "1afd7339-68b1-470a-9b5b-95294d665082",
      "4b50d57d-2789-44e9-a0c2-3129f41997eb",
      "89956376-c222-4625-898c-6f3789e1dbd9",
      "e5269672-820d-4725-9cb4-f2470d0eda13",
      "97f64d3b-239a-4f19-a7eb-3e9fb463fefb",
      "487f284c-2060-4a2e-85f1-992b5987093e",
      "7a86a8f3-d4d1-48ce-a5f2-bd0478fa8226",
      "9c3d90c2-7588-492d-94b1-5bc3e411d689",
      "a1088560-2f98-4cfb-a9a1-f19b8c107928",
      "b5457d88-8965-48b5-ac93-3cfb4393e6f0",
      "8bab3ba3-6d28-486a-881e-2a7023d8dcce",
      "b2a23592-322b-4158-96a1-185f1f957d2b",
      "afa1a1f6-2113-40fa-8d30-4a0f0900171e",
      "b79e2d34-113f-402a-a8e0-39037897c65b",
      "8ce41762-47bd-4077-a39d-fe59a1d1a1fe",
      "bbc55860-ee5c-4746-9f9a-a5f576805a40",
      "4140eb23-5461-46d0-bcdd-53cfab39c002",
      "5819d8a2-26c5-4161-b8f9-b496a89f6806",
      "0cbb4e39-36a5-48fb-aef3-7441838a8f53",
      "bff9206d-0671-4053-a1ec-b63e53342b89",
      "4b808594-1f9a-4e82-aa1b-b342aa043bd2",
      "44e1ebed-7cd5-40ab-af36-25ea4428d544",
      "90df5e5c-7dfd-4bf8-b48a-953a34a159a0",
      "fb8d55d7-518d-4a43-b2b3-104d027743cd",
      "7189421a-aec4-47f5-89bc-991aaa8ca7fa",
      "21f73fcc-1f20-4122-ba37-beb684aed7b5",
      "59e4a8fa-d341-46fc-a295-3aeeba6d8fa3",
      "51156a4c-c859-4dd3-a124-468a12604ada",
      "66a3967a-c392-4f6b-acbe-7986b71e4fb7",
      "28e57925-6138-4876-8442-a0c425f94dfb",
      "a9783bb7-4595-43f2-b2be-289c589b4739",
      "f3ef3211-8099-4b70-ad12-2dd5051472c9",
      "77b866af-cf9a-4135-aa8e-e51d5549dbf1",
      "dabd9b17-4c3d-4225-be7b-929b383fdabe",
      "dd73c914-138e-4fc6-8155-8ef8a8823b37",
      "dd83023e-71c6-4e4b-bc8d-4115a853833b",
      "d574bd93-0fb1-4a7d-adff-70db9dbff3e4",
      "8e7f40ba-5bd0-48f3-af97-5844a6597de7",
      "3f7e560f-2761-4b4e-a589-bcbae354bfca",
    ],
    "id": "09546754-7c43-47de-973f-72f9afa4a845",
    "name": "eslint",
    "type": "devDependencies",
    "version": "^8.45.0",
  },
  Dependency {
    "cid": [
      "d49de696-e1b4-4583-aa73-fca2d2d371b1",
      "d09cf636-54f0-4fed-b146-88d6752c6083",
      "a3b6d98c-2a1c-4ec1-a24d-089448d48f58",
      "9674ca71-3d19-4b48-990b-ececbeadf417",
    ],
    "id": "c2fc2c75-e3ba-49f3-bfa2-18034e465327",
    "name": "eslint-plugin-react-hooks",
    "type": "devDependencies",
    "version": "^4.6.0",
  },
  Dependency {
    "cid": [],
    "id": "d55a44e3-96ef-4537-b2a4-b75be2540bce",
    "name": "eslint-plugin-react-refresh",
    "type": "devDependencies",
    "version": "^0.4.3",
  },
  Dependency {
    "cid": [
      "d1661781-ba82-4b42-bf7c-88c3673c019f",
      "002408ea-c563-4f35-88bc-f249b8bcc96f",
      "6d9b0790-685d-4d22-8921-f6c0f5a0e6d5",
      "aa034864-cabb-464c-b574-1a4320693409",
    ],
    "id": "c7586f4d-5062-4b86-becc-f6f57fb51769",
    "name": "husky",
    "type": "devDependencies",
    "version": "^8.0.3",
  },
  Dependency {
    "cid": [
      "bc513cf9-b4a0-473b-99bb-452bdabad8eb",
      "9ed0c247-aeba-4303-9ea3-71ed23ba9231",
      "a0090052-85a5-4b9c-a2f4-975d1abf6d2e",
      "1534b298-6715-4d54-8a7c-c82817eaaedf",
      "a03efa37-4251-4bcc-bfa1-64fee1edc987",
      "2ef80a22-7a8a-435c-aa3c-3f918ea0bc01",
      "449402bf-a983-4570-8846-1a269af72cee",
      "285b219f-6b2f-4c29-87a8-90b4d2d05541",
      "6fad5326-fa9e-433a-9160-a74157d4aed4",
      "4523ac85-64b3-4a37-9455-434a884e1e94",
      "409608bc-be81-4e3d-8916-64588b879797",
      "997056c8-11d8-4460-bbd2-7751e9c04966",
      "92897d81-5ac2-4a78-bbda-374b79015ca4",
      "17ba2623-baa9-4d64-9344-0326c293060a",
      "d4d01d70-ffae-4701-b6d8-62dae90d9ec1",
      "1f115215-eb60-42c4-9876-e04067715768",
      "00e9a65e-f1f2-40ce-b88a-afcd5d09b4df",
      "99e0080c-02bf-4de5-adbf-8753746aab45",
      "f1a32412-6a71-428e-9926-3269dfe844cb",
      "acaaaff8-12e0-4de2-97c6-4d8baac2d9be",
      "00e4fa7e-ed5a-43e5-8fc6-9df895159a5b",
      "970cf3fc-1257-4a24-b901-6d58bb6321e1",
      "f07502dc-85c6-431a-ae08-454f9447a9dc",
      "3faa103b-d6b8-4838-b3c0-6629a37be6e5",
      "655714af-f726-4a46-bb12-42363dd15f83",
      "5e7f31da-f74b-4620-bee4-c9333835a9ee",
      "1ea932c5-965a-4383-867b-c1789c8428b2",
      "48ad4aa8-9a0b-445e-ab4f-b79654895ab9",
      "2bb9cd34-fb11-4600-887f-504a316324af",
      "315c356e-d35c-4f63-8da4-4ba45cb83587",
      "9262980f-e135-4b07-9e3a-11ce18fd9135",
      "13ff34fa-baa0-4ba6-8e39-652f175d4e61",
      "bd15efa8-181f-4a74-80b8-22f9b1525c7f",
      "1359da45-2797-4b85-b771-147508e4f9c2",
      "0af8f197-490c-4740-9157-e9b083b8ad6a",
    ],
    "id": "0d52da9b-8a10-4652-969b-01dc5598324d",
    "name": "jsdom",
    "type": "devDependencies",
    "version": "^22.1.0",
  },
  Dependency {
    "cid": [
      "aeb0ae12-6e89-4324-9391-7b853da3fdad",
      "db16f948-3d82-44d8-9bf3-1cef36a8d6be",
      "e2fbaa4a-aa39-40db-acc7-e82b464211a2",
    ],
    "id": "e0822794-8272-4f4d-ba63-8187196c6374",
    "name": "opn",
    "type": "devDependencies",
    "version": "^6.0.0",
  },
  Dependency {
    "cid": [
      "8432920b-0b58-41c5-88e2-82c3524ed38d",
      "4b479a4e-9884-43fc-b582-45d837cfbd76",
    ],
    "id": "6b369d43-2755-405a-acef-66e04dd2b56f",
    "name": "path",
    "type": "devDependencies",
    "version": "^0.12.7",
  },
  Dependency {
    "cid": [
      "29e6f458-35e2-489f-adc7-703310580abe",
      "341961fb-2a27-4a70-ab44-a75dd14a914b",
      "1df97f20-ecce-4664-b73d-4e7f255e95e5",
      "8af1a08f-0830-4d30-bd65-17936e566ce8",
      "bd0b6d30-7014-459b-9516-639afac0abf5",
      "f0be2f2f-247f-438e-b99b-7b20b25e126d",
      "e4f9aba6-8cf7-4ea7-9f05-1897a0862f92",
      "2beb1512-9c3d-40da-8088-73a8d9369bb0",
      "163eba6e-2faf-4cef-872a-b84e00e51be2",
      "d559f1d6-f1dd-46e7-9fec-d3fc400a2a84",
      "949f61b0-6dbe-41db-8020-cfd9508be28e",
      "9aa4f4c2-4d1a-43f3-9b0e-263f81f958ca",
      "f3ba0384-0f42-4226-b5e3-67f206410041",
      "145665c2-3caf-49b5-a113-9240d44688ff",
      "c51270a7-d1c9-4e89-a4d3-a489197b8f4d",
      "f2c93b0e-ea32-48b8-b840-b2a507eae605",
      "64a6eedb-458f-4279-bdcb-f2bf5384e52d",
      "67ea3bc6-1584-455e-805d-0a33db81e57c",
      "53477dac-2a8d-42ad-b426-246d102ceb11",
      "f0c09af4-e175-4a95-929f-d56e4057a0a8",
      "076982cc-36be-4b67-8b63-190343d9dd1a",
      "5c4ad01c-53b0-4588-b213-f66128b7a761",
      "eaf14426-4920-4613-88b6-f04e99255ece",
      "35d751ef-c2bc-4102-9296-e39dded6f922",
      "7768c710-a0a4-4aec-8e72-5c38ab8183ac",
      "20aca5a0-8058-44cb-a395-f34f2948b3a8",
      "00a21ca3-e163-4dd8-97f1-97e7d22f96cc",
      "3b53cf49-449f-42a1-a3f1-1b3bcd747d37",
      "ff204341-07af-452b-a4e3-9ff0b3f64724",
    ],
    "id": "730af7fa-88b0-4a8d-ab35-5b586ab8ab2f",
    "name": "typescript",
    "type": "devDependencies",
    "version": "^5.0.2",
  },
  Dependency {
    "cid": [
      "538fa404-cc5f-4406-abfb-3fdaac7e6b84",
      "572b7284-bf1e-4fc9-a78c-23ad7347f137",
      "b949757f-7598-4cea-a065-6e1c9f1c2911",
      "8132a4dd-bcd6-40f9-a983-8cfe2ae176c3",
      "bea21233-c83d-46de-be64-3799a07ab92b",
      "e583d432-9dc6-4b91-859a-4edb64e7a90c",
      "dcea1871-2b93-484f-8b38-ef7e6aaab35f",
      "7dce4470-11d5-41a0-8cd4-936accf373ac",
      "1891539a-b3fe-4812-9948-60889ba9be5c",
      "c99032f8-dbc1-4150-ac70-d7b9d0ad9147",
      "3a13710f-dbe2-4f51-9f6e-59b741fc7c6a",
      "8912818a-f712-49a2-abe2-d25b78e4041b",
      "a527038c-2348-4b69-b62e-62872bd6223f",
      "80939b5e-b207-42d7-8ff0-2cfe09000f04",
      "f67ac119-6147-48b8-8c27-03912e6e0bc5",
      "fad15213-08a0-4d1e-ae53-7628f5a96b79",
      "5496ee08-d46b-4821-969a-bd4fcb63609f",
      "fda6e213-5e42-4f3b-82ac-c26fcd449a96",
      "c2a8cc25-e8c6-4428-a7a7-3dd27131866a",
      "88af6488-222e-40df-b463-eb5e051d6fd2",
      "3f29a807-eaa6-44b4-bc4c-7678a0bd9d69",
      "2869381f-97c7-4754-930e-77197eccd3ac",
      "aa59dfd5-c7cb-4fad-a90a-60e3ed6cd07b",
      "c2b42e03-e927-47f6-860d-acedbe467c22",
      "77c147b7-044a-437d-8702-a3d8262c1bce",
      "eaf46191-892f-46ff-bd11-99b3ed2a883c",
      "e4ba899c-80fa-4a82-ab16-aa1ec08e6d8a",
      "c910a9aa-8a0e-45f0-b332-c51515dafe95",
      "e15b67cc-3ac9-4c97-b68b-b411d9c42411",
      "45dc8c14-9a5b-43f1-9baf-5077dd158c90",
      "2fa8ce9e-fccb-41ae-b8d9-42026e4acdd0",
      "8d9088c8-8353-404e-a0d7-73f2f5e072ff",
      "dfd546f1-e2a4-4123-8cdc-f2488a792354",
      "be2556d1-890e-4a85-ad93-ded9128421c9",
      "966a5af2-8e2f-47da-8b58-f35f9da77445",
      "810ca8a2-9a3a-469b-a5eb-2df48b6ba62e",
      "b45f9cb6-7fa1-44ab-b95e-f3f87b0dc0cd",
      "fc1918e1-a024-4253-b1e0-785ed2c5ed10",
      "88b377c2-d11c-4f21-8e54-78806d0b5272",
      "dd2d9e32-cf26-4059-8428-09071494482c",
      "ed2fcbef-8546-4ccd-9e92-f4d5cc1d2aa6",
      "313e5d5a-9f80-48f8-8973-22ab164d8221",
      "d5c2c2df-9c63-4334-b288-05a7dd4e7b60",
      "5206ca63-087b-44a1-9414-1c26fc47378b",
      "1737d254-6a01-4617-b7e7-fc1551141fc6",
      "06f6226c-06e2-412b-be1a-14d63f60071f",
      "6958fcf2-a5cd-40a2-960e-52d38542a4f3",
      "798dcfb0-d606-4e3e-8e68-5bfb24ec5989",
      "803d58bc-7ae5-4992-8306-cf5f8bea2c31",
      "245e2957-402d-4496-a713-5a03212f1d9a",
      "cb0a6f2e-dfa5-46dc-8877-c68100170c14",
      "eabd55d0-cbae-4e18-ae34-31aa99f8abe9",
      "8883a8f5-5e83-4092-87f3-e362b7774f3b",
      "6228007a-6ac7-41aa-94d1-f1ecc6e1bdbf",
      "2e5f9ef1-356b-409f-8168-4efd1283ec98",
    ],
    "id": "cb356e43-c723-419a-8926-fa830dc98bab",
    "name": "vite",
    "type": "devDependencies",
    "version": "^4.4.5",
  },
  Dependency {
    "cid": [
      "09584899-d6c4-4bce-b165-b1789f2a8a49",
      "ddf35df1-7cf3-4a9f-b269-c274dea8f048",
      "0f800ee7-aee1-4e2d-a841-86d555ecc37b",
      "42caf1b4-f33f-4da8-98d0-ea01a40b4af3",
      "72a28e09-926a-4e50-b40c-0e0afc10fd7e",
      "37550284-26db-47e1-b4d1-653f66b47530",
      "aa392c82-3273-4d92-b93d-26a3450e2544",
      "32d4778b-bd66-4521-bdd1-1db37032d9c9",
      "ff523f3a-4476-4c33-ad4a-4d93aea3b71a",
      "e1518a41-fb65-4e69-906d-876b43587104",
      "7991e030-24c2-4e00-8477-d9ebcf0c31cc",
      "0eb0b52e-5872-4e58-94aa-1ce5d1cc9c92",
      "2c4e7254-7c36-4510-b3db-7ca09030b659",
      "655ca821-ba72-4dba-8f97-e1fbed19f2ee",
      "b60dd5b9-12cf-4c7e-acc8-de20abcf52e8",
      "948a2ebb-01de-46b9-83e5-3b8f9ec51266",
      "ef32db78-a787-4433-95ac-c316780b446f",
      "98f4fb4e-9882-4fee-9af7-fe199dbf753e",
      "748ea383-5e92-49d3-88ec-0ec2ab252c17",
      "f14f6e7d-6d53-4879-8d24-a2132fd7c0d5",
      "f59c5057-db0e-4c84-9c37-6b8fe1582568",
      "e63a1beb-fe40-4504-a963-a157286f2347",
      "8e026f33-f606-4178-9869-66a0553d3016",
      "41b1696c-c41f-4c35-9f6a-686e894e55cb",
      "c4ab44cc-01b0-47c1-ad0c-7a41d6dc8835",
      "1b24dd76-15e6-4c98-b594-3cf41e31a101",
      "39444c26-eacf-450f-a19d-920ec552d141",
      "81cf1ac3-bcc8-43f3-ac4e-803f6b1b9903",
      "23dc07f3-76d4-485b-b3ad-05d4159183df",
      "58a52e52-9df7-4f84-86ce-b5e5f8e92faf",
      "6bd65722-91ae-43d8-80d1-27c49b311858",
      "5590e289-cc14-4c2e-a689-b33b5c3b3320",
      "1f8a6468-f1cf-47cb-8439-a6b425b89172",
      "5e103496-cc9f-48c0-8a56-64d20628ecad",
      "9e283377-92c7-499d-b68c-521d75a2db8c",
      "1186284d-4e4b-4490-8c77-76d3608a77e8",
    ],
    "id": "d463b297-76ee-4067-9dc8-8f480c35129d",
    "name": "vitest",
    "type": "devDependencies",
    "version": "^0.34.1",
  },
  Dependency {
    "cid": [],
    "id": "20df445d-30b6-4479-ab3c-c860dbecb559",
    "name": "@babel/core",
    "type": "devDependencies",
    "version": "^7.12.10",
  },
  Dependency {
    "cid": [],
    "id": "7acc0b62-8bbf-429d-b86e-851ddf520cbf",
    "name": "@babel/plugin-syntax-typescript",
    "type": "devDependencies",
    "version": "^7.12.1",
  },
  Dependency {
    "cid": [],
    "id": "d068f728-ac19-41f5-89b0-f3bb9902c1ec",
    "name": "@rollup/plugin-commonjs",
    "type": "devDependencies",
    "version": "^17.0.0",
  },
  Dependency {
    "cid": [],
    "id": "b1d17a08-c992-4dc4-ab54-a20ff75a0d60",
    "name": "@rollup/plugin-node-resolve",
    "type": "devDependencies",
    "version": "^11.0.0",
  },
  Dependency {
    "cid": [],
    "id": "f73556e9-fbaf-4d74-8d39-7e0b59a903ec",
    "name": "cz-conventional-changelog",
    "type": "devDependencies",
    "version": "^2.1.0",
  },
  Dependency {
    "cid": [],
    "id": "382c60da-e8c7-418f-af99-c3657afcb427",
    "name": "esbuild",
    "type": "devDependencies",
    "version": "^0.8.21",
  },
  Dependency {
    "cid": [],
    "id": "0c9c44ae-d354-4312-ba59-1a4ccf7c6ac2",
    "name": "eslint-config-rem",
    "type": "devDependencies",
    "version": "^3.0.0",
  },
  Dependency {
    "cid": [],
    "id": "0e42aed5-a4f0-41ac-ad20-2717c680f755",
    "name": "execa",
    "type": "devDependencies",
    "version": "^5.0.0",
  },
  Dependency {
    "cid": [],
    "id": "0b33d705-8491-4fd5-9e02-75657a6fd14f",
    "name": "fs-extra",
    "type": "devDependencies",
    "version": "^9.0.1",
  },
  Dependency {
    "cid": [],
    "id": "d2e733f2-8f4a-4397-ad76-1ab9cb79d251",
    "name": "globby",
    "type": "devDependencies",
    "version": "^11.0.1",
  },
  Dependency {
    "cid": [],
    "id": "17690b7a-8417-4096-a433-cadbf5c8de98",
    "name": "husky",
    "type": "devDependencies",
    "version": "^1.2.0",
  },
  Dependency {
    "cid": [],
    "id": "7383a950-66d7-4d00-a967-77243853b293",
    "name": "jest",
    "type": "devDependencies",
    "version": "^24.9.0",
  },
  Dependency {
    "cid": [],
    "id": "538fad00-b5b7-496a-9136-4477dcca8396",
    "name": "lint-staged",
    "type": "devDependencies",
    "version": "^8.1.0",
  },
  Dependency {
    "cid": [],
    "id": "6ac466f5-3794-4357-80f5-fb5ba2314ac6",
    "name": "markdown-toc",
    "type": "devDependencies",
    "version": "^1.2.0",
  },
  Dependency {
    "cid": [],
    "id": "eacefe08-1650-4a50-b35f-2d57cb7e05b6",
    "name": "mri",
    "type": "devDependencies",
    "version": "^1.1.6",
  },
  Dependency {
    "cid": [],
    "id": "60d9b869-aff9-4d0d-a664-a055177a789e",
    "name": "prettier",
    "type": "devDependencies",
    "version": "^2.2.1",
  },
  Dependency {
    "cid": [],
    "id": "339117e6-00fe-448e-aac6-c22d0d0baf68",
    "name": "rollup",
    "type": "devDependencies",
    "version": "^2.34.2",
  },
  Dependency {
    "cid": [],
    "id": "7e78c1ae-5fc8-45a4-935f-65bb0a792e0d",
    "name": "rollup-plugin-dts",
    "type": "devDependencies",
    "version": "^2.0.1",
  },
  Dependency {
    "cid": [],
    "id": "7e387391-2a22-4b21-87a2-8efa0805cbbd",
    "name": "rollup-plugin-esbuild",
    "type": "devDependencies",
    "version": "^2.6.1",
  },
  Dependency {
    "cid": [],
    "id": "eda1d097-3296-4ae0-b0b3-9c40f3b49ea1",
    "name": "semantic-release",
    "type": "devDependencies",
    "version": "^17.3.0",
  },
  Dependency {
    "cid": [],
    "id": "610201a5-151e-45c0-8139-1f19ca278891",
    "name": "sucrase",
    "type": "devDependencies",
    "version": "^3.16.0",
  },
  Dependency {
    "cid": [],
    "id": "92e79193-0a1a-4124-84cc-1d1e49166852",
    "name": "ts-jest",
    "type": "devDependencies",
    "version": "^26.4.4",
  },
  Dependency {
    "cid": [],
    "id": "b8f72438-678a-47c8-ac8d-ad8addc32f3a",
    "name": "ts-node",
    "type": "devDependencies",
    "version": "^9.1.1",
  },
  Dependency {
    "cid": [],
    "id": "17f205f4-31fe-4a1d-bcaf-146b23479247",
    "name": "typedoc",
    "type": "devDependencies",
    "version": "^0.19.2",
  },
  Dependency {
    "cid": [],
    "id": "ef2da069-652e-457f-bb0e-b50aa63e9927",
    "name": "typescript",
    "type": "devDependencies",
    "version": "^4.1.2",
  },
  Dependency {
    "cid": [],
    "id": "ba03a884-c380-4afa-99f2-4023bbeff114",
    "name": "graceful-fs",
    "type": "dependencies",
    "version": "^4.2.0",
  },
  Dependency {
    "cid": [],
    "id": "76af1298-4e1f-4d22-bc25-6bea715b278e",
    "name": "jsonfile",
    "type": "dependencies",
    "version": "^6.0.1",
  },
  Dependency {
    "cid": [],
    "id": "11c91ffd-91a4-4f5c-803c-646b5d3857ad",
    "name": "universalify",
    "type": "dependencies",
    "version": "^2.0.0",
  },
  Dependency {
    "cid": [],
    "id": "afa87658-0008-4dce-8e8c-5c6d7fca3bd5",
    "name": "klaw",
    "type": "devDependencies",
    "version": "^2.1.1",
  },
  Dependency {
    "cid": [],
    "id": "3c57659b-fcd0-4fb4-a790-8e80f3ffdb20",
    "name": "klaw-sync",
    "type": "devDependencies",
    "version": "^3.0.2",
  },
  Dependency {
    "cid": [],
    "id": "95535063-9c9b-45ec-97a1-278cb61c1fd7",
    "name": "minimist",
    "type": "devDependencies",
    "version": "^1.1.1",
  },
  Dependency {
    "cid": [],
    "id": "9786990e-1e74-4698-a076-97a31a608562",
    "name": "mocha",
    "type": "devDependencies",
    "version": "^10.1.0",
  },
  Dependency {
    "cid": [],
    "id": "9d28321c-25f4-4e26-8c6e-5385c3dfabcf",
    "name": "nyc",
    "type": "devDependencies",
    "version": "^15.0.0",
  },
  Dependency {
    "cid": [],
    "id": "ab176281-10e2-490a-9368-d7060b502aee",
    "name": "proxyquire",
    "type": "devDependencies",
    "version": "^2.0.1",
  },
  Dependency {
    "cid": [],
    "id": "50565ed3-b74b-4c9e-9220-bd95d5d834a4",
    "name": "read-dir-files",
    "type": "devDependencies",
    "version": "^0.1.1",
  },
  Dependency {
    "cid": [],
    "id": "7606ffb2-fd2b-4e2a-a073-0f11909a4aa6",
    "name": "standard",
    "type": "devDependencies",
    "version": "^17.0.0",
  },
  Dependency {
    "cid": [],
    "id": "21afe8a5-38c4-4ba4-9d00-49db57bd6729",
    "name": "loose-envify",
    "type": "dependencies",
    "version": "^1.1.0",
  },
  Dependency {
    "cid": [],
    "id": "448c5c05-0214-4b5a-8843-d38456caca67",
    "name": "loose-envify",
    "type": "dependencies",
    "version": "^1.1.0",
  },
  Dependency {
    "cid": [],
    "id": "b699c605-d265-4019-9e76-9ee4f104d8b1",
    "name": "scheduler",
    "type": "dependencies",
    "version": "^0.23.0",
  },
  Dependency {
    "cid": [],
    "id": "d33615d9-b32f-4d2e-8042-f960fd231340",
    "name": "@babel/cli",
    "type": "devDependencies",
    "version": "7.18.10",
  },
  Dependency {
    "cid": [],
    "id": "78e40663-9766-452d-a3a4-d684e815f790",
    "name": "@babel/core",
    "type": "devDependencies",
    "version": "7.18.10",
  },
  Dependency {
    "cid": [],
    "id": "8508add7-b83d-44fd-b968-6349535e0e43",
    "name": "@babel/eslint-parser",
    "type": "devDependencies",
    "version": "7.18.9",
  },
  Dependency {
    "cid": [],
    "id": "6d65d048-5520-44ea-ab6c-f89e81e9252a",
    "name": "@babel/preset-env",
    "type": "devDependencies",
    "version": "7.18.10",
  },
  Dependency {
    "cid": [],
    "id": "e6e68831-e9b6-4b12-98a6-def6c9817cf9",
    "name": "@commitlint/cli",
    "type": "devDependencies",
    "version": "17.0.3",
  },
  Dependency {
    "cid": [],
    "id": "e532f64c-38e7-4915-87c9-13c4dc1e13cf",
    "name": "@commitlint/config-conventional",
    "type": "devDependencies",
    "version": "17.0.3",
  },
  Dependency {
    "cid": [],
    "id": "e057bfed-0072-4acc-849b-af4dd6a0aa3a",
    "name": "bundlewatch",
    "type": "devDependencies",
    "version": "0.3.3",
  },
  Dependency {
    "cid": [],
    "id": "4b23ebce-e4ea-43a5-96e0-6a5cb9ade554",
    "name": "eslint",
    "type": "devDependencies",
    "version": "8.21.0",
  },
  Dependency {
    "cid": [],
    "id": "9eb45657-7eae-4020-9a64-528fc422c845",
    "name": "eslint-config-prettier",
    "type": "devDependencies",
    "version": "8.5.0",
  },
  Dependency {
    "cid": [],
    "id": "7b1446e1-9ba4-45eb-96e9-d2f27a2becb0",
    "name": "eslint-config-standard",
    "type": "devDependencies",
    "version": "17.0.0",
  },
  Dependency {
    "cid": [],
    "id": "1143bd66-c071-4e82-bc56-492e107ccdab",
    "name": "eslint-plugin-import",
    "type": "devDependencies",
    "version": "2.26.0",
  },
  Dependency {
    "cid": [],
    "id": "03f13808-ae22-477b-8e5f-f52aff040c5b",
    "name": "eslint-plugin-node",
    "type": "devDependencies",
    "version": "11.1.0",
  },
  Dependency {
    "cid": [],
    "id": "f21d0941-e46c-433b-8748-7aefe24c6bee",
    "name": "eslint-plugin-prettier",
    "type": "devDependencies",
    "version": "4.2.1",
  },
  Dependency {
    "cid": [],
    "id": "a3680c79-463d-484c-a056-02ddbe584c43",
    "name": "eslint-plugin-promise",
    "type": "devDependencies",
    "version": "6.0.0",
  },
  Dependency {
    "cid": [],
    "id": "2c523804-172e-4962-a358-c2747adb720d",
    "name": "husky",
    "type": "devDependencies",
    "version": "8.0.1",
  },
  Dependency {
    "cid": [],
    "id": "5a274c65-64ad-478b-b9c0-bcf5920a11cc",
    "name": "jest",
    "type": "devDependencies",
    "version": "28.1.3",
  },
  Dependency {
    "cid": [],
    "id": "bc41a866-0bba-4f10-a458-5ed4589aad00",
    "name": "lint-staged",
    "type": "devDependencies",
    "version": "13.0.3",
  },
  Dependency {
    "cid": [],
    "id": "dd383e9c-1cd3-4a33-97ee-866045cab73b",
    "name": "npm-run-all",
    "type": "devDependencies",
    "version": "4.1.5",
  },
  Dependency {
    "cid": [],
    "id": "5aae2fbb-8378-4145-83af-e3cf853885e8",
    "name": "optional-dev-dependency",
    "type": "devDependencies",
    "version": "2.0.1",
  },
  Dependency {
    "cid": [],
    "id": "8e9ed394-ec99-461f-9ee4-d058ab06eafe",
    "name": "prettier",
    "type": "devDependencies",
    "version": "2.7.1",
  },
  Dependency {
    "cid": [],
    "id": "9494df3f-c518-4090-b9a8-eec71991a0db",
    "name": "random-seed",
    "type": "devDependencies",
    "version": "0.3.0",
  },
  Dependency {
    "cid": [],
    "id": "2f102b78-c020-44f3-b210-52995a3edb99",
    "name": "runmd",
    "type": "devDependencies",
    "version": "1.3.6",
  },
  Dependency {
    "cid": [],
    "id": "82e5ae2b-e53f-4506-8bf5-47427ad5b632",
    "name": "standard-version",
    "type": "devDependencies",
    "version": "9.5.0",
  },
  Dependency {
    "cid": [],
    "id": "c83cf7b5-5f19-4a79-97f0-10eb4535a809",
    "name": "@eslint-community/regexpp",
    "type": "dependencies",
    "version": "^4.5.0",
  },
  Dependency {
    "cid": [],
    "id": "cea466cc-4481-434f-abca-a97ecbbd8680",
    "name": "@typescript-eslint/scope-manager",
    "type": "dependencies",
    "version": "6.0.0",
  },
  Dependency {
    "cid": [],
    "id": "b5ca86cb-c2e3-445e-9539-8306cfd505bc",
    "name": "@typescript-eslint/type-utils",
    "type": "dependencies",
    "version": "6.0.0",
  },
  Dependency {
    "cid": [],
    "id": "581c59c1-4255-4e7f-b72e-fab2a8028fb3",
    "name": "@typescript-eslint/utils",
    "type": "dependencies",
    "version": "6.0.0",
  },
  Dependency {
    "cid": [],
    "id": "9f4eecb5-8770-4f70-9666-28057a990097",
    "name": "@typescript-eslint/visitor-keys",
    "type": "dependencies",
    "version": "6.0.0",
  },
  Dependency {
    "cid": [],
    "id": "f39d993a-3414-47ce-a796-55422f03b51c",
    "name": "debug",
    "type": "dependencies",
    "version": "^4.3.4",
  },
  Dependency {
    "cid": [],
    "id": "17205184-074f-4a00-8268-8bc0890524ee",
    "name": "grapheme-splitter",
    "type": "dependencies",
    "version": "^1.0.4",
  },
  Dependency {
    "cid": [],
    "id": "b295f214-e0f3-4c4a-9a32-3532030b7591",
    "name": "graphemer",
    "type": "dependencies",
    "version": "^1.4.0",
  },
  Dependency {
    "cid": [],
    "id": "6f636234-b7c9-4739-97ef-424b975e51b8",
    "name": "ignore",
    "type": "dependencies",
    "version": "^5.2.4",
  },
  Dependency {
    "cid": [],
    "id": "bc466154-8734-4ad5-be48-1f72f7ad3a04",
    "name": "natural-compare",
    "type": "dependencies",
    "version": "^1.4.0",
  },
  Dependency {
    "cid": [],
    "id": "9a8f525c-77a1-493c-9a86-3bc0eef4bb1a",
    "name": "natural-compare-lite",
    "type": "dependencies",
    "version": "^1.4.0",
  },
  Dependency {
    "cid": [],
    "id": "2633c7ba-5801-462b-9970-7d0884d16a29",
    "name": "semver",
    "type": "dependencies",
    "version": "^7.5.0",
  },
  Dependency {
    "cid": [],
    "id": "f677b95d-5fe7-46ae-8054-63a05e226b84",
    "name": "ts-api-utils",
    "type": "dependencies",
    "version": "^1.0.1",
  },
  Dependency {
    "cid": [],
    "id": "bbf4d7f7-96f5-49da-b996-a1d5d922e5ab",
    "name": "@typescript-eslint/rule-schema-to-typescript-types",
    "type": "devDependencies",
    "version": "6.0.0",
  },
  Dependency {
    "cid": [],
    "id": "fcc091e3-20dc-407a-9f77-7d59f1d4a587",
    "name": "@typescript-eslint/rule-tester",
    "type": "devDependencies",
    "version": "6.0.0",
  },
  Dependency {
    "cid": [],
    "id": "98dbed38-ad63-4014-a6d9-5eef75725b34",
    "name": "chalk",
    "type": "devDependencies",
    "version": "^5.0.1",
  },
  Dependency {
    "cid": [],
    "id": "36f76f3f-1790-4b5e-b638-7577b94ce8cd",
    "name": "cross-fetch",
    "type": "devDependencies",
    "version": "*",
  },
  Dependency {
    "cid": [],
    "id": "133eefe9-ac92-4e3e-817c-e0a06faf0c3a",
    "name": "jest-specific-snapshot",
    "type": "devDependencies",
    "version": "*",
  },
  Dependency {
    "cid": [],
    "id": "06d3d4aa-a5ed-40d4-be17-0332a47e8dcd",
    "name": "json-schema",
    "type": "devDependencies",
    "version": "*",
  },
  Dependency {
    "cid": [],
    "id": "34689f16-b265-4ce0-bbad-08aaebfb983b",
    "name": "markdown-table",
    "type": "devDependencies",
    "version": "^3.0.3",
  },
  Dependency {
    "cid": [],
    "id": "62f117ea-2ae6-497a-9f06-7e603bddbad1",
    "name": "marked",
    "type": "devDependencies",
    "version": "^4.3.0",
  },
  Dependency {
    "cid": [],
    "id": "4b94daf5-490c-4d18-a175-3d0e5f63d65d",
    "name": "prettier",
    "type": "devDependencies",
    "version": "*",
  },
  Dependency {
    "cid": [],
    "id": "53af3c3b-5302-4b16-9736-703c19393a90",
    "name": "title-case",
    "type": "devDependencies",
    "version": "^3.0.3",
  },
  Dependency {
    "cid": [],
    "id": "d890da08-738d-4c6f-b216-ddd555c4f3cb",
    "name": "typescript",
    "type": "devDependencies",
    "version": "*",
  },
  Dependency {
    "cid": [],
    "id": "119ef3fd-3110-462c-9c53-0a53ce24eeb0",
    "name": "@typescript-eslint/scope-manager",
    "type": "dependencies",
    "version": "6.0.0",
  },
  Dependency {
    "cid": [],
    "id": "ae84ddf9-e991-4218-8ca2-40ad41040d78",
    "name": "@typescript-eslint/types",
    "type": "dependencies",
    "version": "6.0.0",
  },
  Dependency {
    "cid": [],
    "id": "249d9f95-95b5-4a2d-a850-dec4f94e5ae9",
    "name": "@typescript-eslint/typescript-estree",
    "type": "dependencies",
    "version": "6.0.0",
  },
  Dependency {
    "cid": [],
    "id": "30423423-ed6e-4e1e-8409-2d2898e1e7d1",
    "name": "@typescript-eslint/visitor-keys",
    "type": "dependencies",
    "version": "6.0.0",
  },
  Dependency {
    "cid": [],
    "id": "ac165c32-7b61-4c4e-aa0a-d99bcf542188",
    "name": "debug",
    "type": "dependencies",
    "version": "^4.3.4",
  },
  Dependency {
    "cid": [],
    "id": "9b70da4c-52a2-42e0-b308-c887952a5c4c",
    "name": "glob",
    "type": "devDependencies",
    "version": "*",
  },
  Dependency {
    "cid": [],
    "id": "031d93e3-6f2d-441f-95e6-fec890a63ca2",
    "name": "typescript",
    "type": "devDependencies",
    "version": "*",
  },
  Dependency {
    "cid": [],
    "id": "d9c20840-86c6-41db-a21a-257486036ae7",
    "name": "@babel/core",
    "type": "dependencies",
    "version": "^7.22.5",
  },
  Dependency {
    "cid": [],
    "id": "3a1a9941-e4f2-4ca4-a69a-2ba909720a13",
    "name": "@babel/plugin-transform-react-jsx-self",
    "type": "dependencies",
    "version": "^7.22.5",
  },
  Dependency {
    "cid": [],
    "id": "3c7e185c-7866-414b-81c2-13d6c3acb277",
    "name": "@babel/plugin-transform-react-jsx-source",
    "type": "dependencies",
    "version": "^7.22.5",
  },
  Dependency {
    "cid": [],
    "id": "0bf815f1-2278-4a97-b944-7346686bc181",
    "name": "react-refresh",
    "type": "dependencies",
    "version": "^0.14.0",
  },
  Dependency {
    "cid": [],
    "id": "7ae81f17-04e9-4145-889d-45b26169ac58",
    "name": "follow-redirects",
    "type": "dependencies",
    "version": "^1.15.0",
  },
  Dependency {
    "cid": [],
    "id": "1ff0cd8f-1999-46e8-a088-405e23076664",
    "name": "form-data",
    "type": "dependencies",
    "version": "^4.0.0",
  },
  Dependency {
    "cid": [],
    "id": "14e06d29-5466-48d7-b58c-7671b9a68314",
    "name": "proxy-from-env",
    "type": "dependencies",
    "version": "^1.1.0",
  },
  Dependency {
    "cid": [],
    "id": "57f94b79-2ab4-436e-9cad-0d6396dffcd4",
    "name": "@babel/core",
    "type": "devDependencies",
    "version": "^7.18.2",
  },
  Dependency {
    "cid": [],
    "id": "c97887ac-04d2-4bbb-8f06-092ec1d46dce",
    "name": "@babel/preset-env",
    "type": "devDependencies",
    "version": "^7.18.2",
  },
  Dependency {
    "cid": [],
    "id": "ebea7eca-7986-4b07-8574-d92be164ba54",
    "name": "@commitlint/cli",
    "type": "devDependencies",
    "version": "^17.3.0",
  },
  Dependency {
    "cid": [],
    "id": "aac56394-26ea-415a-b502-d3017227a68c",
    "name": "@commitlint/config-conventional",
    "type": "devDependencies",
    "version": "^17.3.0",
  },
  Dependency {
    "cid": [],
    "id": "94769a75-89b1-44f3-956e-6bb05480fd39",
    "name": "@release-it/conventional-changelog",
    "type": "devDependencies",
    "version": "^5.1.1",
  },
  Dependency {
    "cid": [],
    "id": "b57ee69a-a1e2-4410-984d-57dace68e3ac",
    "name": "@rollup/plugin-babel",
    "type": "devDependencies",
    "version": "^5.3.1",
  },
  Dependency {
    "cid": [],
    "id": "51731e5b-2682-4350-bf27-f3ec02686f0f",
    "name": "@rollup/plugin-commonjs",
    "type": "devDependencies",
    "version": "^15.1.0",
  },
  Dependency {
    "cid": [],
    "id": "ce7d29de-506c-40f2-85ec-34d571e10fbc",
    "name": "@rollup/plugin-json",
    "type": "devDependencies",
    "version": "^4.1.0",
  },
  Dependency {
    "cid": [],
    "id": "f0ae5e26-e989-4d89-99c5-6f09787319e5",
    "name": "@rollup/plugin-multi-entry",
    "type": "devDependencies",
    "version": "^4.0.0",
  },
  Dependency {
    "cid": [],
    "id": "fff5df85-e28d-4ecb-943f-63a64f1fde24",
    "name": "@rollup/plugin-node-resolve",
    "type": "devDependencies",
    "version": "^9.0.0",
  },
  Dependency {
    "cid": [],
    "id": "f453cb42-9ec6-49db-9307-8e352247f8d1",
    "name": "abortcontroller-polyfill",
    "type": "devDependencies",
    "version": "^1.7.3",
  },
  Dependency {
    "cid": [],
    "id": "a94255ea-2dc0-4776-8c54-7f6363e48770",
    "name": "auto-changelog",
    "type": "devDependencies",
    "version": "^2.4.0",
  },
  Dependency {
    "cid": [],
    "id": "a2282be9-2d1d-448f-b8e0-d79af316431e",
    "name": "body-parser",
    "type": "devDependencies",
    "version": "^1.20.0",
  },
  Dependency {
    "cid": [],
    "id": "bf276f2c-a8b9-4c28-a044-e8597fa04a82",
    "name": "chalk",
    "type": "devDependencies",
    "version": "^5.2.0",
  },
  Dependency {
    "cid": [],
    "id": "ae312543-4286-448b-8015-afdc241ca760",
    "name": "coveralls",
    "type": "devDependencies",
    "version": "^3.1.1",
  },
  Dependency {
    "cid": [],
    "id": "8ba995a2-c11c-4a23-9c72-9c2e48a7b584",
    "name": "cross-env",
    "type": "devDependencies",
    "version": "^7.0.3",
  },
  Dependency {
    "cid": [],
    "id": "0b35e256-d3a3-4590-8fb7-621763c7abd8",
    "name": "dev-null",
    "type": "devDependencies",
    "version": "^0.1.1",
  },
  Dependency {
    "cid": [],
    "id": "967f577d-4185-46e9-98f0-fb25b4e8ead5",
    "name": "dtslint",
    "type": "devDependencies",
    "version": "^4.2.1",
  },
  Dependency {
    "cid": [],
    "id": "414d857e-9a4b-4b42-a64c-33a6c1572c50",
    "name": "es6-promise",
    "type": "devDependencies",
    "version": "^4.2.8",
  },
  Dependency {
    "cid": [],
    "id": "265568c2-360b-455c-a4cb-33c1a80ea886",
    "name": "eslint",
    "type": "devDependencies",
    "version": "^8.17.0",
  },
  Dependency {
    "cid": [],
    "id": "f0957878-a373-4d07-88cd-47ba19889f6a",
    "name": "express",
    "type": "devDependencies",
    "version": "^4.18.1",
  },
  Dependency {
    "cid": [],
    "id": "b60304e2-98ce-4472-9617-dc3bd18cbb26",
    "name": "formdata-node",
    "type": "devDependencies",
    "version": "^5.0.0",
  },
  Dependency {
    "cid": [],
    "id": "62e805f3-561c-4898-b4a9-d981489dc85c",
    "name": "formidable",
    "type": "devDependencies",
    "version": "^2.0.1",
  },
  Dependency {
    "cid": [],
    "id": "c9d94b5d-7f6b-4983-9cb3-9c235ccccc16",
    "name": "fs-extra",
    "type": "devDependencies",
    "version": "^10.1.0",
  },
  Dependency {
    "cid": [],
    "id": "cbf2ee38-b228-4068-8145-a19867ad47f5",
    "name": "get-stream",
    "type": "devDependencies",
    "version": "^3.0.0",
  },
  Dependency {
    "cid": [],
    "id": "851e647c-7372-4bb1-8724-a43c716c2e6c",
    "name": "gulp",
    "type": "devDependencies",
    "version": "^4.0.2",
  },
  Dependency {
    "cid": [],
    "id": "cee28099-6ff9-4274-bb66-17cdbaa952be",
    "name": "gzip-size",
    "type": "devDependencies",
    "version": "^7.0.0",
  },
  Dependency {
    "cid": [],
    "id": "090f51de-684c-4fcc-af12-083a205e5f19",
    "name": "handlebars",
    "type": "devDependencies",
    "version": "^4.7.7",
  },
  Dependency {
    "cid": [],
    "id": "831178f6-9ea2-449e-89a3-0e5efbfed21d",
    "name": "husky",
    "type": "devDependencies",
    "version": "^8.0.2",
  },
  Dependency {
    "cid": [],
    "id": "bc50eb7f-43ad-476d-81b1-ff0919175ded",
    "name": "istanbul-instrumenter-loader",
    "type": "devDependencies",
    "version": "^3.0.1",
  },
  Dependency {
    "cid": [],
    "id": "c36208f1-806a-4db9-9047-6e0c6aa8f0e1",
    "name": "jasmine-core",
    "type": "devDependencies",
    "version": "^2.4.1",
  },
  Dependency {
    "cid": [],
    "id": "1e804d86-4d8c-4077-928b-fa34ead38384",
    "name": "karma",
    "type": "devDependencies",
    "version": "^6.3.17",
  },
  Dependency {
    "cid": [],
    "id": "628ead42-5816-43fc-8cce-46cc8ace63cb",
    "name": "karma-chrome-launcher",
    "type": "devDependencies",
    "version": "^3.1.1",
  },
  Dependency {
    "cid": [],
    "id": "197a94bb-99de-469c-87bc-276a2dae29d7",
    "name": "karma-firefox-launcher",
    "type": "devDependencies",
    "version": "^2.1.2",
  },
  Dependency {
    "cid": [],
    "id": "d462d5f7-ba6e-4054-bcfa-d58f0c0b1208",
    "name": "karma-jasmine",
    "type": "devDependencies",
    "version": "^1.1.1",
  },
  Dependency {
    "cid": [],
    "id": "e6650211-98d9-4e9d-952f-242c394e4541",
    "name": "karma-jasmine-ajax",
    "type": "devDependencies",
    "version": "^0.1.13",
  },
  Dependency {
    "cid": [],
    "id": "ed0f663e-1c27-4a1b-a024-57151a58a71e",
    "name": "karma-rollup-preprocessor",
    "type": "devDependencies",
    "version": "^7.0.8",
  },
  Dependency {
    "cid": [],
    "id": "d510e435-8f8e-4064-89f6-0cdf3d0ee7ec",
    "name": "karma-safari-launcher",
    "type": "devDependencies",
    "version": "^1.0.0",
  },
  Dependency {
    "cid": [],
    "id": "b26f566b-783b-4d11-b0ac-2916a7ef2cae",
    "name": "karma-sauce-launcher",
    "type": "devDependencies",
    "version": "^4.3.6",
  },
  Dependency {
    "cid": [],
    "id": "fb7898aa-b6a7-4466-ba3a-0c09fb4febde",
    "name": "karma-sinon",
    "type": "devDependencies",
    "version": "^1.0.5",
  },
  Dependency {
    "cid": [],
    "id": "e335da20-341a-4376-b713-d53f51112592",
    "name": "karma-sourcemap-loader",
    "type": "devDependencies",
    "version": "^0.3.8",
  },
  Dependency {
    "cid": [],
    "id": "70896f4b-f252-4673-9aef-a9b424f262ab",
    "name": "minimist",
    "type": "devDependencies",
    "version": "^1.2.7",
  },
  Dependency {
    "cid": [],
    "id": "15512f3c-a6a1-4265-83df-4e80d71923bc",
    "name": "mocha",
    "type": "devDependencies",
    "version": "^10.0.0",
  },
  Dependency {
    "cid": [],
    "id": "dc8f2e10-c1ba-4fa6-b61a-0c3509ee7f37",
    "name": "multer",
    "type": "devDependencies",
    "version": "^1.4.4",
  },
  Dependency {
    "cid": [],
    "id": "e2c8c9d6-aaa1-4a6f-a4af-93f239da379f",
    "name": "pretty-bytes",
    "type": "devDependencies",
    "version": "^6.0.0",
  },
  Dependency {
    "cid": [],
    "id": "f4dcb550-6d76-41a7-92d7-9d629d50b703",
    "name": "release-it",
    "type": "devDependencies",
    "version": "^15.5.1",
  },
  Dependency {
    "cid": [],
    "id": "f7d61662-05aa-4596-a8ea-b2b4af547615",
    "name": "rollup",
    "type": "devDependencies",
    "version": "^2.67.0",
  },
  Dependency {
    "cid": [],
    "id": "df7335e3-5f0c-4513-a266-b9a8577b73a7",
    "name": "rollup-plugin-auto-external",
    "type": "devDependencies",
    "version": "^2.0.0",
  },
  Dependency {
    "cid": [],
    "id": "ad5d51e9-0396-4492-93ad-55ddd6891d31",
    "name": "rollup-plugin-bundle-size",
    "type": "devDependencies",
    "version": "^1.0.3",
  },
  Dependency {
    "cid": [],
    "id": "0b2258ec-6b39-4548-b413-49c22b5ef08b",
    "name": "rollup-plugin-terser",
    "type": "devDependencies",
    "version": "^7.0.2",
  },
  Dependency {
    "cid": [],
    "id": "2673ab05-b48b-4fb8-a58a-4d992ec22044",
    "name": "sinon",
    "type": "devDependencies",
    "version": "^4.5.0",
  },
  Dependency {
    "cid": [],
    "id": "18b3c8e6-6fc0-4fe1-bd96-ed346addb8b6",
    "name": "stream-throttle",
    "type": "devDependencies",
    "version": "^0.1.3",
  },
  Dependency {
    "cid": [],
    "id": "932d75aa-8a8f-48ed-9458-5e11d0a96493",
    "name": "string-replace-async",
    "type": "devDependencies",
    "version": "^3.0.2",
  },
  Dependency {
    "cid": [],
    "id": "e957c96e-cf77-4889-a657-7c98ebfd39f8",
    "name": "terser-webpack-plugin",
    "type": "devDependencies",
    "version": "^4.2.3",
  },
  Dependency {
    "cid": [],
    "id": "b8c0ab17-a631-4510-aa0d-6367f63294ed",
    "name": "typescript",
    "type": "devDependencies",
    "version": "^4.8.4",
  },
  Dependency {
    "cid": [],
    "id": "5f25f18c-69ef-4135-86c9-017b984bcc2d",
    "name": "@eslint-community/eslint-utils",
    "type": "dependencies",
    "version": "^4.2.0",
  },
  Dependency {
    "cid": [],
    "id": "cde42772-960d-4871-943d-0a7d637ba095",
    "name": "@eslint-community/regexpp",
    "type": "dependencies",
    "version": "^4.4.0",
  },
  Dependency {
    "cid": [],
    "id": "5c660238-1b44-4c01-8d39-a3162f21cdba",
    "name": "@eslint/eslintrc",
    "type": "dependencies",
    "version": "^2.1.0",
  },
  Dependency {
    "cid": [],
    "id": "afa5a0d0-2bb7-4246-a224-7608350c5008",
    "name": "@eslint/js",
    "type": "dependencies",
    "version": "8.44.0",
  },
  Dependency {
    "cid": [],
    "id": "091ea81b-7099-4a74-8200-174f68a4bf5a",
    "name": "@humanwhocodes/config-array",
    "type": "dependencies",
    "version": "^0.11.10",
  },
  Dependency {
    "cid": [],
    "id": "51eb7139-cbdb-41f4-b6f4-c558edcb27d8",
    "name": "@humanwhocodes/module-importer",
    "type": "dependencies",
    "version": "^1.0.1",
  },
  Dependency {
    "cid": [],
    "id": "2a60612f-850f-4cae-8f39-fd03dbbd6a52",
    "name": "@nodelib/fs.walk",
    "type": "dependencies",
    "version": "^1.2.8",
  },
  Dependency {
    "cid": [],
    "id": "e8b04609-fbae-41fc-af86-5dc30ccb3e5f",
    "name": "ajv",
    "type": "dependencies",
    "version": "^6.10.0",
  },
  Dependency {
    "cid": [],
    "id": "7d9759ce-1f80-4570-810a-fa425d268e9c",
    "name": "chalk",
    "type": "dependencies",
    "version": "^4.0.0",
  },
  Dependency {
    "cid": [],
    "id": "809bd175-7f98-4a17-9c54-1be778941791",
    "name": "cross-spawn",
    "type": "dependencies",
    "version": "^7.0.2",
  },
  Dependency {
    "cid": [],
    "id": "203acdb2-83d9-4325-90c9-e84d6dc16ae9",
    "name": "debug",
    "type": "dependencies",
    "version": "^4.3.2",
  },
  Dependency {
    "cid": [],
    "id": "65249099-ea47-4b4f-880b-643888db51ab",
    "name": "doctrine",
    "type": "dependencies",
    "version": "^3.0.0",
  },
  Dependency {
    "cid": [],
    "id": "f6cee11f-df4c-46da-8cdc-2742e59aee0a",
    "name": "escape-string-regexp",
    "type": "dependencies",
    "version": "^4.0.0",
  },
  Dependency {
    "cid": [],
    "id": "0cff99e7-1cca-408c-88ab-5718997f8a13",
    "name": "eslint-scope",
    "type": "dependencies",
    "version": "^7.2.0",
  },
  Dependency {
    "cid": [],
    "id": "e6ec0d01-ec33-41c1-b4cf-a9842c1fe666",
    "name": "eslint-visitor-keys",
    "type": "dependencies",
    "version": "^3.4.1",
  },
  Dependency {
    "cid": [],
    "id": "43e38662-195f-4f8a-83e8-ab566435e734",
    "name": "espree",
    "type": "dependencies",
    "version": "^9.6.0",
  },
  Dependency {
    "cid": [],
    "id": "21733dfd-90fd-4cd2-833e-9ea478f6af9e",
    "name": "esquery",
    "type": "dependencies",
    "version": "^1.4.2",
  },
  Dependency {
    "cid": [],
    "id": "7eb4853d-d275-42f1-8200-01536e5eda1b",
    "name": "esutils",
    "type": "dependencies",
    "version": "^2.0.2",
  },
  Dependency {
    "cid": [],
    "id": "3248a446-a53c-4f04-8b74-ea6578552715",
    "name": "fast-deep-equal",
    "type": "dependencies",
    "version": "^3.1.3",
  },
  Dependency {
    "cid": [],
    "id": "b9054b3c-8601-4f81-837a-364879ee84fe",
    "name": "file-entry-cache",
    "type": "dependencies",
    "version": "^6.0.1",
  },
  Dependency {
    "cid": [],
    "id": "7c944578-a39b-41e4-88b5-59ad743617e7",
    "name": "find-up",
    "type": "dependencies",
    "version": "^5.0.0",
  },
  Dependency {
    "cid": [],
    "id": "bb5345dd-1a8d-4149-94ed-7c5ea56e9000",
    "name": "glob-parent",
    "type": "dependencies",
    "version": "^6.0.2",
  },
  Dependency {
    "cid": [],
    "id": "01fe431d-9ad1-47f3-b51f-9509593868f0",
    "name": "globals",
    "type": "dependencies",
    "version": "^13.19.0",
  },
  Dependency {
    "cid": [],
    "id": "bbda03c2-02a0-47a5-af58-89f075189137",
    "name": "graphemer",
    "type": "dependencies",
    "version": "^1.4.0",
  },
  Dependency {
    "cid": [],
    "id": "ca48d883-3852-41ce-baed-08be0b2aad86",
    "name": "ignore",
    "type": "dependencies",
    "version": "^5.2.0",
  },
  Dependency {
    "cid": [],
    "id": "2eebb299-fe40-4069-9f8d-7fb3f559c44b",
    "name": "imurmurhash",
    "type": "dependencies",
    "version": "^0.1.4",
  },
  Dependency {
    "cid": [],
    "id": "aa87d7ae-bd99-408c-af3c-6799b637e0c3",
    "name": "is-glob",
    "type": "dependencies",
    "version": "^4.0.0",
  },
  Dependency {
    "cid": [],
    "id": "7a1a25e1-efdc-42fb-99e6-52699a100937",
    "name": "is-path-inside",
    "type": "dependencies",
    "version": "^3.0.3",
  },
  Dependency {
    "cid": [],
    "id": "3bc3dbfa-e3b5-446d-b200-1a3228b4925e",
    "name": "js-yaml",
    "type": "dependencies",
    "version": "^4.1.0",
  },
  Dependency {
    "cid": [],
    "id": "28749d03-94bd-4ec5-8880-952af34b6567",
    "name": "json-stable-stringify-without-jsonify",
    "type": "dependencies",
    "version": "^1.0.1",
  },
  Dependency {
    "cid": [],
    "id": "6d4d3f6a-ddfc-411c-8bb1-1f5b8f2b67f1",
    "name": "levn",
    "type": "dependencies",
    "version": "^0.4.1",
  },
  Dependency {
    "cid": [],
    "id": "e66c0f91-4b4d-4b62-b5cf-633ed82c395a",
    "name": "lodash.merge",
    "type": "dependencies",
    "version": "^4.6.2",
  },
  Dependency {
    "cid": [],
    "id": "7fcec867-4104-4a12-8c3e-ed5b4ba4fc9c",
    "name": "minimatch",
    "type": "dependencies",
    "version": "^3.1.2",
  },
  Dependency {
    "cid": [],
    "id": "706a3c8f-5fea-4bc3-b669-3a40309f04b2",
    "name": "natural-compare",
    "type": "dependencies",
    "version": "^1.4.0",
  },
  Dependency {
    "cid": [],
    "id": "b80895c7-9e66-4b37-b5f0-f0e445072011",
    "name": "optionator",
    "type": "dependencies",
    "version": "^0.9.3",
  },
  Dependency {
    "cid": [],
    "id": "5214406c-c259-4964-bc80-bdc339dc4b5e",
    "name": "strip-ansi",
    "type": "dependencies",
    "version": "^6.0.1",
  },
  Dependency {
    "cid": [],
    "id": "de13b830-9837-4602-a7c0-96a38c152ca1",
    "name": "text-table",
    "type": "dependencies",
    "version": "^0.2.0",
  },
  Dependency {
    "cid": [],
    "id": "f243e49a-792e-49dd-9fe2-8646eb1a7c4e",
    "name": "@babel/core",
    "type": "devDependencies",
    "version": "^7.4.3",
  },
  Dependency {
    "cid": [],
    "id": "011cda4c-4ac2-40e6-82e7-8461db09952a",
    "name": "@babel/preset-env",
    "type": "devDependencies",
    "version": "^7.4.3",
  },
  Dependency {
    "cid": [],
    "id": "1fb9adac-1a3b-4ca7-92ee-1ec93a83c76a",
    "name": "babel-loader",
    "type": "devDependencies",
    "version": "^8.0.5",
  },
  Dependency {
    "cid": [],
    "id": "afb89fe7-ff95-44f0-b5f5-e3f8f2a7b1ed",
    "name": "c8",
    "type": "devDependencies",
    "version": "^7.12.0",
  },
  Dependency {
    "cid": [],
    "id": "3b205376-e421-4cf4-9051-252a73fbf63a",
    "name": "chai",
    "type": "devDependencies",
    "version": "^4.0.1",
  },
  Dependency {
    "cid": [],
    "id": "9314c329-7694-488d-a7b1-829b0a262703",
    "name": "cheerio",
    "type": "devDependencies",
    "version": "^0.22.0",
  },
  Dependency {
    "cid": [],
    "id": "8f540558-3002-4a92-a349-3ede3550812f",
    "name": "common-tags",
    "type": "devDependencies",
    "version": "^1.8.0",
  },
  Dependency {
    "cid": [],
    "id": "34082879-6144-4131-90e5-6c039a4a15a7",
    "name": "core-js",
    "type": "devDependencies",
    "version": "^3.1.3",
  },
  Dependency {
    "cid": [],
    "id": "1775186b-80f9-4a5e-a4a0-aa49ffd36ff5",
    "name": "ejs",
    "type": "devDependencies",
    "version": "^3.0.2",
  },
  Dependency {
    "cid": [],
    "id": "40248dc4-c4fe-446e-9cbd-86c52f4221ae",
    "name": "eslint",
    "type": "devDependencies",
    "version": "file:.",
  },
  Dependency {
    "cid": [],
    "id": "c2f09c52-9a0e-417c-85e2-408ce705a4a7",
    "name": "eslint-config-eslint",
    "type": "devDependencies",
    "version": "file:packages/eslint-config-eslint",
  },
  Dependency {
    "cid": [],
    "id": "567c8a25-9ea6-4e24-9b38-a11e8e50d896",
    "name": "eslint-plugin-eslint-comments",
    "type": "devDependencies",
    "version": "^3.2.0",
  },
  Dependency {
    "cid": [],
    "id": "5189b80b-c558-4803-a9e0-7d1abee88682",
    "name": "eslint-plugin-eslint-plugin",
    "type": "devDependencies",
    "version": "^5.1.0",
  },
  Dependency {
    "cid": [],
    "id": "464c03a3-f2d0-4eb3-87d8-e096d0c5c5af",
    "name": "eslint-plugin-internal-rules",
    "type": "devDependencies",
    "version": "file:tools/internal-rules",
  },
  Dependency {
    "cid": [],
    "id": "68be305e-1419-4798-83e4-c754b793c016",
    "name": "eslint-plugin-jsdoc",
    "type": "devDependencies",
    "version": "^46.2.5",
  },
  Dependency {
    "cid": [],
    "id": "ae07717f-5663-430d-8a6e-407176ef89d3",
    "name": "eslint-plugin-n",
    "type": "devDependencies",
    "version": "^16.0.0",
  },
  Dependency {
    "cid": [],
    "id": "01d5aa21-04da-4489-944d-5c2b3db3274b",
    "name": "eslint-plugin-unicorn",
    "type": "devDependencies",
    "version": "^42.0.0",
  },
  Dependency {
    "cid": [],
    "id": "6c9aeb56-2162-4ee7-a487-6d3d84a7d72a",
    "name": "eslint-release",
    "type": "devDependencies",
    "version": "^3.2.0",
  },
  Dependency {
    "cid": [],
    "id": "1afd7339-68b1-470a-9b5b-95294d665082",
    "name": "eslump",
    "type": "devDependencies",
    "version": "^3.0.0",
  },
  Dependency {
    "cid": [],
    "id": "4b50d57d-2789-44e9-a0c2-3129f41997eb",
    "name": "esprima",
    "type": "devDependencies",
    "version": "^4.0.1",
  },
  Dependency {
    "cid": [],
    "id": "89956376-c222-4625-898c-6f3789e1dbd9",
    "name": "fast-glob",
    "type": "devDependencies",
    "version": "^3.2.11",
  },
  Dependency {
    "cid": [],
    "id": "e5269672-820d-4725-9cb4-f2470d0eda13",
    "name": "fs-teardown",
    "type": "devDependencies",
    "version": "^0.1.3",
  },
  Dependency {
    "cid": [],
    "id": "97f64d3b-239a-4f19-a7eb-3e9fb463fefb",
    "name": "glob",
    "type": "devDependencies",
    "version": "^7.1.6",
  },
  Dependency {
    "cid": [],
    "id": "487f284c-2060-4a2e-85f1-992b5987093e",
    "name": "got",
    "type": "devDependencies",
    "version": "^11.8.3",
  },
  Dependency {
    "cid": [],
    "id": "7a86a8f3-d4d1-48ce-a5f2-bd0478fa8226",
    "name": "gray-matter",
    "type": "devDependencies",
    "version": "^4.0.3",
  },
  Dependency {
    "cid": [],
    "id": "9c3d90c2-7588-492d-94b1-5bc3e411d689",
    "name": "karma",
    "type": "devDependencies",
    "version": "^6.1.1",
  },
  Dependency {
    "cid": [],
    "id": "a1088560-2f98-4cfb-a9a1-f19b8c107928",
    "name": "karma-chrome-launcher",
    "type": "devDependencies",
    "version": "^3.1.0",
  },
  Dependency {
    "cid": [],
    "id": "b5457d88-8965-48b5-ac93-3cfb4393e6f0",
    "name": "karma-mocha",
    "type": "devDependencies",
    "version": "^2.0.1",
  },
  Dependency {
    "cid": [],
    "id": "8bab3ba3-6d28-486a-881e-2a7023d8dcce",
    "name": "karma-mocha-reporter",
    "type": "devDependencies",
    "version": "^2.2.5",
  },
  Dependency {
    "cid": [],
    "id": "b2a23592-322b-4158-96a1-185f1f957d2b",
    "name": "karma-webpack",
    "type": "devDependencies",
    "version": "^5.0.0",
  },
  Dependency {
    "cid": [],
    "id": "afa1a1f6-2113-40fa-8d30-4a0f0900171e",
    "name": "lint-staged",
    "type": "devDependencies",
    "version": "^11.0.0",
  },
  Dependency {
    "cid": [],
    "id": "b79e2d34-113f-402a-a8e0-39037897c65b",
    "name": "load-perf",
    "type": "devDependencies",
    "version": "^0.2.0",
  },
  Dependency {
    "cid": [],
    "id": "8ce41762-47bd-4077-a39d-fe59a1d1a1fe",
    "name": "markdownlint",
    "type": "devDependencies",
    "version": "^0.25.1",
  },
  Dependency {
    "cid": [],
    "id": "bbc55860-ee5c-4746-9f9a-a5f576805a40",
    "name": "markdownlint-cli",
    "type": "devDependencies",
    "version": "^0.31.1",
  },
  Dependency {
    "cid": [],
    "id": "4140eb23-5461-46d0-bcdd-53cfab39c002",
    "name": "marked",
    "type": "devDependencies",
    "version": "^4.0.8",
  },
  Dependency {
    "cid": [],
    "id": "5819d8a2-26c5-4161-b8f9-b496a89f6806",
    "name": "memfs",
    "type": "devDependencies",
    "version": "^3.0.1",
  },
  Dependency {
    "cid": [],
    "id": "0cbb4e39-36a5-48fb-aef3-7441838a8f53",
    "name": "metascraper",
    "type": "devDependencies",
    "version": "^5.25.7",
  },
  Dependency {
    "cid": [],
    "id": "bff9206d-0671-4053-a1ec-b63e53342b89",
    "name": "metascraper-description",
    "type": "devDependencies",
    "version": "^5.25.7",
  },
  Dependency {
    "cid": [],
    "id": "4b808594-1f9a-4e82-aa1b-b342aa043bd2",
    "name": "metascraper-image",
    "type": "devDependencies",
    "version": "^5.29.3",
  },
  Dependency {
    "cid": [],
    "id": "44e1ebed-7cd5-40ab-af36-25ea4428d544",
    "name": "metascraper-logo",
    "type": "devDependencies",
    "version": "^5.25.7",
  },
  Dependency {
    "cid": [],
    "id": "90df5e5c-7dfd-4bf8-b48a-953a34a159a0",
    "name": "metascraper-logo-favicon",
    "type": "devDependencies",
    "version": "^5.25.7",
  },
  Dependency {
    "cid": [],
    "id": "fb8d55d7-518d-4a43-b2b3-104d027743cd",
    "name": "metascraper-title",
    "type": "devDependencies",
    "version": "^5.25.7",
  },
  Dependency {
    "cid": [],
    "id": "7189421a-aec4-47f5-89bc-991aaa8ca7fa",
    "name": "mocha",
    "type": "devDependencies",
    "version": "^8.3.2",
  },
  Dependency {
    "cid": [],
    "id": "21f73fcc-1f20-4122-ba37-beb684aed7b5",
    "name": "mocha-junit-reporter",
    "type": "devDependencies",
    "version": "^2.0.0",
  },
  Dependency {
    "cid": [],
    "id": "59e4a8fa-d341-46fc-a295-3aeeba6d8fa3",
    "name": "node-polyfill-webpack-plugin",
    "type": "devDependencies",
    "version": "^1.0.3",
  },
  Dependency {
    "cid": [],
    "id": "51156a4c-c859-4dd3-a124-468a12604ada",
    "name": "npm-license",
    "type": "devDependencies",
    "version": "^0.3.3",
  },
  Dependency {
    "cid": [],
    "id": "66a3967a-c392-4f6b-acbe-7986b71e4fb7",
    "name": "pirates",
    "type": "devDependencies",
    "version": "^4.0.5",
  },
  Dependency {
    "cid": [],
    "id": "28e57925-6138-4876-8442-a0c425f94dfb",
    "name": "progress",
    "type": "devDependencies",
    "version": "^2.0.3",
  },
  Dependency {
    "cid": [],
    "id": "782298f1-a325-43bd-974f-3208a5df5aef",
    "name": "proxyquire",
    "type": "devDependencies",
    "version": "^2.0.1",
  },
  Dependency {
    "cid": [],
    "id": "a9783bb7-4595-43f2-b2be-289c589b4739",
    "name": "puppeteer",
    "type": "devDependencies",
    "version": "^13.7.0",
  },
  Dependency {
    "cid": [],
    "id": "f3ef3211-8099-4b70-ad12-2dd5051472c9",
    "name": "recast",
    "type": "devDependencies",
    "version": "^0.20.4",
  },
  Dependency {
    "cid": [],
    "id": "77b866af-cf9a-4135-aa8e-e51d5549dbf1",
    "name": "regenerator-runtime",
    "type": "devDependencies",
    "version": "^0.13.2",
  },
  Dependency {
    "cid": [],
    "id": "dabd9b17-4c3d-4225-be7b-929b383fdabe",
    "name": "semver",
    "type": "devDependencies",
    "version": "^7.5.3",
  },
  Dependency {
    "cid": [],
    "id": "dd73c914-138e-4fc6-8155-8ef8a8823b37",
    "name": "shelljs",
    "type": "devDependencies",
    "version": "^0.8.2",
  },
  Dependency {
    "cid": [],
    "id": "dd83023e-71c6-4e4b-bc8d-4115a853833b",
    "name": "sinon",
    "type": "devDependencies",
    "version": "^11.0.0",
  },
  Dependency {
    "cid": [],
    "id": "d574bd93-0fb1-4a7d-adff-70db9dbff3e4",
    "name": "webpack",
    "type": "devDependencies",
    "version": "^5.23.0",
  },
  Dependency {
    "cid": [],
    "id": "8e7f40ba-5bd0-48f3-af97-5844a6597de7",
    "name": "webpack-cli",
    "type": "devDependencies",
    "version": "^4.5.0",
  },
  Dependency {
    "cid": [],
    "id": "3f7e560f-2761-4b4e-a589-bcbae354bfca",
    "name": "yorkie",
    "type": "devDependencies",
    "version": "^2.0.0",
  },
  Dependency {
    "cid": [],
    "id": "d49de696-e1b4-4583-aa73-fca2d2d371b1",
    "name": "@typescript-eslint/parser-v2",
    "type": "devDependencies",
    "version": "npm:@typescript-eslint/parser@^2.26.0",
  },
  Dependency {
    "cid": [],
    "id": "d09cf636-54f0-4fed-b146-88d6752c6083",
    "name": "@typescript-eslint/parser-v3",
    "type": "devDependencies",
    "version": "npm:@typescript-eslint/parser@^3.10.0",
  },
  Dependency {
    "cid": [],
    "id": "a3b6d98c-2a1c-4ec1-a24d-089448d48f58",
    "name": "@typescript-eslint/parser-v4",
    "type": "devDependencies",
    "version": "npm:@typescript-eslint/parser@^4.1.0",
  },
  Dependency {
    "cid": [],
    "id": "9674ca71-3d19-4b48-990b-ececbeadf417",
    "name": "@typescript-eslint/parser-v5",
    "type": "devDependencies",
    "version": "npm:@typescript-eslint/parser@^5.0.0-0",
  },
  Dependency {
    "cid": [],
    "id": "1f6f11d2-f3f3-4c63-a3e4-45a5353588f0",
    "name": "@commitlint/cli",
    "type": "devDependencies",
    "version": "^17.3.0",
  },
  Dependency {
    "cid": [],
    "id": "250b2943-34a6-4ad3-8c63-0eca8bf645ea",
    "name": "@commitlint/config-conventional",
    "type": "devDependencies",
    "version": "^17.3.0",
  },
  Dependency {
    "cid": [],
    "id": "d1661781-ba82-4b42-bf7c-88c3673c019f",
    "name": "@tsconfig/node14",
    "type": "devDependencies",
    "version": "^1.0.3",
  },
  Dependency {
    "cid": [],
    "id": "002408ea-c563-4f35-88bc-f249b8bcc96f",
    "name": "@typicode/eslint-config",
    "type": "devDependencies",
    "version": "^1.1.0",
  },
  Dependency {
    "cid": [],
    "id": "6d9b0790-685d-4d22-8921-f6c0f5a0e6d5",
    "name": "docsify-cli",
    "type": "devDependencies",
    "version": "^4.4.4",
  },
  Dependency {
    "cid": [],
    "id": "aa034864-cabb-464c-b574-1a4320693409",
    "name": "typescript",
    "type": "devDependencies",
    "version": "^4.9.4",
  },
  Dependency {
    "cid": [],
    "id": "bc513cf9-b4a0-473b-99bb-452bdabad8eb",
    "name": "abab",
    "type": "dependencies",
    "version": "^2.0.6",
  },
  Dependency {
    "cid": [],
    "id": "9ed0c247-aeba-4303-9ea3-71ed23ba9231",
    "name": "cssstyle",
    "type": "dependencies",
    "version": "^3.0.0",
  },
  Dependency {
    "cid": [],
    "id": "a0090052-85a5-4b9c-a2f4-975d1abf6d2e",
    "name": "data-urls",
    "type": "dependencies",
    "version": "^4.0.0",
  },
  Dependency {
    "cid": [],
    "id": "1534b298-6715-4d54-8a7c-c82817eaaedf",
    "name": "decimal.js",
    "type": "dependencies",
    "version": "^10.4.3",
  },
  Dependency {
    "cid": [],
    "id": "a03efa37-4251-4bcc-bfa1-64fee1edc987",
    "name": "domexception",
    "type": "dependencies",
    "version": "^4.0.0",
  },
  Dependency {
    "cid": [],
    "id": "3a459416-6594-4cf8-bd78-c548522037b8",
    "name": "form-data",
    "type": "dependencies",
    "version": "^4.0.0",
  },
  Dependency {
    "cid": [],
    "id": "2ef80a22-7a8a-435c-aa3c-3f918ea0bc01",
    "name": "html-encoding-sniffer",
    "type": "dependencies",
    "version": "^3.0.0",
  },
  Dependency {
    "cid": [],
    "id": "449402bf-a983-4570-8846-1a269af72cee",
    "name": "http-proxy-agent",
    "type": "dependencies",
    "version": "^5.0.0",
  },
  Dependency {
    "cid": [],
    "id": "285b219f-6b2f-4c29-87a8-90b4d2d05541",
    "name": "https-proxy-agent",
    "type": "dependencies",
    "version": "^5.0.1",
  },
  Dependency {
    "cid": [],
    "id": "6fad5326-fa9e-433a-9160-a74157d4aed4",
    "name": "is-potential-custom-element-name",
    "type": "dependencies",
    "version": "^1.0.1",
  },
  Dependency {
    "cid": [],
    "id": "4523ac85-64b3-4a37-9455-434a884e1e94",
    "name": "nwsapi",
    "type": "dependencies",
    "version": "^2.2.4",
  },
  Dependency {
    "cid": [],
    "id": "409608bc-be81-4e3d-8916-64588b879797",
    "name": "parse5",
    "type": "dependencies",
    "version": "^7.1.2",
  },
  Dependency {
    "cid": [],
    "id": "997056c8-11d8-4460-bbd2-7751e9c04966",
    "name": "rrweb-cssom",
    "type": "dependencies",
    "version": "^0.6.0",
  },
  Dependency {
    "cid": [],
    "id": "92897d81-5ac2-4a78-bbda-374b79015ca4",
    "name": "saxes",
    "type": "dependencies",
    "version": "^6.0.0",
  },
  Dependency {
    "cid": [],
    "id": "17ba2623-baa9-4d64-9344-0326c293060a",
    "name": "symbol-tree",
    "type": "dependencies",
    "version": "^3.2.4",
  },
  Dependency {
    "cid": [],
    "id": "d4d01d70-ffae-4701-b6d8-62dae90d9ec1",
    "name": "tough-cookie",
    "type": "dependencies",
    "version": "^4.1.2",
  },
  Dependency {
    "cid": [],
    "id": "1f115215-eb60-42c4-9876-e04067715768",
    "name": "w3c-xmlserializer",
    "type": "dependencies",
    "version": "^4.0.0",
  },
  Dependency {
    "cid": [],
    "id": "00e9a65e-f1f2-40ce-b88a-afcd5d09b4df",
    "name": "webidl-conversions",
    "type": "dependencies",
    "version": "^7.0.0",
  },
  Dependency {
    "cid": [],
    "id": "99e0080c-02bf-4de5-adbf-8753746aab45",
    "name": "whatwg-encoding",
    "type": "dependencies",
    "version": "^2.0.0",
  },
  Dependency {
    "cid": [],
    "id": "f1a32412-6a71-428e-9926-3269dfe844cb",
    "name": "whatwg-mimetype",
    "type": "dependencies",
    "version": "^3.0.0",
  },
  Dependency {
    "cid": [],
    "id": "acaaaff8-12e0-4de2-97c6-4d8baac2d9be",
    "name": "whatwg-url",
    "type": "dependencies",
    "version": "^12.0.1",
  },
  Dependency {
    "cid": [],
    "id": "00e4fa7e-ed5a-43e5-8fc6-9df895159a5b",
    "name": "ws",
    "type": "dependencies",
    "version": "^8.13.0",
  },
  Dependency {
    "cid": [],
    "id": "970cf3fc-1257-4a24-b901-6d58bb6321e1",
    "name": "xml-name-validator",
    "type": "dependencies",
    "version": "^4.0.0",
  },
  Dependency {
    "cid": [],
    "id": "f07502dc-85c6-431a-ae08-454f9447a9dc",
    "name": "@domenic/eslint-config",
    "type": "devDependencies",
    "version": "^3.0.0",
  },
  Dependency {
    "cid": [],
    "id": "3faa103b-d6b8-4838-b3c0-6629a37be6e5",
    "name": "benchmark",
    "type": "devDependencies",
    "version": "^2.1.4",
  },
  Dependency {
    "cid": [],
    "id": "655714af-f726-4a46-bb12-42363dd15f83",
    "name": "chai",
    "type": "devDependencies",
    "version": "^4.3.7",
  },
  Dependency {
    "cid": [],
    "id": "5e7f31da-f74b-4620-bee4-c9333835a9ee",
    "name": "eslint",
    "type": "devDependencies",
    "version": "^8.39.0",
  },
  Dependency {
    "cid": [],
    "id": "1ea932c5-965a-4383-867b-c1789c8428b2",
    "name": "eslint-plugin-html",
    "type": "devDependencies",
    "version": "^7.1.0",
  },
  Dependency {
    "cid": [],
    "id": "48ad4aa8-9a0b-445e-ab4f-b79654895ab9",
    "name": "eslint-plugin-jsdom-internal",
    "type": "devDependencies",
    "version": "link:./scripts/eslint-plugin",
  },
  Dependency {
    "cid": [],
    "id": "88c36f0d-8b9b-460f-8e21-d9f7516b1bf2",
    "name": "js-yaml",
    "type": "devDependencies",
    "version": "^4.1.0",
  },
  Dependency {
    "cid": [],
    "id": "2bb9cd34-fb11-4600-887f-504a316324af",
    "name": "minimatch",
    "type": "devDependencies",
    "version": "^9.0.0",
  },
  Dependency {
    "cid": [],
    "id": "315c356e-d35c-4f63-8da4-4ba45cb83587",
    "name": "mocha",
    "type": "devDependencies",
    "version": "^10.2.0",
  },
  Dependency {
    "cid": [],
    "id": "9262980f-e135-4b07-9e3a-11ce18fd9135",
    "name": "mocha-sugar-free",
    "type": "devDependencies",
    "version": "^1.4.0",
  },
  Dependency {
    "cid": [],
    "id": "13ff34fa-baa0-4ba6-8e39-652f175d4e61",
    "name": "pngjs",
    "type": "devDependencies",
    "version": "^7.0.0",
  },
  Dependency {
    "cid": [],
    "id": "bd15efa8-181f-4a74-80b8-22f9b1525c7f",
    "name": "server-destroy",
    "type": "devDependencies",
    "version": "^1.0.1",
  },
  Dependency {
    "cid": [],
    "id": "1359da45-2797-4b85-b771-147508e4f9c2",
    "name": "webidl2js",
    "type": "devDependencies",
    "version": "^17.1.0",
  },
  Dependency {
    "cid": [],
    "id": "0af8f197-490c-4740-9157-e9b083b8ad6a",
    "name": "yargs",
    "type": "devDependencies",
    "version": "^17.7.2",
  },
  Dependency {
    "cid": [],
    "id": "aeb0ae12-6e89-4324-9391-7b853da3fdad",
    "name": "is-wsl",
    "type": "dependencies",
    "version": "^1.1.0",
  },
  Dependency {
    "cid": [],
    "id": "db16f948-3d82-44d8-9bf3-1cef36a8d6be",
    "name": "ava",
    "type": "devDependencies",
    "version": "^1.4.0",
  },
  Dependency {
    "cid": [],
    "id": "e2fbaa4a-aa39-40db-acc7-e82b464211a2",
    "name": "xo",
    "type": "devDependencies",
    "version": "^0.24.0",
  },
  Dependency {
    "cid": [],
    "id": "8432920b-0b58-41c5-88e2-82c3524ed38d",
    "name": "process",
    "type": "dependencies",
    "version": "^0.11.1",
  },
  Dependency {
    "cid": [],
    "id": "4b479a4e-9884-43fc-b582-45d837cfbd76",
    "name": "util",
    "type": "dependencies",
    "version": "^0.10.3",
  },
  Dependency {
    "cid": [],
    "id": "29e6f458-35e2-489f-adc7-703310580abe",
    "name": "@esfx/canceltoken",
    "type": "devDependencies",
    "version": "^1.0.0",
  },
  Dependency {
    "cid": [],
    "id": "341961fb-2a27-4a70-ab44-a75dd14a914b",
    "name": "@octokit/rest",
    "type": "devDependencies",
    "version": "latest",
  },
  Dependency {
    "cid": [],
    "id": "1df97f20-ecce-4664-b73d-4e7f255e95e5",
    "name": "@typescript-eslint/eslint-plugin",
    "type": "devDependencies",
    "version": "^5.33.1",
  },
  Dependency {
    "cid": [],
    "id": "8af1a08f-0830-4d30-bd65-17936e566ce8",
    "name": "@typescript-eslint/parser",
    "type": "devDependencies",
    "version": "^5.33.1",
  },
  Dependency {
    "cid": [],
    "id": "bd0b6d30-7014-459b-9516-639afac0abf5",
    "name": "@typescript-eslint/utils",
    "type": "devDependencies",
    "version": "^5.33.1",
  },
  Dependency {
    "cid": [],
    "id": "f0be2f2f-247f-438e-b99b-7b20b25e126d",
    "name": "azure-devops-node-api",
    "type": "devDependencies",
    "version": "^11.2.0",
  },
  Dependency {
    "cid": [],
    "id": "75b859e9-9e73-419b-91eb-a89c32b6ea28",
    "name": "chai",
    "type": "devDependencies",
    "version": "^4.3.7",
  },
  Dependency {
    "cid": [],
    "id": "e4f9aba6-8cf7-4ea7-9f05-1897a0862f92",
    "name": "chalk",
    "type": "devDependencies",
    "version": "^4.1.2",
  },
  Dependency {
    "cid": [],
    "id": "2beb1512-9c3d-40da-8088-73a8d9369bb0",
    "name": "chokidar",
    "type": "devDependencies",
    "version": "^3.5.3",
  },
  Dependency {
    "cid": [],
    "id": "163eba6e-2faf-4cef-872a-b84e00e51be2",
    "name": "del",
    "type": "devDependencies",
    "version": "^6.1.1",
  },
  Dependency {
    "cid": [],
    "id": "d559f1d6-f1dd-46e7-9fec-d3fc400a2a84",
    "name": "diff",
    "type": "devDependencies",
    "version": "^5.1.0",
  },
  Dependency {
    "cid": [],
    "id": "949f61b0-6dbe-41db-8020-cfd9508be28e",
    "name": "esbuild",
    "type": "devDependencies",
    "version": "^0.17.2",
  },
  Dependency {
    "cid": [],
    "id": "9aa4f4c2-4d1a-43f3-9b0e-263f81f958ca",
    "name": "eslint",
    "type": "devDependencies",
    "version": "^8.22.0",
  },
  Dependency {
    "cid": [],
    "id": "f3ba0384-0f42-4226-b5e3-67f206410041",
    "name": "eslint-formatter-autolinkable-stylish",
    "type": "devDependencies",
    "version": "^1.2.0",
  },
  Dependency {
    "cid": [],
    "id": "145665c2-3caf-49b5-a113-9240d44688ff",
    "name": "eslint-plugin-import",
    "type": "devDependencies",
    "version": "^2.26.0",
  },
  Dependency {
    "cid": [],
    "id": "c51270a7-d1c9-4e89-a4d3-a489197b8f4d",
    "name": "eslint-plugin-local",
    "type": "devDependencies",
    "version": "^1.0.0",
  },
  Dependency {
    "cid": [],
    "id": "f2c93b0e-ea32-48b8-b840-b2a507eae605",
    "name": "eslint-plugin-no-null",
    "type": "devDependencies",
    "version": "^1.0.2",
  },
  Dependency {
    "cid": [],
    "id": "64a6eedb-458f-4279-bdcb-f2bf5384e52d",
    "name": "eslint-plugin-simple-import-sort",
    "type": "devDependencies",
    "version": "^10.0.0",
  },
  Dependency {
    "cid": [],
    "id": "67ea3bc6-1584-455e-805d-0a33db81e57c",
    "name": "fast-xml-parser",
    "type": "devDependencies",
    "version": "^4.0.11",
  },
  Dependency {
    "cid": [],
    "id": "53477dac-2a8d-42ad-b426-246d102ceb11",
    "name": "fs-extra",
    "type": "devDependencies",
    "version": "^9.1.0",
  },
  Dependency {
    "cid": [],
    "id": "f0c09af4-e175-4a95-929f-d56e4057a0a8",
    "name": "glob",
    "type": "devDependencies",
    "version": "^8.1.0",
  },
  Dependency {
    "cid": [],
    "id": "076982cc-36be-4b67-8b63-190343d9dd1a",
    "name": "hereby",
    "type": "devDependencies",
    "version": "^1.6.4",
  },
  Dependency {
    "cid": [],
    "id": "5c4ad01c-53b0-4588-b213-f66128b7a761",
    "name": "jsonc-parser",
    "type": "devDependencies",
    "version": "^3.2.0",
  },
  Dependency {
    "cid": [],
    "id": "eaf14426-4920-4613-88b6-f04e99255ece",
    "name": "minimist",
    "type": "devDependencies",
    "version": "^1.2.8",
  },
  Dependency {
    "cid": [],
    "id": "8b5ea0b6-163a-4550-a00b-8a84d6500609",
    "name": "mocha",
    "type": "devDependencies",
    "version": "^10.2.0",
  },
  Dependency {
    "cid": [],
    "id": "35d751ef-c2bc-4102-9296-e39dded6f922",
    "name": "mocha-fivemat-progress-reporter",
    "type": "devDependencies",
    "version": "^0.1.0",
  },
  Dependency {
    "cid": [],
    "id": "7768c710-a0a4-4aec-8e72-5c38ab8183ac",
    "name": "ms",
    "type": "devDependencies",
    "version": "^2.1.3",
  },
  Dependency {
    "cid": [],
    "id": "20aca5a0-8058-44cb-a395-f34f2948b3a8",
    "name": "node-fetch",
    "type": "devDependencies",
    "version": "^3.2.10",
  },
  Dependency {
    "cid": [],
    "id": "00a21ca3-e163-4dd8-97f1-97e7d22f96cc",
    "name": "source-map-support",
    "type": "devDependencies",
    "version": "^0.5.21",
  },
  Dependency {
    "cid": [],
    "id": "3b53cf49-449f-42a1-a3f1-1b3bcd747d37",
    "name": "typescript",
    "type": "devDependencies",
    "version": "5.0.0-dev.20230112",
  },
  Dependency {
    "cid": [],
    "id": "ff204341-07af-452b-a4e3-9ff0b3f64724",
    "name": "which",
    "type": "devDependencies",
    "version": "^2.0.2",
  },
  Dependency {
    "cid": [],
    "id": "538fa404-cc5f-4406-abfb-3fdaac7e6b84",
    "name": "esbuild",
    "type": "dependencies",
    "version": "^0.18.10",
  },
  Dependency {
    "cid": [],
    "id": "572b7284-bf1e-4fc9-a78c-23ad7347f137",
    "name": "postcss",
    "type": "dependencies",
    "version": "^8.4.26",
  },
  Dependency {
    "cid": [],
    "id": "b949757f-7598-4cea-a065-6e1c9f1c2911",
    "name": "rollup",
    "type": "dependencies",
    "version": "^3.25.2",
  },
  Dependency {
    "cid": [],
    "id": "8132a4dd-bcd6-40f9-a983-8cfe2ae176c3",
    "name": "@ampproject/remapping",
    "type": "devDependencies",
    "version": "^2.2.1",
  },
  Dependency {
    "cid": [],
    "id": "bea21233-c83d-46de-be64-3799a07ab92b",
    "name": "@babel/parser",
    "type": "devDependencies",
    "version": "^7.22.7",
  },
  Dependency {
    "cid": [],
    "id": "e583d432-9dc6-4b91-859a-4edb64e7a90c",
    "name": "@babel/types",
    "type": "devDependencies",
    "version": "^7.22.5",
  },
  Dependency {
    "cid": [],
    "id": "dcea1871-2b93-484f-8b38-ef7e6aaab35f",
    "name": "@jridgewell/trace-mapping",
    "type": "devDependencies",
    "version": "^0.3.18",
  },
  Dependency {
    "cid": [],
    "id": "7dce4470-11d5-41a0-8cd4-936accf373ac",
    "name": "@rollup/plugin-alias",
    "type": "devDependencies",
    "version": "^4.0.4",
  },
  Dependency {
    "cid": [],
    "id": "1891539a-b3fe-4812-9948-60889ba9be5c",
    "name": "@rollup/plugin-commonjs",
    "type": "devDependencies",
    "version": "^25.0.3",
  },
  Dependency {
    "cid": [],
    "id": "c99032f8-dbc1-4150-ac70-d7b9d0ad9147",
    "name": "@rollup/plugin-dynamic-import-vars",
    "type": "devDependencies",
    "version": "^2.0.4",
  },
  Dependency {
    "cid": [],
    "id": "3a13710f-dbe2-4f51-9f6e-59b741fc7c6a",
    "name": "@rollup/plugin-json",
    "type": "devDependencies",
    "version": "^6.0.0",
  },
  Dependency {
    "cid": [],
    "id": "8912818a-f712-49a2-abe2-d25b78e4041b",
    "name": "@rollup/plugin-node-resolve",
    "type": "devDependencies",
    "version": "15.1.0",
  },
  Dependency {
    "cid": [],
    "id": "a527038c-2348-4b69-b62e-62872bd6223f",
    "name": "@rollup/plugin-typescript",
    "type": "devDependencies",
    "version": "^11.1.2",
  },
  Dependency {
    "cid": [],
    "id": "80939b5e-b207-42d7-8ff0-2cfe09000f04",
    "name": "@rollup/pluginutils",
    "type": "devDependencies",
    "version": "^5.0.2",
  },
  Dependency {
    "cid": [],
    "id": "f67ac119-6147-48b8-8c27-03912e6e0bc5",
    "name": "acorn",
    "type": "devDependencies",
    "version": "^8.10.0",
  },
  Dependency {
    "cid": [],
    "id": "fad15213-08a0-4d1e-ae53-7628f5a96b79",
    "name": "acorn-walk",
    "type": "devDependencies",
    "version": "^8.2.0",
  },
  Dependency {
    "cid": [],
    "id": "5496ee08-d46b-4821-969a-bd4fcb63609f",
    "name": "cac",
    "type": "devDependencies",
    "version": "^6.7.14",
  },
  Dependency {
    "cid": [],
    "id": "c81fb01a-7f0b-46ba-8b87-dba284cad4bc",
    "name": "chokidar",
    "type": "devDependencies",
    "version": "^3.5.3",
  },
  Dependency {
    "cid": [],
    "id": "fda6e213-5e42-4f3b-82ac-c26fcd449a96",
    "name": "connect",
    "type": "devDependencies",
    "version": "^3.7.0",
  },
  Dependency {
    "cid": [],
    "id": "c2a8cc25-e8c6-4428-a7a7-3dd27131866a",
    "name": "connect-history-api-fallback",
    "type": "devDependencies",
    "version": "^2.0.0",
  },
  Dependency {
    "cid": [],
    "id": "88af6488-222e-40df-b463-eb5e051d6fd2",
    "name": "convert-source-map",
    "type": "devDependencies",
    "version": "^2.0.0",
  },
  Dependency {
    "cid": [],
    "id": "3f29a807-eaa6-44b4-bc4c-7678a0bd9d69",
    "name": "cors",
    "type": "devDependencies",
    "version": "^2.8.5",
  },
  Dependency {
    "cid": [],
    "id": "2869381f-97c7-4754-930e-77197eccd3ac",
    "name": "cross-spawn",
    "type": "devDependencies",
    "version": "^7.0.3",
  },
  Dependency {
    "cid": [],
    "id": "04eaf729-ed27-401d-ab59-010494f7fa11",
    "name": "debug",
    "type": "devDependencies",
    "version": "^4.3.4",
  },
  Dependency {
    "cid": [],
    "id": "aa59dfd5-c7cb-4fad-a90a-60e3ed6cd07b",
    "name": "dep-types",
    "type": "devDependencies",
    "version": "link:./src/types",
  },
  Dependency {
    "cid": [],
    "id": "c2b42e03-e927-47f6-860d-acedbe467c22",
    "name": "dotenv",
    "type": "devDependencies",
    "version": "^16.3.1",
  },
  Dependency {
    "cid": [],
    "id": "77c147b7-044a-437d-8702-a3d8262c1bce",
    "name": "dotenv-expand",
    "type": "devDependencies",
    "version": "^9.0.0",
  },
  Dependency {
    "cid": [],
    "id": "eaf46191-892f-46ff-bd11-99b3ed2a883c",
    "name": "es-module-lexer",
    "type": "devDependencies",
    "version": "^1.3.0",
  },
  Dependency {
    "cid": [],
    "id": "e4ba899c-80fa-4a82-ab16-aa1ec08e6d8a",
    "name": "escape-html",
    "type": "devDependencies",
    "version": "^1.0.3",
  },
  Dependency {
    "cid": [],
    "id": "c910a9aa-8a0e-45f0-b332-c51515dafe95",
    "name": "estree-walker",
    "type": "devDependencies",
    "version": "^3.0.3",
  },
  Dependency {
    "cid": [],
    "id": "e15b67cc-3ac9-4c97-b68b-b411d9c42411",
    "name": "etag",
    "type": "devDependencies",
    "version": "^1.8.1",
  },
  Dependency {
    "cid": [],
    "id": "45dc8c14-9a5b-43f1-9baf-5077dd158c90",
    "name": "fast-glob",
    "type": "devDependencies",
    "version": "^3.3.0",
  },
  Dependency {
    "cid": [],
    "id": "2fa8ce9e-fccb-41ae-b8d9-42026e4acdd0",
    "name": "http-proxy",
    "type": "devDependencies",
    "version": "^1.18.1",
  },
  Dependency {
    "cid": [],
    "id": "8d9088c8-8353-404e-a0d7-73f2f5e072ff",
    "name": "json-stable-stringify",
    "type": "devDependencies",
    "version": "^1.0.2",
  },
  Dependency {
    "cid": [],
    "id": "dfd546f1-e2a4-4123-8cdc-f2488a792354",
    "name": "launch-editor-middleware",
    "type": "devDependencies",
    "version": "^2.6.0",
  },
  Dependency {
    "cid": [],
    "id": "be2556d1-890e-4a85-ad93-ded9128421c9",
    "name": "lightningcss",
    "type": "devDependencies",
    "version": "^1.21.5",
  },
  Dependency {
    "cid": [],
    "id": "966a5af2-8e2f-47da-8b58-f35f9da77445",
    "name": "magic-string",
    "type": "devDependencies",
    "version": "^0.30.1",
  },
  Dependency {
    "cid": [],
    "id": "810ca8a2-9a3a-469b-a5eb-2df48b6ba62e",
    "name": "micromatch",
    "type": "devDependencies",
    "version": "^4.0.5",
  },
  Dependency {
    "cid": [],
    "id": "b45f9cb6-7fa1-44ab-b95e-f3f87b0dc0cd",
    "name": "mlly",
    "type": "devDependencies",
    "version": "^1.4.0",
  },
  Dependency {
    "cid": [],
    "id": "fc1918e1-a024-4253-b1e0-785ed2c5ed10",
    "name": "mrmime",
    "type": "devDependencies",
    "version": "^1.0.1",
  },
  Dependency {
    "cid": [],
    "id": "88b377c2-d11c-4f21-8e54-78806d0b5272",
    "name": "okie",
    "type": "devDependencies",
    "version": "^1.0.1",
  },
  Dependency {
    "cid": [],
    "id": "dd2d9e32-cf26-4059-8428-09071494482c",
    "name": "open",
    "type": "devDependencies",
    "version": "^8.4.2",
  },
  Dependency {
    "cid": [],
    "id": "c7c7c31c-830b-4242-a318-04c3f69f5c6b",
    "name": "parse5",
    "type": "devDependencies",
    "version": "^7.1.2",
  },
  Dependency {
    "cid": [],
    "id": "ed2fcbef-8546-4ccd-9e92-f4d5cc1d2aa6",
    "name": "periscopic",
    "type": "devDependencies",
    "version": "^3.1.0",
  },
  Dependency {
    "cid": [],
    "id": "313e5d5a-9f80-48f8-8973-22ab164d8221",
    "name": "picocolors",
    "type": "devDependencies",
    "version": "^1.0.0",
  },
  Dependency {
    "cid": [],
    "id": "d5c2c2df-9c63-4334-b288-05a7dd4e7b60",
    "name": "picomatch",
    "type": "devDependencies",
    "version": "^2.3.1",
  },
  Dependency {
    "cid": [],
    "id": "5206ca63-087b-44a1-9414-1c26fc47378b",
    "name": "postcss-import",
    "type": "devDependencies",
    "version": "^15.1.0",
  },
  Dependency {
    "cid": [],
    "id": "1737d254-6a01-4617-b7e7-fc1551141fc6",
    "name": "postcss-load-config",
    "type": "devDependencies",
    "version": "^4.0.1",
  },
  Dependency {
    "cid": [],
    "id": "06f6226c-06e2-412b-be1a-14d63f60071f",
    "name": "postcss-modules",
    "type": "devDependencies",
    "version": "^6.0.0",
  },
  Dependency {
    "cid": [],
    "id": "6958fcf2-a5cd-40a2-960e-52d38542a4f3",
    "name": "resolve.exports",
    "type": "devDependencies",
    "version": "^2.0.2",
  },
  Dependency {
    "cid": [],
    "id": "798dcfb0-d606-4e3e-8e68-5bfb24ec5989",
    "name": "rollup-plugin-license",
    "type": "devDependencies",
    "version": "^3.0.1",
  },
  Dependency {
    "cid": [],
    "id": "803d58bc-7ae5-4992-8306-cf5f8bea2c31",
    "name": "sirv",
    "type": "devDependencies",
    "version": "^2.0.3",
  },
  Dependency {
    "cid": [],
    "id": "51e8688c-cd83-4368-ae19-b28037aaec06",
    "name": "source-map-support",
    "type": "devDependencies",
    "version": "^0.5.21",
  },
  Dependency {
    "cid": [],
    "id": "245e2957-402d-4496-a713-5a03212f1d9a",
    "name": "strip-ansi",
    "type": "devDependencies",
    "version": "^7.1.0",
  },
  Dependency {
    "cid": [],
    "id": "cb0a6f2e-dfa5-46dc-8877-c68100170c14",
    "name": "strip-literal",
    "type": "devDependencies",
    "version": "^1.0.1",
  },
  Dependency {
    "cid": [],
    "id": "eabd55d0-cbae-4e18-ae34-31aa99f8abe9",
    "name": "tsconfck",
    "type": "devDependencies",
    "version": "^2.1.2",
  },
  Dependency {
    "cid": [],
    "id": "8883a8f5-5e83-4092-87f3-e362b7774f3b",
    "name": "tslib",
    "type": "devDependencies",
    "version": "^2.6.0",
  },
  Dependency {
    "cid": [],
    "id": "6228007a-6ac7-41aa-94d1-f1ecc6e1bdbf",
    "name": "types",
    "type": "devDependencies",
    "version": "link:./types",
  },
  Dependency {
    "cid": [],
    "id": "2e5f9ef1-356b-409f-8168-4efd1283ec98",
    "name": "ufo",
    "type": "devDependencies",
    "version": "^1.1.2",
  },
  Dependency {
    "cid": [],
    "id": "a0687485-3450-4b87-b5e4-84790349636d",
    "name": "ws",
    "type": "devDependencies",
    "version": "^8.13.0",
  },
  Dependency {
    "cid": [],
    "id": "09584899-d6c4-4bce-b165-b1789f2a8a49",
    "name": "acorn",
    "type": "dependencies",
    "version": "^8.9.0",
  },
  Dependency {
    "cid": [],
    "id": "15091c27-e0da-4929-8fc8-6bc58a35c6d5",
    "name": "acorn-walk",
    "type": "dependencies",
    "version": "^8.2.0",
  },
  Dependency {
    "cid": [],
    "id": "7c285213-876d-4766-ae19-eaacc79db70b",
    "name": "cac",
    "type": "dependencies",
    "version": "^6.7.14",
  },
  Dependency {
    "cid": [],
    "id": "c0223949-1247-4877-b823-0c33e1c948c5",
    "name": "chai",
    "type": "dependencies",
    "version": "^4.3.7",
  },
  Dependency {
    "cid": [],
    "id": "8c55543a-1bce-418b-805c-65160942501c",
    "name": "debug",
    "type": "dependencies",
    "version": "^4.3.4",
  },
  Dependency {
    "cid": [],
    "id": "ddf35df1-7cf3-4a9f-b269-c274dea8f048",
    "name": "local-pkg",
    "type": "dependencies",
    "version": "^0.4.3",
  },
  Dependency {
    "cid": [],
    "id": "e91cc60f-8722-43f8-a6d5-19924dc511ab",
    "name": "magic-string",
    "type": "dependencies",
    "version": "^0.30.1",
  },
  Dependency {
    "cid": [],
    "id": "0f800ee7-aee1-4e2d-a841-86d555ecc37b",
    "name": "pathe",
    "type": "dependencies",
    "version": "^1.1.1",
  },
  Dependency {
    "cid": [],
    "id": "8011d721-4adc-4405-a86a-6dabb2bbea15",
    "name": "picocolors",
    "type": "dependencies",
    "version": "^1.0.0",
  },
  Dependency {
    "cid": [],
    "id": "42caf1b4-f33f-4da8-98d0-ea01a40b4af3",
    "name": "std-env",
    "type": "dependencies",
    "version": "^3.3.3",
  },
  Dependency {
    "cid": [],
    "id": "0fe5f769-50ab-48be-935e-79ec7a5c899d",
    "name": "strip-literal",
    "type": "dependencies",
    "version": "^1.0.1",
  },
  Dependency {
    "cid": [],
    "id": "72a28e09-926a-4e50-b40c-0e0afc10fd7e",
    "name": "tinybench",
    "type": "dependencies",
    "version": "^2.5.0",
  },
  Dependency {
    "cid": [],
    "id": "37550284-26db-47e1-b4d1-653f66b47530",
    "name": "tinypool",
    "type": "dependencies",
    "version": "^0.7.0",
  },
  Dependency {
    "cid": [],
    "id": "aa392c82-3273-4d92-b93d-26a3450e2544",
    "name": "vite",
    "type": "dependencies",
    "version": "^3.0.0 || ^4.0.0",
  },
  Dependency {
    "cid": [],
    "id": "32d4778b-bd66-4521-bdd1-1db37032d9c9",
    "name": "why-is-node-running",
    "type": "dependencies",
    "version": "^2.2.2",
  },
  Dependency {
    "cid": [],
    "id": "ff523f3a-4476-4c33-ad4a-4d93aea3b71a",
    "name": "@vitest/utils",
    "type": "dependencies",
    "version": "0.34.1",
  },
  Dependency {
    "cid": [],
    "id": "e1518a41-fb65-4e69-906d-876b43587104",
    "name": "vite-node",
    "type": "dependencies",
    "version": "0.34.1",
  },
  Dependency {
    "cid": [],
    "id": "7991e030-24c2-4e00-8477-d9ebcf0c31cc",
    "name": "@vitest/runner",
    "type": "dependencies",
    "version": "0.34.1",
  },
  Dependency {
    "cid": [],
    "id": "0eb0b52e-5872-4e58-94aa-1ce5d1cc9c92",
    "name": "@vitest/expect",
    "type": "dependencies",
    "version": "0.34.1",
  },
  Dependency {
    "cid": [],
    "id": "2c4e7254-7c36-4510-b3db-7ca09030b659",
    "name": "@vitest/snapshot",
    "type": "dependencies",
    "version": "0.34.1",
  },
  Dependency {
    "cid": [],
    "id": "655ca821-ba72-4dba-8f97-e1fbed19f2ee",
    "name": "@vitest/spy",
    "type": "dependencies",
    "version": "0.34.1",
  },
  Dependency {
    "cid": [],
    "id": "2fe67a3d-4be1-44a7-99e5-d6563f40be5b",
    "name": "@ampproject/remapping",
    "type": "devDependencies",
    "version": "^2.2.1",
  },
  Dependency {
    "cid": [],
    "id": "b60dd5b9-12cf-4c7e-acc8-de20abcf52e8",
    "name": "@antfu/install-pkg",
    "type": "devDependencies",
    "version": "^0.1.1",
  },
  Dependency {
    "cid": [],
    "id": "948a2ebb-01de-46b9-83e5-3b8f9ec51266",
    "name": "@edge-runtime/vm",
    "type": "devDependencies",
    "version": "3.0.3",
  },
  Dependency {
    "cid": [],
    "id": "ef32db78-a787-4433-95ac-c316780b446f",
    "name": "@sinonjs/fake-timers",
    "type": "devDependencies",
    "version": "^11.0.0",
  },
  Dependency {
    "cid": [],
    "id": "98f4fb4e-9882-4fee-9af7-fe199dbf753e",
    "name": "birpc",
    "type": "devDependencies",
    "version": "0.2.12",
  },
  Dependency {
    "cid": [],
    "id": "748ea383-5e92-49d3-88ec-0ec2ab252c17",
    "name": "chai-subset",
    "type": "devDependencies",
    "version": "^1.6.0",
  },
  Dependency {
    "cid": [],
    "id": "f14f6e7d-6d53-4879-8d24-a2132fd7c0d5",
    "name": "cli-truncate",
    "type": "devDependencies",
    "version": "^3.1.0",
  },
  Dependency {
    "cid": [],
    "id": "f59c5057-db0e-4c84-9c37-6b8fe1582568",
    "name": "event-target-polyfill",
    "type": "devDependencies",
    "version": "^0.0.3",
  },
  Dependency {
    "cid": [],
    "id": "e63a1beb-fe40-4504-a963-a157286f2347",
    "name": "execa",
    "type": "devDependencies",
    "version": "^7.1.1",
  },
  Dependency {
    "cid": [],
    "id": "8e026f33-f606-4178-9869-66a0553d3016",
    "name": "expect-type",
    "type": "devDependencies",
    "version": "^0.16.0",
  },
  Dependency {
    "cid": [],
    "id": "d23434e9-4483-4d5b-82e5-631ffa3b561c",
    "name": "fast-glob",
    "type": "devDependencies",
    "version": "^3.3.0",
  },
  Dependency {
    "cid": [],
    "id": "41b1696c-c41f-4c35-9f6a-686e894e55cb",
    "name": "find-up",
    "type": "devDependencies",
    "version": "^6.3.0",
  },
  Dependency {
    "cid": [],
    "id": "c4ab44cc-01b0-47c1-ad0c-7a41d6dc8835",
    "name": "flatted",
    "type": "devDependencies",
    "version": "^3.2.7",
  },
  Dependency {
    "cid": [],
    "id": "1b24dd76-15e6-4c98-b594-3cf41e31a101",
    "name": "get-tsconfig",
    "type": "devDependencies",
    "version": "^4.6.2",
  },
  Dependency {
    "cid": [],
    "id": "39444c26-eacf-450f-a19d-920ec552d141",
    "name": "happy-dom",
    "type": "devDependencies",
    "version": "^9.20.3",
  },
  Dependency {
    "cid": [],
    "id": "81cf1ac3-bcc8-43f3-ac4e-803f6b1b9903",
    "name": "jsdom",
    "type": "devDependencies",
    "version": "^22.1.0",
  },
  Dependency {
    "cid": [],
    "id": "23dc07f3-76d4-485b-b3ad-05d4159183df",
    "name": "log-update",
    "type": "devDependencies",
    "version": "^5.0.1",
  },
  Dependency {
    "cid": [],
    "id": "662b40e8-d1e3-4a10-979e-ad4fb2fda9e3",
    "name": "micromatch",
    "type": "devDependencies",
    "version": "^4.0.5",
  },
  Dependency {
    "cid": [],
    "id": "cc31b151-c05f-4519-8162-19e5c8e2b75d",
    "name": "mlly",
    "type": "devDependencies",
    "version": "^1.4.0",
  },
  Dependency {
    "cid": [],
    "id": "58a52e52-9df7-4f84-86ce-b5e5f8e92faf",
    "name": "p-limit",
    "type": "devDependencies",
    "version": "^4.0.0",
  },
  Dependency {
    "cid": [],
    "id": "6bd65722-91ae-43d8-80d1-27c49b311858",
    "name": "pkg-types",
    "type": "devDependencies",
    "version": "^1.0.3",
  },
  Dependency {
    "cid": [],
    "id": "5590e289-cc14-4c2e-a689-b33b5c3b3320",
    "name": "playwright",
    "type": "devDependencies",
    "version": "^1.35.1",
  },
  Dependency {
    "cid": [],
    "id": "1f8a6468-f1cf-47cb-8439-a6b425b89172",
    "name": "pretty-format",
    "type": "devDependencies",
    "version": "^29.5.0",
  },
  Dependency {
    "cid": [],
    "id": "5e103496-cc9f-48c0-8a56-64d20628ecad",
    "name": "prompts",
    "type": "devDependencies",
    "version": "^2.4.2",
  },
  Dependency {
    "cid": [],
    "id": "9e283377-92c7-499d-b68c-521d75a2db8c",
    "name": "safaridriver",
    "type": "devDependencies",
    "version": "^0.0.5",
  },
  Dependency {
    "cid": [],
    "id": "ad49f6cb-02be-4e12-9297-c8ab809b26f6",
    "name": "strip-ansi",
    "type": "devDependencies",
    "version": "^7.1.0",
  },
  Dependency {
    "cid": [],
    "id": "1186284d-4e4b-4490-8c77-76d3608a77e8",
    "name": "webdriverio",
    "type": "devDependencies",
    "version": "^8.11.2",
  },
  Dependency {
    "cid": [],
    "id": "7e9a7003-9f70-44c5-9206-57568e59a937",
    "name": "ws",
    "type": "devDependencies",
    "version": "^8.13.0",
  },
}
`;
